2026-02-08T13:49:49.2929436Z Current runner version: '2.331.0'
2026-02-08T13:49:49.2967536Z ##[group]Runner Image Provisioner
2026-02-08T13:49:49.2968757Z Hosted Compute Agent
2026-02-08T13:49:49.2969712Z Version: 20260123.484
2026-02-08T13:49:49.2970929Z Commit: 6bd6555ca37d84114959e1c76d2c01448ff61c5d
2026-02-08T13:49:49.2972097Z Build Date: 2026-01-23T19:41:17Z
2026-02-08T13:49:49.2973401Z Worker ID: {5cd8e878-7d03-4e87-ac11-439020802693}
2026-02-08T13:49:49.2974624Z Azure Region: eastus
2026-02-08T13:49:49.2975561Z ##[endgroup]
2026-02-08T13:49:49.2978439Z ##[group]Operating System
2026-02-08T13:49:49.2979601Z Ubuntu
2026-02-08T13:49:49.2980344Z 24.04.3
2026-02-08T13:49:49.2981347Z LTS
2026-02-08T13:49:49.2982313Z ##[endgroup]
2026-02-08T13:49:49.2983135Z ##[group]Runner Image
2026-02-08T13:49:49.2984199Z Image: ubuntu-24.04
2026-02-08T13:49:49.2985101Z Version: 20260201.15.1
2026-02-08T13:49:49.2987459Z Included Software: https://github.com/actions/runner-images/blob/ubuntu24/20260201.15/images/ubuntu/Ubuntu2404-Readme.md
2026-02-08T13:49:49.2990037Z Image Release: https://github.com/actions/runner-images/releases/tag/ubuntu24%2F20260201.15
2026-02-08T13:49:49.2991707Z ##[endgroup]
2026-02-08T13:49:49.2994138Z ##[group]GITHUB_TOKEN Permissions
2026-02-08T13:49:49.2997840Z Contents: read
2026-02-08T13:49:49.2999021Z Metadata: read
2026-02-08T13:49:49.3000579Z PullRequests: write
2026-02-08T13:49:49.3001587Z ##[endgroup]
2026-02-08T13:49:49.3004839Z Secret source: Actions
2026-02-08T13:49:49.3006632Z Prepare workflow directory
2026-02-08T13:49:49.3623020Z Prepare all required actions
2026-02-08T13:49:49.3681337Z Getting action download info
2026-02-08T13:49:49.5978341Z Download action repository 'actions/checkout@v6' (SHA:de0fac2e4500dabe0009e67214ff5f5447ce83dd)
2026-02-08T13:49:49.7180660Z Download action repository 'xu-cheng/latex-action@v4' (SHA:25080975331dc4fc8e6f1af55788e00f84f51fff)
2026-02-08T13:49:50.0013976Z Download action repository 'actions/upload-artifact@v6' (SHA:b7c566a772e6b6bfb58ed0dc250532a479d7789f)
2026-02-08T13:49:50.2604427Z Complete job name: Compilar documento LaTeX
2026-02-08T13:49:50.3284800Z ##[group]Run actions/checkout@v6
2026-02-08T13:49:50.3285784Z with:
2026-02-08T13:49:50.3286449Z   repository: jmrplens/TFG-TFM_EPS
2026-02-08T13:49:50.3287210Z   token: ***
2026-02-08T13:49:50.3287606Z   ssh-strict: true
2026-02-08T13:49:50.3287995Z   ssh-user: git
2026-02-08T13:49:50.3288391Z   persist-credentials: true
2026-02-08T13:49:50.3288817Z   clean: true
2026-02-08T13:49:50.3289213Z   sparse-checkout-cone-mode: true
2026-02-08T13:49:50.3289675Z   fetch-depth: 1
2026-02-08T13:49:50.3290053Z   fetch-tags: false
2026-02-08T13:49:50.3290434Z   show-progress: true
2026-02-08T13:49:50.3290825Z   lfs: false
2026-02-08T13:49:50.3291174Z   submodules: false
2026-02-08T13:49:50.3291577Z   set-safe-directory: true
2026-02-08T13:49:50.3292291Z env:
2026-02-08T13:49:50.3292660Z   TEXLIVE_VERSION: 2025
2026-02-08T13:49:50.3293060Z ##[endgroup]
2026-02-08T13:49:50.4218550Z Syncing repository: jmrplens/TFG-TFM_EPS
2026-02-08T13:49:50.4220290Z ##[group]Getting Git version info
2026-02-08T13:49:50.4221120Z Working directory is '/home/runner/work/TFG-TFM_EPS/TFG-TFM_EPS'
2026-02-08T13:49:50.4222068Z [command]/usr/bin/git version
2026-02-08T13:49:50.4280949Z git version 2.52.0
2026-02-08T13:49:50.4303789Z ##[endgroup]
2026-02-08T13:49:50.4318404Z Temporarily overriding HOME='/home/runner/work/_temp/0a74ba56-65a0-44a3-bf2a-4ca984996877' before making global git config changes
2026-02-08T13:49:50.4319725Z Adding repository directory to the temporary git global config as a safe directory
2026-02-08T13:49:50.4323649Z [command]/usr/bin/git config --global --add safe.directory /home/runner/work/TFG-TFM_EPS/TFG-TFM_EPS
2026-02-08T13:49:50.4362662Z Deleting the contents of '/home/runner/work/TFG-TFM_EPS/TFG-TFM_EPS'
2026-02-08T13:49:50.4366133Z ##[group]Initializing the repository
2026-02-08T13:49:50.4371100Z [command]/usr/bin/git init /home/runner/work/TFG-TFM_EPS/TFG-TFM_EPS
2026-02-08T13:49:50.4491125Z hint: Using 'master' as the name for the initial branch. This default branch name
2026-02-08T13:49:50.4492708Z hint: will change to "main" in Git 3.0. To configure the initial branch name
2026-02-08T13:49:50.4493945Z hint: to use in all of your new repositories, which will suppress this warning,
2026-02-08T13:49:50.4495150Z hint: call:
2026-02-08T13:49:50.4495514Z hint:
2026-02-08T13:49:50.4496162Z hint: 	git config --global init.defaultBranch <name>
2026-02-08T13:49:50.4497434Z hint:
2026-02-08T13:49:50.4498450Z hint: Names commonly chosen instead of 'master' are 'main', 'trunk' and
2026-02-08T13:49:50.4500077Z hint: 'development'. The just-created branch can be renamed via this command:
2026-02-08T13:49:50.4501371Z hint:
2026-02-08T13:49:50.4502072Z hint: 	git branch -m <name>
2026-02-08T13:49:50.4502782Z hint:
2026-02-08T13:49:50.4503775Z hint: Disable this message with "git config set advice.defaultBranchName false"
2026-02-08T13:49:50.4505492Z Initialized empty Git repository in /home/runner/work/TFG-TFM_EPS/TFG-TFM_EPS/.git/
2026-02-08T13:49:50.4508660Z [command]/usr/bin/git remote add origin https://github.com/jmrplens/TFG-TFM_EPS
2026-02-08T13:49:50.4542865Z ##[endgroup]
2026-02-08T13:49:50.4544029Z ##[group]Disabling automatic garbage collection
2026-02-08T13:49:50.4547173Z [command]/usr/bin/git config --local gc.auto 0
2026-02-08T13:49:50.4574960Z ##[endgroup]
2026-02-08T13:49:50.4575603Z ##[group]Setting up auth
2026-02-08T13:49:50.4576545Z Removing SSH command configuration
2026-02-08T13:49:50.4582883Z [command]/usr/bin/git config --local --name-only --get-regexp core\.sshCommand
2026-02-08T13:49:50.4614142Z [command]/usr/bin/git submodule foreach --recursive sh -c "git config --local --name-only --get-regexp 'core\.sshCommand' && git config --local --unset-all 'core.sshCommand' || :"
2026-02-08T13:49:50.4958350Z Removing HTTP extra header
2026-02-08T13:49:50.4964583Z [command]/usr/bin/git config --local --name-only --get-regexp http\.https\:\/\/github\.com\/\.extraheader
2026-02-08T13:49:50.4998940Z [command]/usr/bin/git submodule foreach --recursive sh -c "git config --local --name-only --get-regexp 'http\.https\:\/\/github\.com\/\.extraheader' && git config --local --unset-all 'http.https://github.com/.extraheader' || :"
2026-02-08T13:49:50.5213609Z Removing includeIf entries pointing to credentials config files
2026-02-08T13:49:50.5220474Z [command]/usr/bin/git config --local --name-only --get-regexp ^includeIf\.gitdir:
2026-02-08T13:49:50.5251528Z [command]/usr/bin/git submodule foreach --recursive git config --local --show-origin --name-only --get-regexp remote.origin.url
2026-02-08T13:49:50.5478632Z [command]/usr/bin/git config --file /home/runner/work/_temp/git-credentials-4133d704-c985-4198-bc92-814bf06e35c7.config http.https://github.com/.extraheader AUTHORIZATION: basic ***
2026-02-08T13:49:50.5515412Z [command]/usr/bin/git config --local includeIf.gitdir:/home/runner/work/TFG-TFM_EPS/TFG-TFM_EPS/.git.path /home/runner/work/_temp/git-credentials-4133d704-c985-4198-bc92-814bf06e35c7.config
2026-02-08T13:49:50.5546462Z [command]/usr/bin/git config --local includeIf.gitdir:/home/runner/work/TFG-TFM_EPS/TFG-TFM_EPS/.git/worktrees/*.path /home/runner/work/_temp/git-credentials-4133d704-c985-4198-bc92-814bf06e35c7.config
2026-02-08T13:49:50.5577636Z [command]/usr/bin/git config --local includeIf.gitdir:/github/workspace/.git.path /github/runner_temp/git-credentials-4133d704-c985-4198-bc92-814bf06e35c7.config
2026-02-08T13:49:50.5610230Z [command]/usr/bin/git config --local includeIf.gitdir:/github/workspace/.git/worktrees/*.path /github/runner_temp/git-credentials-4133d704-c985-4198-bc92-814bf06e35c7.config
2026-02-08T13:49:50.5637153Z ##[endgroup]
2026-02-08T13:49:50.5637839Z ##[group]Fetching the repository
2026-02-08T13:49:50.5647203Z [command]/usr/bin/git -c protocol.version=2 fetch --no-tags --prune --no-recurse-submodules --depth=1 origin +7f3fcac8cfd48867610c7cac22900a3280945619:refs/remotes/origin/improve-ci-workflows
2026-02-08T13:49:51.5982028Z From https://github.com/jmrplens/TFG-TFM_EPS
2026-02-08T13:49:51.5982881Z  * [new ref]         7f3fcac8cfd48867610c7cac22900a3280945619 -> origin/improve-ci-workflows
2026-02-08T13:49:51.6027138Z [command]/usr/bin/git branch --list --remote origin/improve-ci-workflows
2026-02-08T13:49:51.6052399Z   origin/improve-ci-workflows
2026-02-08T13:49:51.6061551Z [command]/usr/bin/git rev-parse refs/remotes/origin/improve-ci-workflows
2026-02-08T13:49:51.6084886Z 7f3fcac8cfd48867610c7cac22900a3280945619
2026-02-08T13:49:51.6090400Z ##[endgroup]
2026-02-08T13:49:51.6091718Z ##[group]Determining the checkout info
2026-02-08T13:49:51.6092812Z ##[endgroup]
2026-02-08T13:49:51.6097048Z [command]/usr/bin/git sparse-checkout disable
2026-02-08T13:49:51.6142616Z [command]/usr/bin/git config --local --unset-all extensions.worktreeConfig
2026-02-08T13:49:51.6169688Z ##[group]Checking out the ref
2026-02-08T13:49:51.6173766Z [command]/usr/bin/git checkout --progress --force -B improve-ci-workflows refs/remotes/origin/improve-ci-workflows
2026-02-08T13:49:51.7752890Z Switched to a new branch 'improve-ci-workflows'
2026-02-08T13:49:51.7754148Z branch 'improve-ci-workflows' set up to track 'origin/improve-ci-workflows'.
2026-02-08T13:49:51.7770878Z ##[endgroup]
2026-02-08T13:49:51.7813297Z [command]/usr/bin/git log -1 --format=%H
2026-02-08T13:49:51.7839729Z 7f3fcac8cfd48867610c7cac22900a3280945619
2026-02-08T13:49:51.8089196Z ##[group]Run xu-cheng/latex-action@v4
2026-02-08T13:49:51.8089561Z with:
2026-02-08T13:49:51.8089766Z   root_file: main.tex
2026-02-08T13:49:51.8090015Z   latexmk_use_lualatex: true
2026-02-08T13:49:51.8090281Z   latexmk_shell_escape: true
2026-02-08T13:49:51.8090524Z   os: debian
2026-02-08T13:49:51.8090747Z   extra_system_packages: python3-pip
2026-02-08T13:49:51.8091120Z   pre_compile: pip install --break-system-packages latexminted
2026-02-08T13:49:51.8091498Z   work_in_root_file_dir: false
2026-02-08T13:49:51.8091762Z   continue_on_error: false
2026-02-08T13:49:51.8092007Z   compiler: latexmk
2026-02-08T13:49:51.8092383Z   args: -pdf -file-line-error -halt-on-error -interaction=nonstopmode
2026-02-08T13:49:51.8092822Z   latexmk_use_xelatex: false
2026-02-08T13:49:51.8093063Z env:
2026-02-08T13:49:51.8093264Z   TEXLIVE_VERSION: 2025
2026-02-08T13:49:51.8093485Z ##[endgroup]
2026-02-08T13:49:51.8178713Z ##[group]Run "${GITHUB_ACTION_PATH}/action.sh"
2026-02-08T13:49:51.8179205Z [36;1m"${GITHUB_ACTION_PATH}/action.sh"[0m
2026-02-08T13:49:51.8216040Z shell: /usr/bin/bash --noprofile --norc -e -o pipefail {0}
2026-02-08T13:49:51.8216649Z env:
2026-02-08T13:49:51.8216874Z   TEXLIVE_VERSION: 2025
2026-02-08T13:49:51.8217120Z   INPUT_TEXLIVE_VERSION: 
2026-02-08T13:49:51.8217365Z   INPUT_OS: debian
2026-02-08T13:49:51.8217580Z   INPUT_DOCKER_IMAGE: 
2026-02-08T13:49:51.8217815Z   INPUT_ROOT_FILE: main.tex
2026-02-08T13:49:51.8218059Z   INPUT_WORKING_DIRECTORY: 
2026-02-08T13:49:51.8218316Z   INPUT_WORK_IN_ROOT_FILE_DIR: false
2026-02-08T13:49:51.8218603Z   INPUT_CONTINUE_ON_ERROR: false
2026-02-08T13:49:51.8218861Z   INPUT_COMPILER: latexmk
2026-02-08T13:49:51.8219243Z   INPUT_ARGS: -pdf -file-line-error -halt-on-error -interaction=nonstopmode
2026-02-08T13:49:51.8219701Z   INPUT_EXTRA_SYSTEM_PACKAGES: python3-pip
2026-02-08T13:49:51.8219994Z   INPUT_EXTRA_FONTS: 
2026-02-08T13:49:51.8220325Z   INPUT_PRE_COMPILE: pip install --break-system-packages latexminted
2026-02-08T13:49:51.8220710Z   INPUT_POST_COMPILE: 
2026-02-08T13:49:51.8220958Z   INPUT_LATEXMK_SHELL_ESCAPE: true
2026-02-08T13:49:51.8221236Z   INPUT_LATEXMK_USE_LUALATEX: true
2026-02-08T13:49:51.8221517Z   INPUT_LATEXMK_USE_XELATEX: false
2026-02-08T13:49:51.8221770Z ##[endgroup]
2026-02-08T13:49:51.8344167Z ::stop-commands::***
2026-02-08T13:49:51.8355274Z [1;34m'docker' 'run' '--rm' '-e' 'BIBINPUTS' '-e' 'BSTINPUTS' '-e' 'MFINPUTS' '-e' 'TEXINPUTS' '-e' 'TFMFONTS' '-e' 'HOME' '-e' 'INPUT_ARGS' '-e' 'INPUT_COMPILER' '-e' 'INPUT_CONTINUE_ON_ERROR' '-e' 'INPUT_EXTRA_FONTS' '-e' 'INPUT_EXTRA_SYSTEM_PACKAGES' '-e' 'INPUT_LATEXMK_SHELL_ESCAPE' '-e' 'INPUT_LATEXMK_USE_LUALATEX' '-e' 'INPUT_LATEXMK_USE_XELATEX' '-e' 'INPUT_POST_COMPILE' '-e' 'INPUT_PRE_COMPILE' '-e' 'INPUT_ROOT_FILE' '-e' 'INPUT_WORKING_DIRECTORY' '-e' 'INPUT_WORK_IN_ROOT_FILE_DIR' '-e' 'GITHUB_ACTION' '-e' 'GITHUB_ACTION_REF' '-e' 'GITHUB_ACTION_REPOSITORY' '-e' 'GITHUB_ACTOR' '-e' 'GITHUB_ACTOR_ID' '-e' 'GITHUB_API_URL' '-e' 'GITHUB_BASE_REF' '-e' 'GITHUB_ENV' '-e' 'GITHUB_EVENT_NAME' '-e' 'GITHUB_EVENT_PATH' '-e' 'GITHUB_GRAPHQL_URL' '-e' 'GITHUB_HEAD_REF' '-e' 'GITHUB_JOB' '-e' 'GITHUB_OUTPUT' '-e' 'GITHUB_PATH' '-e' 'GITHUB_REF' '-e' 'GITHUB_REF_NAME' '-e' 'GITHUB_REF_PROTECTED' '-e' 'GITHUB_REF_TYPE' '-e' 'GITHUB_REPOSITORY' '-e' 'GITHUB_REPOSITORY_ID' '-e' 'GITHUB_REPOSITORY_OWNER' '-e' 'GITHUB_REPOSITORY_OWNER_ID' '-e' 'GITHUB_RETENTION_DAYS' '-e' 'GITHUB_RUN_ATTEMPT' '-e' 'GITHUB_RUN_ID' '-e' 'GITHUB_RUN_NUMBER' '-e' 'GITHUB_SERVER_URL' '-e' 'GITHUB_SHA' '-e' 'GITHUB_STATE' '-e' 'GITHUB_STEP_SUMMARY' '-e' 'GITHUB_TRIGGERING_ACTOR' '-e' 'GITHUB_WORKFLOW' '-e' 'GITHUB_WORKFLOW_REF' '-e' 'GITHUB_WORKFLOW_SHA' '-e' 'GITHUB_WORKSPACE' '-e' 'RUNNER_ARCH' '-e' 'RUNNER_ENVIRONMENT' '-e' 'RUNNER_NAME' '-e' 'RUNNER_OS' '-e' 'RUNNER_TEMP' '-e' 'RUNNER_TOOL_CACHE' '-e' 'RUNNER_WORKSPACE' '-e' 'ACTIONS_CACHE_URL' '-e' 'ACTIONS_RUNTIME_TOKEN' '-e' 'ACTIONS_RUNTIME_URL' '-e' 'GITHUB_ACTIONS=true' '-e' 'CI=true' '-v' '/var/run/docker.sock:/var/run/docker.sock' '-v' '/home/runner:/home/runner' '-v' '/home/runner/work/_temp/_runner_file_commands/set_env_dc3187c2-d7cb-40c4-b7bd-185d5782d207:/home/runner/work/_temp/_runner_file_commands/set_env_dc3187c2-d7cb-40c4-b7bd-185d5782d207' '-v' '/home/runner/work/_temp/_runner_file_commands/set_output_dc3187c2-d7cb-40c4-b7bd-185d5782d207:/home/runner/work/_temp/_runner_file_commands/set_output_dc3187c2-d7cb-40c4-b7bd-185d5782d207' '-v' '/home/runner/work/_temp/_runner_file_commands/step_summary_dc3187c2-d7cb-40c4-b7bd-185d5782d207:/home/runner/work/_temp/_runner_file_commands/step_summary_dc3187c2-d7cb-40c4-b7bd-185d5782d207' '-v' '/home/runner/work/_temp/_runner_file_commands/add_path_dc3187c2-d7cb-40c4-b7bd-185d5782d207:/home/runner/work/_temp/_runner_file_commands/add_path_dc3187c2-d7cb-40c4-b7bd-185d5782d207' '-v' '/home/runner/work/TFG-TFM_EPS/TFG-TFM_EPS:/home/runner/work/TFG-TFM_EPS/TFG-TFM_EPS' '-v' '/home/runner/work/_actions/xu-cheng/latex-action/v4/entrypoint.sh:/entrypoint.sh' '-w' '/home/runner/work/TFG-TFM_EPS/TFG-TFM_EPS' '--entrypoint' '/entrypoint.sh' 'ghcr.io/xu-cheng/texlive-debian:latest'[0m
2026-02-08T13:49:51.8365001Z ::***::
2026-02-08T13:49:51.9285146Z Unable to find image 'ghcr.io/xu-cheng/texlive-debian:latest' locally
2026-02-08T13:49:52.0816518Z latest: Pulling from xu-cheng/texlive-debian
2026-02-08T13:49:52.1202219Z 02d7611c4eae: Pulling fs layer
2026-02-08T13:49:52.1202684Z b92772c95a16: Pulling fs layer
2026-02-08T13:49:52.1203028Z 5176b5452484: Pulling fs layer
2026-02-08T13:49:52.1203307Z bce074da7a21: Pulling fs layer
2026-02-08T13:49:52.1203582Z bce074da7a21: Waiting
2026-02-08T13:49:52.1625672Z b92772c95a16: Verifying Checksum
2026-02-08T13:49:52.1626612Z b92772c95a16: Download complete
2026-02-08T13:49:52.1718782Z 5176b5452484: Verifying Checksum
2026-02-08T13:49:52.1719387Z 5176b5452484: Download complete
2026-02-08T13:49:52.2550300Z 02d7611c4eae: Verifying Checksum
2026-02-08T13:49:52.2552917Z 02d7611c4eae: Download complete
2026-02-08T13:49:53.4324757Z 02d7611c4eae: Pull complete
2026-02-08T13:49:53.4718982Z b92772c95a16: Pull complete
2026-02-08T13:49:54.5776565Z 5176b5452484: Pull complete
2026-02-08T13:50:04.9642107Z bce074da7a21: Verifying Checksum
2026-02-08T13:50:04.9642911Z bce074da7a21: Download complete
2026-02-08T13:51:12.4746744Z bce074da7a21: Pull complete
2026-02-08T13:51:12.4787532Z Digest: sha256:394f96c67d6c0db340897848a34c99391e7be469d05f24f6ba1430173d1323f5
2026-02-08T13:51:12.4799111Z Status: Downloaded newer image for ghcr.io/xu-cheng/texlive-debian:latest
2026-02-08T13:51:12.6416148Z [1;34mUpdate apt index[0m
2026-02-08T13:51:12.7571036Z Get:1 http://deb.debian.org/debian trixie InRelease [140 kB]
2026-02-08T13:51:12.7689468Z Get:2 http://deb.debian.org/debian trixie-updates InRelease [47.3 kB]
2026-02-08T13:51:12.7692275Z Get:3 http://deb.debian.org/debian-security trixie-security InRelease [43.4 kB]
2026-02-08T13:51:12.7866638Z Get:4 http://deb.debian.org/debian trixie/main amd64 Packages [9670 kB]
2026-02-08T13:51:12.8395969Z Get:5 http://deb.debian.org/debian-security trixie-security/main amd64 Packages [100 kB]
2026-02-08T13:51:13.4787341Z Fetched 10.0 MB in 1s (12.3 MB/s)
2026-02-08T13:51:13.9459456Z Reading package lists...
2026-02-08T13:51:13.9552242Z [1;34mInstall python3-pip by apt-get[0m
2026-02-08T13:51:14.4262819Z Reading package lists...
2026-02-08T13:51:14.5614671Z Building dependency tree...
2026-02-08T13:51:14.5615148Z Reading state information...
2026-02-08T13:51:14.7039063Z The following additional packages will be installed:
2026-02-08T13:51:14.7040167Z   binutils binutils-common binutils-x86-64-linux-gnu build-essential bzip2 cpp
2026-02-08T13:51:14.7041186Z   cpp-14 cpp-14-x86-64-linux-gnu cpp-x86-64-linux-gnu dpkg-dev fakeroot g++
2026-02-08T13:51:14.7041987Z   g++-14 g++-14-x86-64-linux-gnu g++-x86-64-linux-gnu gcc gcc-14
2026-02-08T13:51:14.7042807Z   gcc-14-x86-64-linux-gnu gcc-x86-64-linux-gnu javascript-common
2026-02-08T13:51:14.7043655Z   libalgorithm-diff-perl libalgorithm-diff-xs-perl libalgorithm-merge-perl
2026-02-08T13:51:14.7045066Z   libasan8 libbinutils libc-bin libc-dev-bin libc6 libc6-dev libcc1-0
2026-02-08T13:51:14.7048790Z   libcrypt-dev libctf-nobfd0 libctf0 libdpkg-perl libexpat1-dev libfakeroot
2026-02-08T13:51:14.7049840Z   libfile-fcntllock-perl libgcc-14-dev libgprofng0 libhwasan0 libisl23 libitm1
2026-02-08T13:51:14.7050852Z   libjansson4 libjs-jquery libjs-sphinxdoc libjs-underscore
2026-02-08T13:51:14.7051739Z   liblocale-gettext-perl liblsan0 libmpc3 libmpfr6 libpython3-dev
2026-02-08T13:51:14.7052593Z   libpython3.13 libpython3.13-dev libquadmath0 libsframe1 libstdc++-14-dev
2026-02-08T13:51:14.7054635Z   libtsan2 libubsan1 linux-libc-dev manpages manpages-dev patch python3-dev
2026-02-08T13:51:14.7055527Z   python3-packaging python3-wheel python3.13-dev rpcsvc-proto sq xz-utils
2026-02-08T13:51:14.7056372Z   zlib1g-dev
2026-02-08T13:51:14.7065510Z Suggested packages:
2026-02-08T13:51:14.7066381Z   binutils-doc gprofng-gui binutils-gold bzip2-doc cpp-doc gcc-14-locales
2026-02-08T13:51:14.7067316Z   cpp-14-doc debian-keyring debian-tag2upload-keyring g++-multilib
2026-02-08T13:51:14.7068178Z   g++-14-multilib gcc-14-doc gcc-multilib autoconf automake libtool flex bison
2026-02-08T13:51:14.7069097Z   gdb gcc-doc gcc-14-multilib gdb-x86-64-linux-gnu apache2 | lighttpd | httpd
2026-02-08T13:51:14.7070037Z   libc-devtools glibc-doc sensible-utils bzr libstdc++-14-doc man-browser ed
2026-02-08T13:51:14.7070757Z   diffutils-doc python3-setuptools
2026-02-08T13:51:15.0200775Z The following NEW packages will be installed:
2026-02-08T13:51:15.0201556Z   binutils binutils-common binutils-x86-64-linux-gnu build-essential bzip2 cpp
2026-02-08T13:51:15.0202349Z   cpp-14 cpp-14-x86-64-linux-gnu cpp-x86-64-linux-gnu dpkg-dev fakeroot g++
2026-02-08T13:51:15.0202994Z   g++-14 g++-14-x86-64-linux-gnu g++-x86-64-linux-gnu gcc gcc-14
2026-02-08T13:51:15.0203759Z   gcc-14-x86-64-linux-gnu gcc-x86-64-linux-gnu javascript-common
2026-02-08T13:51:15.0204575Z   libalgorithm-diff-perl libalgorithm-diff-xs-perl libalgorithm-merge-perl
2026-02-08T13:51:15.0205350Z   libasan8 libbinutils libc-dev-bin libc6-dev libcc1-0 libcrypt-dev
2026-02-08T13:51:15.0206059Z   libctf-nobfd0 libctf0 libdpkg-perl libexpat1-dev libfakeroot
2026-02-08T13:51:15.0208753Z   libfile-fcntllock-perl libgcc-14-dev libgprofng0 libhwasan0 libisl23 libitm1
2026-02-08T13:51:15.0210287Z   libjansson4 libjs-jquery libjs-sphinxdoc libjs-underscore
2026-02-08T13:51:15.0212833Z   liblocale-gettext-perl liblsan0 libmpc3 libmpfr6 libpython3-dev
2026-02-08T13:51:15.0214097Z   libpython3.13 libpython3.13-dev libquadmath0 libsframe1 libstdc++-14-dev
2026-02-08T13:51:15.0216835Z   libtsan2 libubsan1 linux-libc-dev manpages manpages-dev patch python3-dev
2026-02-08T13:51:15.0219699Z   python3-packaging python3-pip python3-wheel python3.13-dev rpcsvc-proto sq
2026-02-08T13:51:15.0221126Z   xz-utils zlib1g-dev
2026-02-08T13:51:15.0230725Z The following packages will be upgraded:
2026-02-08T13:51:15.0237809Z   libc-bin libc6
2026-02-08T13:51:15.0648065Z 2 upgraded, 69 newly installed, 0 to remove and 14 not upgraded.
2026-02-08T13:51:15.0648771Z Need to get 98.0 MB of archives.
2026-02-08T13:51:15.0649248Z After this operation, 362 MB of additional disk space will be used.
2026-02-08T13:51:15.0649870Z Get:1 http://deb.debian.org/debian trixie/main amd64 libc6 amd64 2.41-12+deb13u1 [2851 kB]
2026-02-08T13:51:15.0801411Z Get:2 http://deb.debian.org/debian trixie/main amd64 libc-bin amd64 2.41-12+deb13u1 [637 kB]
2026-02-08T13:51:15.0859791Z Get:3 http://deb.debian.org/debian trixie/main amd64 liblocale-gettext-perl amd64 1.07-7+b1 [15.3 kB]
2026-02-08T13:51:15.0863470Z Get:4 http://deb.debian.org/debian trixie/main amd64 bzip2 amd64 1.0.8-6 [40.5 kB]
2026-02-08T13:51:15.0890042Z Get:5 http://deb.debian.org/debian trixie/main amd64 manpages all 6.9.1-1 [1393 kB]
2026-02-08T13:51:15.0945994Z Get:6 http://deb.debian.org/debian trixie/main amd64 xz-utils amd64 5.8.1-1 [660 kB]
2026-02-08T13:51:15.0970674Z Get:7 http://deb.debian.org/debian trixie/main amd64 libsframe1 amd64 2.44-3 [78.4 kB]
2026-02-08T13:51:15.0976021Z Get:8 http://deb.debian.org/debian trixie/main amd64 binutils-common amd64 2.44-3 [2509 kB]
2026-02-08T13:51:15.1062951Z Get:9 http://deb.debian.org/debian trixie/main amd64 libbinutils amd64 2.44-3 [534 kB]
2026-02-08T13:51:15.1083204Z Get:10 http://deb.debian.org/debian trixie/main amd64 libgprofng0 amd64 2.44-3 [808 kB]
2026-02-08T13:51:15.1112010Z Get:11 http://deb.debian.org/debian trixie/main amd64 libctf-nobfd0 amd64 2.44-3 [156 kB]
2026-02-08T13:51:15.1119539Z Get:12 http://deb.debian.org/debian trixie/main amd64 libctf0 amd64 2.44-3 [88.6 kB]
2026-02-08T13:51:15.1124838Z Get:13 http://deb.debian.org/debian trixie/main amd64 libjansson4 amd64 2.14-2+b3 [39.8 kB]
2026-02-08T13:51:15.1130294Z Get:14 http://deb.debian.org/debian trixie/main amd64 binutils-x86-64-linux-gnu amd64 2.44-3 [1014 kB]
2026-02-08T13:51:15.1166991Z Get:15 http://deb.debian.org/debian trixie/main amd64 binutils amd64 2.44-3 [265 kB]
2026-02-08T13:51:15.1180071Z Get:16 http://deb.debian.org/debian trixie/main amd64 libc-dev-bin amd64 2.41-12+deb13u1 [58.5 kB]
2026-02-08T13:51:15.1184375Z Get:17 http://deb.debian.org/debian trixie/main amd64 linux-libc-dev all 6.12.63-1 [2720 kB]
2026-02-08T13:51:15.1278146Z Get:18 http://deb.debian.org/debian trixie/main amd64 libcrypt-dev amd64 1:4.4.38-1 [119 kB]
2026-02-08T13:51:15.1285876Z Get:19 http://deb.debian.org/debian trixie/main amd64 rpcsvc-proto amd64 1.4.3-1 [63.3 kB]
2026-02-08T13:51:15.1290320Z Get:20 http://deb.debian.org/debian trixie/main amd64 libc6-dev amd64 2.41-12+deb13u1 [1994 kB]
2026-02-08T13:51:15.1358983Z Get:21 http://deb.debian.org/debian trixie/main amd64 libisl23 amd64 0.27-1 [659 kB]
2026-02-08T13:51:15.1384814Z Get:22 http://deb.debian.org/debian trixie/main amd64 libmpfr6 amd64 4.2.2-1 [729 kB]
2026-02-08T13:51:15.1411835Z Get:23 http://deb.debian.org/debian trixie/main amd64 libmpc3 amd64 1.3.1-1+b3 [52.2 kB]
2026-02-08T13:51:15.1416371Z Get:24 http://deb.debian.org/debian trixie/main amd64 cpp-14-x86-64-linux-gnu amd64 14.2.0-19 [11.0 MB]
2026-02-08T13:51:15.1784605Z Get:25 http://deb.debian.org/debian trixie/main amd64 cpp-14 amd64 14.2.0-19 [1280 B]
2026-02-08T13:51:15.1786668Z Get:26 http://deb.debian.org/debian trixie/main amd64 cpp-x86-64-linux-gnu amd64 4:14.2.0-1 [4840 B]
2026-02-08T13:51:15.1790301Z Get:27 http://deb.debian.org/debian trixie/main amd64 cpp amd64 4:14.2.0-1 [1568 B]
2026-02-08T13:51:15.1792766Z Get:28 http://deb.debian.org/debian trixie/main amd64 libcc1-0 amd64 14.2.0-19 [42.8 kB]
2026-02-08T13:51:15.1796718Z Get:29 http://deb.debian.org/debian trixie/main amd64 libitm1 amd64 14.2.0-19 [26.0 kB]
2026-02-08T13:51:15.1799485Z Get:30 http://deb.debian.org/debian trixie/main amd64 libasan8 amd64 14.2.0-19 [2725 kB]
2026-02-08T13:51:15.1892261Z Get:31 http://deb.debian.org/debian trixie/main amd64 liblsan0 amd64 14.2.0-19 [1204 kB]
2026-02-08T13:51:15.1934835Z Get:32 http://deb.debian.org/debian trixie/main amd64 libtsan2 amd64 14.2.0-19 [2460 kB]
2026-02-08T13:51:15.2020037Z Get:33 http://deb.debian.org/debian trixie/main amd64 libubsan1 amd64 14.2.0-19 [1074 kB]
2026-02-08T13:51:15.2059919Z Get:34 http://deb.debian.org/debian trixie/main amd64 libhwasan0 amd64 14.2.0-19 [1488 kB]
2026-02-08T13:51:15.2111691Z Get:35 http://deb.debian.org/debian trixie/main amd64 libquadmath0 amd64 14.2.0-19 [145 kB]
2026-02-08T13:51:15.2118477Z Get:36 http://deb.debian.org/debian trixie/main amd64 libgcc-14-dev amd64 14.2.0-19 [2672 kB]
2026-02-08T13:51:15.2208696Z Get:37 http://deb.debian.org/debian trixie/main amd64 gcc-14-x86-64-linux-gnu amd64 14.2.0-19 [21.4 MB]
2026-02-08T13:51:15.2913297Z Get:38 http://deb.debian.org/debian trixie/main amd64 gcc-14 amd64 14.2.0-19 [540 kB]
2026-02-08T13:51:15.2937114Z Get:39 http://deb.debian.org/debian trixie/main amd64 gcc-x86-64-linux-gnu amd64 4:14.2.0-1 [1436 B]
2026-02-08T13:51:15.2938410Z Get:40 http://deb.debian.org/debian trixie/main amd64 gcc amd64 4:14.2.0-1 [5136 B]
2026-02-08T13:51:15.2946176Z Get:41 http://deb.debian.org/debian trixie/main amd64 libstdc++-14-dev amd64 14.2.0-19 [2376 kB]
2026-02-08T13:51:15.3031291Z Get:42 http://deb.debian.org/debian trixie/main amd64 g++-14-x86-64-linux-gnu amd64 14.2.0-19 [12.1 MB]
2026-02-08T13:51:15.3435871Z Get:43 http://deb.debian.org/debian trixie/main amd64 g++-14 amd64 14.2.0-19 [22.5 kB]
2026-02-08T13:51:15.3437814Z Get:44 http://deb.debian.org/debian trixie/main amd64 g++-x86-64-linux-gnu amd64 4:14.2.0-1 [1200 B]
2026-02-08T13:51:15.3441949Z Get:45 http://deb.debian.org/debian trixie/main amd64 g++ amd64 4:14.2.0-1 [1344 B]
2026-02-08T13:51:15.3442874Z Get:46 http://deb.debian.org/debian trixie/main amd64 libdpkg-perl all 1.22.21 [650 kB]
2026-02-08T13:51:15.3465892Z Get:47 http://deb.debian.org/debian trixie/main amd64 patch amd64 2.8-2 [134 kB]
2026-02-08T13:51:15.3473182Z Get:48 http://deb.debian.org/debian trixie/main amd64 dpkg-dev all 1.22.21 [1338 kB]
2026-02-08T13:51:15.3519193Z Get:49 http://deb.debian.org/debian trixie/main amd64 build-essential amd64 12.12 [4624 B]
2026-02-08T13:51:15.3522713Z Get:50 http://deb.debian.org/debian trixie/main amd64 libfakeroot amd64 1.37.1.1-1 [29.6 kB]
2026-02-08T13:51:15.3526582Z Get:51 http://deb.debian.org/debian trixie/main amd64 fakeroot amd64 1.37.1.1-1 [76.0 kB]
2026-02-08T13:51:15.3531404Z Get:52 http://deb.debian.org/debian trixie/main amd64 javascript-common all 12+nmu1 [4864 B]
2026-02-08T13:51:15.3534305Z Get:53 http://deb.debian.org/debian trixie/main amd64 libalgorithm-diff-perl all 1.201-1 [43.3 kB]
2026-02-08T13:51:15.3538806Z Get:54 http://deb.debian.org/debian trixie/main amd64 libalgorithm-diff-xs-perl amd64 0.04-9 [11.1 kB]
2026-02-08T13:51:15.3545232Z Get:55 http://deb.debian.org/debian trixie/main amd64 libalgorithm-merge-perl all 0.08-5 [11.8 kB]
2026-02-08T13:51:15.3547536Z Get:56 http://deb.debian.org/debian trixie/main amd64 libexpat1-dev amd64 2.7.1-2 [161 kB]
2026-02-08T13:51:15.3553257Z Get:57 http://deb.debian.org/debian trixie/main amd64 libfile-fcntllock-perl amd64 0.22-4+b4 [34.6 kB]
2026-02-08T13:51:15.3557857Z Get:58 http://deb.debian.org/debian trixie/main amd64 libjs-jquery all 3.6.1+dfsg+~3.5.14-1 [326 kB]
2026-02-08T13:51:15.3585546Z Get:59 http://deb.debian.org/debian trixie/main amd64 libjs-underscore all 1.13.4~dfsg+~1.11.4-3 [116 kB]
2026-02-08T13:51:15.3593825Z Get:60 http://deb.debian.org/debian trixie/main amd64 libjs-sphinxdoc all 8.1.3-5 [30.5 kB]
2026-02-08T13:51:15.3597989Z Get:61 http://deb.debian.org/debian trixie/main amd64 libpython3.13 amd64 3.13.5-2 [2160 kB]
2026-02-08T13:51:15.3715382Z Get:62 http://deb.debian.org/debian trixie/main amd64 zlib1g-dev amd64 1:1.3.dfsg+really1.3.1-1+b1 [920 kB]
2026-02-08T13:51:15.3758456Z Get:63 http://deb.debian.org/debian trixie/main amd64 libpython3.13-dev amd64 3.13.5-2 [5291 kB]
2026-02-08T13:51:15.3992068Z Get:64 http://deb.debian.org/debian trixie/main amd64 libpython3-dev amd64 3.13.5-1 [10.4 kB]
2026-02-08T13:51:15.3995437Z Get:65 http://deb.debian.org/debian trixie/main amd64 manpages-dev all 6.9.1-1 [2122 kB]
2026-02-08T13:51:15.4072578Z Get:66 http://deb.debian.org/debian trixie/main amd64 python3.13-dev amd64 3.13.5-2 [504 kB]
2026-02-08T13:51:15.4096016Z Get:67 http://deb.debian.org/debian trixie/main amd64 python3-dev amd64 3.13.5-1 [26.1 kB]
2026-02-08T13:51:15.4101130Z Get:68 http://deb.debian.org/debian trixie/main amd64 python3-packaging all 25.0-1 [56.6 kB]
2026-02-08T13:51:15.4107875Z Get:69 http://deb.debian.org/debian trixie/main amd64 python3-wheel all 0.46.1-2 [21.7 kB]
2026-02-08T13:51:15.4112654Z Get:70 http://deb.debian.org/debian trixie/main amd64 python3-pip all 25.1.1+dfsg-1 [1457 kB]
2026-02-08T13:51:15.4171011Z Get:71 http://deb.debian.org/debian trixie/main amd64 sq amd64 1.3.1-2+b2 [5653 kB]
2026-02-08T13:51:16.9443851Z Preconfiguring packages ...
2026-02-08T13:51:16.9959337Z Fetched 98.0 MB in 0s (242 MB/s)
2026-02-08T13:51:17.0176665Z (Reading database ... 
2026-02-08T13:51:17.0177116Z (Reading database ... 5%
2026-02-08T13:51:17.0177504Z (Reading database ... 10%
2026-02-08T13:51:17.0177824Z (Reading database ... 15%
2026-02-08T13:51:17.0178078Z (Reading database ... 20%
2026-02-08T13:51:17.0178319Z (Reading database ... 25%
2026-02-08T13:51:17.0178807Z (Reading database ... 30%
2026-02-08T13:51:17.0179057Z (Reading database ... 35%
2026-02-08T13:51:17.0179289Z (Reading database ... 40%
2026-02-08T13:51:17.0179528Z (Reading database ... 45%
2026-02-08T13:51:17.0179762Z (Reading database ... 50%
2026-02-08T13:51:17.0179994Z (Reading database ... 55%
2026-02-08T13:51:17.0183987Z (Reading database ... 60%
2026-02-08T13:51:17.0195910Z (Reading database ... 65%
2026-02-08T13:51:17.0203862Z (Reading database ... 70%
2026-02-08T13:51:17.0215883Z (Reading database ... 75%
2026-02-08T13:51:17.0221491Z (Reading database ... 80%
2026-02-08T13:51:17.0230149Z (Reading database ... 85%
2026-02-08T13:51:17.0237493Z (Reading database ... 90%
2026-02-08T13:51:17.0244187Z (Reading database ... 95%
2026-02-08T13:51:17.0244577Z (Reading database ... 100%
2026-02-08T13:51:17.0244923Z (Reading database ... 13889 files and directories currently installed.)
2026-02-08T13:51:17.0250603Z Preparing to unpack .../libc6_2.41-12+deb13u1_amd64.deb ...
2026-02-08T13:51:17.1137076Z Unpacking libc6:amd64 (2.41-12+deb13u1) over (2.41-12) ...
2026-02-08T13:51:17.4290471Z Setting up libc6:amd64 (2.41-12+deb13u1) ...
2026-02-08T13:51:17.5161440Z (Reading database ... 
2026-02-08T13:51:17.5162437Z (Reading database ... 5%
2026-02-08T13:51:17.5162879Z (Reading database ... 10%
2026-02-08T13:51:17.5163239Z (Reading database ... 15%
2026-02-08T13:51:17.5163581Z (Reading database ... 20%
2026-02-08T13:51:17.5163915Z (Reading database ... 25%
2026-02-08T13:51:17.5164252Z (Reading database ... 30%
2026-02-08T13:51:17.5164591Z (Reading database ... 35%
2026-02-08T13:51:17.5164922Z (Reading database ... 40%
2026-02-08T13:51:17.5165258Z (Reading database ... 45%
2026-02-08T13:51:17.5165591Z (Reading database ... 50%
2026-02-08T13:51:17.5165960Z (Reading database ... 55%
2026-02-08T13:51:17.5167717Z (Reading database ... 60%
2026-02-08T13:51:17.5172612Z (Reading database ... 65%
2026-02-08T13:51:17.5180545Z (Reading database ... 70%
2026-02-08T13:51:17.5194434Z (Reading database ... 75%
2026-02-08T13:51:17.5200287Z (Reading database ... 80%
2026-02-08T13:51:17.5209348Z (Reading database ... 85%
2026-02-08T13:51:17.5216796Z (Reading database ... 90%
2026-02-08T13:51:17.5222883Z (Reading database ... 95%
2026-02-08T13:51:17.5223263Z (Reading database ... 100%
2026-02-08T13:51:17.5223803Z (Reading database ... 13889 files and directories currently installed.)
2026-02-08T13:51:17.5229713Z Preparing to unpack .../libc-bin_2.41-12+deb13u1_amd64.deb ...
2026-02-08T13:51:17.5277084Z Unpacking libc-bin (2.41-12+deb13u1) over (2.41-12) ...
2026-02-08T13:51:17.5824459Z Setting up libc-bin (2.41-12+deb13u1) ...
2026-02-08T13:51:17.6312734Z Selecting previously unselected package liblocale-gettext-perl.
2026-02-08T13:51:17.6333943Z (Reading database ... 
2026-02-08T13:51:17.6334437Z (Reading database ... 5%
2026-02-08T13:51:17.6334798Z (Reading database ... 10%
2026-02-08T13:51:17.6335145Z (Reading database ... 15%
2026-02-08T13:51:17.6335489Z (Reading database ... 20%
2026-02-08T13:51:17.6335809Z (Reading database ... 25%
2026-02-08T13:51:17.6336112Z (Reading database ... 30%
2026-02-08T13:51:17.6336649Z (Reading database ... 35%
2026-02-08T13:51:17.6336977Z (Reading database ... 40%
2026-02-08T13:51:17.6337282Z (Reading database ... 45%
2026-02-08T13:51:17.6337593Z (Reading database ... 50%
2026-02-08T13:51:17.6337899Z (Reading database ... 55%
2026-02-08T13:51:17.6342836Z (Reading database ... 60%
2026-02-08T13:51:17.6355739Z (Reading database ... 65%
2026-02-08T13:51:17.6363669Z (Reading database ... 70%
2026-02-08T13:51:17.6378908Z (Reading database ... 75%
2026-02-08T13:51:17.6385073Z (Reading database ... 80%
2026-02-08T13:51:17.6394806Z (Reading database ... 85%
2026-02-08T13:51:17.6402983Z (Reading database ... 90%
2026-02-08T13:51:17.6409848Z (Reading database ... 95%
2026-02-08T13:51:17.6410554Z (Reading database ... 100%
2026-02-08T13:51:17.6410923Z (Reading database ... 13889 files and directories currently installed.)
2026-02-08T13:51:17.6420133Z Preparing to unpack .../00-liblocale-gettext-perl_1.07-7+b1_amd64.deb ...
2026-02-08T13:51:17.6430573Z Unpacking liblocale-gettext-perl (1.07-7+b1) ...
2026-02-08T13:51:17.6593002Z Selecting previously unselected package bzip2.
2026-02-08T13:51:17.6611062Z Preparing to unpack .../01-bzip2_1.0.8-6_amd64.deb ...
2026-02-08T13:51:17.6622102Z Unpacking bzip2 (1.0.8-6) ...
2026-02-08T13:51:17.6783683Z Selecting previously unselected package manpages.
2026-02-08T13:51:17.6802273Z Preparing to unpack .../02-manpages_6.9.1-1_all.deb ...
2026-02-08T13:51:17.6810996Z Unpacking manpages (6.9.1-1) ...
2026-02-08T13:51:17.7249811Z Selecting previously unselected package xz-utils.
2026-02-08T13:51:17.7267988Z Preparing to unpack .../03-xz-utils_5.8.1-1_amd64.deb ...
2026-02-08T13:51:17.7279154Z Unpacking xz-utils (5.8.1-1) ...
2026-02-08T13:51:17.7664716Z Selecting previously unselected package libsframe1:amd64.
2026-02-08T13:51:17.7682163Z Preparing to unpack .../04-libsframe1_2.44-3_amd64.deb ...
2026-02-08T13:51:17.7699734Z Unpacking libsframe1:amd64 (2.44-3) ...
2026-02-08T13:51:17.7853799Z Selecting previously unselected package binutils-common:amd64.
2026-02-08T13:51:17.7871510Z Preparing to unpack .../05-binutils-common_2.44-3_amd64.deb ...
2026-02-08T13:51:17.7880831Z Unpacking binutils-common:amd64 (2.44-3) ...
2026-02-08T13:51:17.8996554Z Selecting previously unselected package libbinutils:amd64.
2026-02-08T13:51:17.9013797Z Preparing to unpack .../06-libbinutils_2.44-3_amd64.deb ...
2026-02-08T13:51:17.9022556Z Unpacking libbinutils:amd64 (2.44-3) ...
2026-02-08T13:51:17.9395163Z Selecting previously unselected package libgprofng0:amd64.
2026-02-08T13:51:17.9412616Z Preparing to unpack .../07-libgprofng0_2.44-3_amd64.deb ...
2026-02-08T13:51:17.9424011Z Unpacking libgprofng0:amd64 (2.44-3) ...
2026-02-08T13:51:17.9912838Z Selecting previously unselected package libctf-nobfd0:amd64.
2026-02-08T13:51:17.9930849Z Preparing to unpack .../08-libctf-nobfd0_2.44-3_amd64.deb ...
2026-02-08T13:51:17.9940436Z Unpacking libctf-nobfd0:amd64 (2.44-3) ...
2026-02-08T13:51:18.0139336Z Selecting previously unselected package libctf0:amd64.
2026-02-08T13:51:18.0156859Z Preparing to unpack .../09-libctf0_2.44-3_amd64.deb ...
2026-02-08T13:51:18.0170434Z Unpacking libctf0:amd64 (2.44-3) ...
2026-02-08T13:51:18.0359844Z Selecting previously unselected package libjansson4:amd64.
2026-02-08T13:51:18.0376665Z Preparing to unpack .../10-libjansson4_2.14-2+b3_amd64.deb ...
2026-02-08T13:51:18.0387033Z Unpacking libjansson4:amd64 (2.14-2+b3) ...
2026-02-08T13:51:18.0530319Z Selecting previously unselected package binutils-x86-64-linux-gnu.
2026-02-08T13:51:18.0547873Z Preparing to unpack .../11-binutils-x86-64-linux-gnu_2.44-3_amd64.deb ...
2026-02-08T13:51:18.0556910Z Unpacking binutils-x86-64-linux-gnu (2.44-3) ...
2026-02-08T13:51:18.1359983Z Selecting previously unselected package binutils.
2026-02-08T13:51:18.1377890Z Preparing to unpack .../12-binutils_2.44-3_amd64.deb ...
2026-02-08T13:51:18.1398946Z Unpacking binutils (2.44-3) ...
2026-02-08T13:51:18.1661373Z Selecting previously unselected package libc-dev-bin.
2026-02-08T13:51:18.1679420Z Preparing to unpack .../13-libc-dev-bin_2.41-12+deb13u1_amd64.deb ...
2026-02-08T13:51:18.1689906Z Unpacking libc-dev-bin (2.41-12+deb13u1) ...
2026-02-08T13:51:18.1857922Z Selecting previously unselected package linux-libc-dev.
2026-02-08T13:51:18.1874128Z Preparing to unpack .../14-linux-libc-dev_6.12.63-1_all.deb ...
2026-02-08T13:51:18.1884618Z Unpacking linux-libc-dev (6.12.63-1) ...
2026-02-08T13:51:18.5392875Z Selecting previously unselected package libcrypt-dev:amd64.
2026-02-08T13:51:18.5421232Z Preparing to unpack .../15-libcrypt-dev_1%3a4.4.38-1_amd64.deb ...
2026-02-08T13:51:18.5474834Z Unpacking libcrypt-dev:amd64 (1:4.4.38-1) ...
2026-02-08T13:51:18.5654716Z Selecting previously unselected package rpcsvc-proto.
2026-02-08T13:51:18.5675736Z Preparing to unpack .../16-rpcsvc-proto_1.4.3-1_amd64.deb ...
2026-02-08T13:51:18.5684589Z Unpacking rpcsvc-proto (1.4.3-1) ...
2026-02-08T13:51:18.5869616Z Selecting previously unselected package libc6-dev:amd64.
2026-02-08T13:51:18.5889482Z Preparing to unpack .../17-libc6-dev_2.41-12+deb13u1_amd64.deb ...
2026-02-08T13:51:18.5899080Z Unpacking libc6-dev:amd64 (2.41-12+deb13u1) ...
2026-02-08T13:51:18.7195512Z Selecting previously unselected package libisl23:amd64.
2026-02-08T13:51:18.7216140Z Preparing to unpack .../18-libisl23_0.27-1_amd64.deb ...
2026-02-08T13:51:18.7225634Z Unpacking libisl23:amd64 (0.27-1) ...
2026-02-08T13:51:18.7666435Z Selecting previously unselected package libmpfr6:amd64.
2026-02-08T13:51:18.7685848Z Preparing to unpack .../19-libmpfr6_4.2.2-1_amd64.deb ...
2026-02-08T13:51:18.7696555Z Unpacking libmpfr6:amd64 (4.2.2-1) ...
2026-02-08T13:51:18.7993776Z Selecting previously unselected package libmpc3:amd64.
2026-02-08T13:51:18.8014848Z Preparing to unpack .../20-libmpc3_1.3.1-1+b3_amd64.deb ...
2026-02-08T13:51:18.8024310Z Unpacking libmpc3:amd64 (1.3.1-1+b3) ...
2026-02-08T13:51:18.8190145Z Selecting previously unselected package cpp-14-x86-64-linux-gnu.
2026-02-08T13:51:18.8218301Z Preparing to unpack .../21-cpp-14-x86-64-linux-gnu_14.2.0-19_amd64.deb ...
2026-02-08T13:51:18.8229750Z Unpacking cpp-14-x86-64-linux-gnu (14.2.0-19) ...
2026-02-08T13:51:19.1979064Z Selecting previously unselected package cpp-14.
2026-02-08T13:51:19.2001197Z Preparing to unpack .../22-cpp-14_14.2.0-19_amd64.deb ...
2026-02-08T13:51:19.2009851Z Unpacking cpp-14 (14.2.0-19) ...
2026-02-08T13:51:19.2135349Z Selecting previously unselected package cpp-x86-64-linux-gnu.
2026-02-08T13:51:19.2155470Z Preparing to unpack .../23-cpp-x86-64-linux-gnu_4%3a14.2.0-1_amd64.deb ...
2026-02-08T13:51:19.2167284Z Unpacking cpp-x86-64-linux-gnu (4:14.2.0-1) ...
2026-02-08T13:51:19.2315605Z Selecting previously unselected package cpp.
2026-02-08T13:51:19.2335508Z Preparing to unpack .../24-cpp_4%3a14.2.0-1_amd64.deb ...
2026-02-08T13:51:19.2388466Z Unpacking cpp (4:14.2.0-1) ...
2026-02-08T13:51:19.2538592Z Selecting previously unselected package libcc1-0:amd64.
2026-02-08T13:51:19.2559526Z Preparing to unpack .../25-libcc1-0_14.2.0-19_amd64.deb ...
2026-02-08T13:51:19.2569156Z Unpacking libcc1-0:amd64 (14.2.0-19) ...
2026-02-08T13:51:19.2741336Z Selecting previously unselected package libitm1:amd64.
2026-02-08T13:51:19.2762582Z Preparing to unpack .../26-libitm1_14.2.0-19_amd64.deb ...
2026-02-08T13:51:19.2772995Z Unpacking libitm1:amd64 (14.2.0-19) ...
2026-02-08T13:51:19.2945424Z Selecting previously unselected package libasan8:amd64.
2026-02-08T13:51:19.2965698Z Preparing to unpack .../27-libasan8_14.2.0-19_amd64.deb ...
2026-02-08T13:51:19.2975788Z Unpacking libasan8:amd64 (14.2.0-19) ...
2026-02-08T13:51:19.4249298Z Selecting previously unselected package liblsan0:amd64.
2026-02-08T13:51:19.4269652Z Preparing to unpack .../28-liblsan0_14.2.0-19_amd64.deb ...
2026-02-08T13:51:19.4279560Z Unpacking liblsan0:amd64 (14.2.0-19) ...
2026-02-08T13:51:19.4901964Z Selecting previously unselected package libtsan2:amd64.
2026-02-08T13:51:19.4921890Z Preparing to unpack .../29-libtsan2_14.2.0-19_amd64.deb ...
2026-02-08T13:51:19.4937533Z Unpacking libtsan2:amd64 (14.2.0-19) ...
2026-02-08T13:51:19.6102181Z Selecting previously unselected package libubsan1:amd64.
2026-02-08T13:51:19.6121498Z Preparing to unpack .../30-libubsan1_14.2.0-19_amd64.deb ...
2026-02-08T13:51:19.6132201Z Unpacking libubsan1:amd64 (14.2.0-19) ...
2026-02-08T13:51:19.6718276Z Selecting previously unselected package libhwasan0:amd64.
2026-02-08T13:51:19.6740120Z Preparing to unpack .../31-libhwasan0_14.2.0-19_amd64.deb ...
2026-02-08T13:51:19.6749260Z Unpacking libhwasan0:amd64 (14.2.0-19) ...
2026-02-08T13:51:19.7511223Z Selecting previously unselected package libquadmath0:amd64.
2026-02-08T13:51:19.7531042Z Preparing to unpack .../32-libquadmath0_14.2.0-19_amd64.deb ...
2026-02-08T13:51:19.7542367Z Unpacking libquadmath0:amd64 (14.2.0-19) ...
2026-02-08T13:51:19.7745074Z Selecting previously unselected package libgcc-14-dev:amd64.
2026-02-08T13:51:19.7765524Z Preparing to unpack .../33-libgcc-14-dev_14.2.0-19_amd64.deb ...
2026-02-08T13:51:19.7775645Z Unpacking libgcc-14-dev:amd64 (14.2.0-19) ...
2026-02-08T13:51:19.8853181Z Selecting previously unselected package gcc-14-x86-64-linux-gnu.
2026-02-08T13:51:19.8873773Z Preparing to unpack .../34-gcc-14-x86-64-linux-gnu_14.2.0-19_amd64.deb ...
2026-02-08T13:51:19.8882547Z Unpacking gcc-14-x86-64-linux-gnu (14.2.0-19) ...
2026-02-08T13:51:20.3879830Z Selecting previously unselected package gcc-14.
2026-02-08T13:51:20.3900765Z Preparing to unpack .../35-gcc-14_14.2.0-19_amd64.deb ...
2026-02-08T13:51:20.3909660Z Unpacking gcc-14 (14.2.0-19) ...
2026-02-08T13:51:20.4121650Z Selecting previously unselected package gcc-x86-64-linux-gnu.
2026-02-08T13:51:20.4143081Z Preparing to unpack .../36-gcc-x86-64-linux-gnu_4%3a14.2.0-1_amd64.deb ...
2026-02-08T13:51:20.4152104Z Unpacking gcc-x86-64-linux-gnu (4:14.2.0-1) ...
2026-02-08T13:51:20.4318537Z Selecting previously unselected package gcc.
2026-02-08T13:51:20.4340140Z Preparing to unpack .../37-gcc_4%3a14.2.0-1_amd64.deb ...
2026-02-08T13:51:20.4351181Z Unpacking gcc (4:14.2.0-1) ...
2026-02-08T13:51:20.4520486Z Selecting previously unselected package libstdc++-14-dev:amd64.
2026-02-08T13:51:20.4540988Z Preparing to unpack .../38-libstdc++-14-dev_14.2.0-19_amd64.deb ...
2026-02-08T13:51:20.4551795Z Unpacking libstdc++-14-dev:amd64 (14.2.0-19) ...
2026-02-08T13:51:20.6382577Z Selecting previously unselected package g++-14-x86-64-linux-gnu.
2026-02-08T13:51:20.6405879Z Preparing to unpack .../39-g++-14-x86-64-linux-gnu_14.2.0-19_amd64.deb ...
2026-02-08T13:51:20.6415659Z Unpacking g++-14-x86-64-linux-gnu (14.2.0-19) ...
2026-02-08T13:51:21.0302813Z Selecting previously unselected package g++-14.
2026-02-08T13:51:21.0324998Z Preparing to unpack .../40-g++-14_14.2.0-19_amd64.deb ...
2026-02-08T13:51:21.0335153Z Unpacking g++-14 (14.2.0-19) ...
2026-02-08T13:51:21.0488240Z Selecting previously unselected package g++-x86-64-linux-gnu.
2026-02-08T13:51:21.0510709Z Preparing to unpack .../41-g++-x86-64-linux-gnu_4%3a14.2.0-1_amd64.deb ...
2026-02-08T13:51:21.0522702Z Unpacking g++-x86-64-linux-gnu (4:14.2.0-1) ...
2026-02-08T13:51:21.0682023Z Selecting previously unselected package g++.
2026-02-08T13:51:21.0703535Z Preparing to unpack .../42-g++_4%3a14.2.0-1_amd64.deb ...
2026-02-08T13:51:21.0716114Z Unpacking g++ (4:14.2.0-1) ...
2026-02-08T13:51:21.0857633Z Selecting previously unselected package libdpkg-perl.
2026-02-08T13:51:21.0879331Z Preparing to unpack .../43-libdpkg-perl_1.22.21_all.deb ...
2026-02-08T13:51:21.0888134Z Unpacking libdpkg-perl (1.22.21) ...
2026-02-08T13:51:21.1315781Z Selecting previously unselected package patch.
2026-02-08T13:51:21.1338419Z Preparing to unpack .../44-patch_2.8-2_amd64.deb ...
2026-02-08T13:51:21.1353789Z Unpacking patch (2.8-2) ...
2026-02-08T13:51:21.1555125Z Selecting previously unselected package dpkg-dev.
2026-02-08T13:51:21.1578055Z Preparing to unpack .../45-dpkg-dev_1.22.21_all.deb ...
2026-02-08T13:51:21.1589866Z Unpacking dpkg-dev (1.22.21) ...
2026-02-08T13:51:21.2074476Z Selecting previously unselected package build-essential.
2026-02-08T13:51:21.2097993Z Preparing to unpack .../46-build-essential_12.12_amd64.deb ...
2026-02-08T13:51:21.2107411Z Unpacking build-essential (12.12) ...
2026-02-08T13:51:21.2276127Z Selecting previously unselected package libfakeroot:amd64.
2026-02-08T13:51:21.2297557Z Preparing to unpack .../47-libfakeroot_1.37.1.1-1_amd64.deb ...
2026-02-08T13:51:21.2310769Z Unpacking libfakeroot:amd64 (1.37.1.1-1) ...
2026-02-08T13:51:21.2486035Z Selecting previously unselected package fakeroot.
2026-02-08T13:51:21.2507406Z Preparing to unpack .../48-fakeroot_1.37.1.1-1_amd64.deb ...
2026-02-08T13:51:21.2518028Z Unpacking fakeroot (1.37.1.1-1) ...
2026-02-08T13:51:21.2703650Z Selecting previously unselected package javascript-common.
2026-02-08T13:51:21.2726084Z Preparing to unpack .../49-javascript-common_12+nmu1_all.deb ...
2026-02-08T13:51:21.2737796Z Unpacking javascript-common (12+nmu1) ...
2026-02-08T13:51:21.2890074Z Selecting previously unselected package libalgorithm-diff-perl.
2026-02-08T13:51:21.2912411Z Preparing to unpack .../50-libalgorithm-diff-perl_1.201-1_all.deb ...
2026-02-08T13:51:21.2923100Z Unpacking libalgorithm-diff-perl (1.201-1) ...
2026-02-08T13:51:21.3085625Z Selecting previously unselected package libalgorithm-diff-xs-perl.
2026-02-08T13:51:21.3108130Z Preparing to unpack .../51-libalgorithm-diff-xs-perl_0.04-9_amd64.deb ...
2026-02-08T13:51:21.3118214Z Unpacking libalgorithm-diff-xs-perl (0.04-9) ...
2026-02-08T13:51:21.3297126Z Selecting previously unselected package libalgorithm-merge-perl.
2026-02-08T13:51:21.3318846Z Preparing to unpack .../52-libalgorithm-merge-perl_0.08-5_all.deb ...
2026-02-08T13:51:21.3329085Z Unpacking libalgorithm-merge-perl (0.08-5) ...
2026-02-08T13:51:21.3462439Z Selecting previously unselected package libexpat1-dev:amd64.
2026-02-08T13:51:21.3484248Z Preparing to unpack .../53-libexpat1-dev_2.7.1-2_amd64.deb ...
2026-02-08T13:51:21.3494044Z Unpacking libexpat1-dev:amd64 (2.7.1-2) ...
2026-02-08T13:51:21.3723204Z Selecting previously unselected package libfile-fcntllock-perl.
2026-02-08T13:51:21.3744741Z Preparing to unpack .../54-libfile-fcntllock-perl_0.22-4+b4_amd64.deb ...
2026-02-08T13:51:21.3755308Z Unpacking libfile-fcntllock-perl (0.22-4+b4) ...
2026-02-08T13:51:21.3935550Z Selecting previously unselected package libjs-jquery.
2026-02-08T13:51:21.3957565Z Preparing to unpack .../55-libjs-jquery_3.6.1+dfsg+~3.5.14-1_all.deb ...
2026-02-08T13:51:21.4006115Z Unpacking libjs-jquery (3.6.1+dfsg+~3.5.14-1) ...
2026-02-08T13:51:21.4236625Z Selecting previously unselected package libjs-underscore.
2026-02-08T13:51:21.4257298Z Preparing to unpack .../56-libjs-underscore_1.13.4~dfsg+~1.11.4-3_all.deb ...
2026-02-08T13:51:21.4269083Z Unpacking libjs-underscore (1.13.4~dfsg+~1.11.4-3) ...
2026-02-08T13:51:21.4463612Z Selecting previously unselected package libjs-sphinxdoc.
2026-02-08T13:51:21.4484983Z Preparing to unpack .../57-libjs-sphinxdoc_8.1.3-5_all.deb ...
2026-02-08T13:51:21.4497765Z Unpacking libjs-sphinxdoc (8.1.3-5) ...
2026-02-08T13:51:21.4675338Z Selecting previously unselected package libpython3.13:amd64.
2026-02-08T13:51:21.4696886Z Preparing to unpack .../58-libpython3.13_3.13.5-2_amd64.deb ...
2026-02-08T13:51:21.4705825Z Unpacking libpython3.13:amd64 (3.13.5-2) ...
2026-02-08T13:51:21.5713115Z Selecting previously unselected package zlib1g-dev:amd64.
2026-02-08T13:51:21.5734742Z Preparing to unpack .../59-zlib1g-dev_1%3a1.3.dfsg+really1.3.1-1+b1_amd64.deb ...
2026-02-08T13:51:21.5748019Z Unpacking zlib1g-dev:amd64 (1:1.3.dfsg+really1.3.1-1+b1) ...
2026-02-08T13:51:21.6011475Z Selecting previously unselected package libpython3.13-dev:amd64.
2026-02-08T13:51:21.6032993Z Preparing to unpack .../60-libpython3.13-dev_3.13.5-2_amd64.deb ...
2026-02-08T13:51:21.6042725Z Unpacking libpython3.13-dev:amd64 (3.13.5-2) ...
2026-02-08T13:51:21.8304470Z Selecting previously unselected package libpython3-dev:amd64.
2026-02-08T13:51:21.8326383Z Preparing to unpack .../61-libpython3-dev_3.13.5-1_amd64.deb ...
2026-02-08T13:51:21.8336020Z Unpacking libpython3-dev:amd64 (3.13.5-1) ...
2026-02-08T13:51:21.8478737Z Selecting previously unselected package manpages-dev.
2026-02-08T13:51:21.8499827Z Preparing to unpack .../62-manpages-dev_6.9.1-1_all.deb ...
2026-02-08T13:51:21.8511646Z Unpacking manpages-dev (6.9.1-1) ...
2026-02-08T13:51:21.9365198Z Selecting previously unselected package python3.13-dev.
2026-02-08T13:51:21.9392569Z Preparing to unpack .../63-python3.13-dev_3.13.5-2_amd64.deb ...
2026-02-08T13:51:21.9401311Z Unpacking python3.13-dev (3.13.5-2) ...
2026-02-08T13:51:21.9569836Z Selecting previously unselected package python3-dev.
2026-02-08T13:51:21.9593020Z Preparing to unpack .../64-python3-dev_3.13.5-1_amd64.deb ...
2026-02-08T13:51:21.9602214Z Unpacking python3-dev (3.13.5-1) ...
2026-02-08T13:51:21.9770286Z Selecting previously unselected package python3-packaging.
2026-02-08T13:51:21.9792247Z Preparing to unpack .../65-python3-packaging_25.0-1_all.deb ...
2026-02-08T13:51:21.9803524Z Unpacking python3-packaging (25.0-1) ...
2026-02-08T13:51:22.0001235Z Selecting previously unselected package python3-wheel.
2026-02-08T13:51:22.0024357Z Preparing to unpack .../66-python3-wheel_0.46.1-2_all.deb ...
2026-02-08T13:51:22.0033101Z Unpacking python3-wheel (0.46.1-2) ...
2026-02-08T13:51:22.0219869Z Selecting previously unselected package python3-pip.
2026-02-08T13:51:22.0242763Z Preparing to unpack .../67-python3-pip_25.1.1+dfsg-1_all.deb ...
2026-02-08T13:51:22.0257239Z Unpacking python3-pip (25.1.1+dfsg-1) ...
2026-02-08T13:51:22.1265018Z Selecting previously unselected package sq.
2026-02-08T13:51:22.1289570Z Preparing to unpack .../68-sq_1.3.1-2+b2_amd64.deb ...
2026-02-08T13:51:22.1299603Z Unpacking sq (1.3.1-2+b2) ...
2026-02-08T13:51:22.3769639Z Setting up libpython3.13:amd64 (3.13.5-2) ...
2026-02-08T13:51:22.3795406Z Setting up javascript-common (12+nmu1) ...
2026-02-08T13:51:22.3902377Z Setting up libfile-fcntllock-perl (0.22-4+b4) ...
2026-02-08T13:51:22.3924695Z Setting up libalgorithm-diff-perl (1.201-1) ...
2026-02-08T13:51:22.3952407Z Setting up manpages (6.9.1-1) ...
2026-02-08T13:51:22.3981406Z Setting up binutils-common:amd64 (2.44-3) ...
2026-02-08T13:51:22.4003899Z Setting up linux-libc-dev (6.12.63-1) ...
2026-02-08T13:51:22.4025179Z Setting up libctf-nobfd0:amd64 (2.44-3) ...
2026-02-08T13:51:22.4054514Z Setting up sq (1.3.1-2+b2) ...
2026-02-08T13:51:22.4083453Z Setting up bzip2 (1.0.8-6) ...
2026-02-08T13:51:22.4109392Z Setting up libsframe1:amd64 (2.44-3) ...
2026-02-08T13:51:22.4142678Z Setting up libfakeroot:amd64 (1.37.1.1-1) ...
2026-02-08T13:51:22.4185798Z Setting up libjansson4:amd64 (2.14-2+b3) ...
2026-02-08T13:51:22.4212549Z Setting up fakeroot (1.37.1.1-1) ...
2026-02-08T13:51:22.4250733Z update-alternatives: using /usr/bin/fakeroot-sysv to provide /usr/bin/fakeroot (fakeroot) in auto mode
2026-02-08T13:51:22.4256984Z update-alternatives: warning: skip creation of /usr/share/man/man1/fakeroot.1.gz because associated file /usr/share/man/man1/fakeroot-sysv.1.gz (of link group fakeroot) doesn't exist
2026-02-08T13:51:22.4259225Z update-alternatives: warning: skip creation of /usr/share/man/man1/faked.1.gz because associated file /usr/share/man/man1/faked-sysv.1.gz (of link group fakeroot) doesn't exist
2026-02-08T13:51:22.4261122Z update-alternatives: warning: skip creation of /usr/share/man/es/man1/fakeroot.1.gz because associated file /usr/share/man/es/man1/fakeroot-sysv.1.gz (of link group fakeroot) doesn't exist
2026-02-08T13:51:22.4262655Z update-alternatives: warning: skip creation of /usr/share/man/es/man1/faked.1.gz because associated file /usr/share/man/es/man1/faked-sysv.1.gz (of link group fakeroot) doesn't exist
2026-02-08T13:51:22.4264484Z update-alternatives: warning: skip creation of /usr/share/man/fr/man1/fakeroot.1.gz because associated file /usr/share/man/fr/man1/fakeroot-sysv.1.gz (of link group fakeroot) doesn't exist
2026-02-08T13:51:22.4267198Z update-alternatives: warning: skip creation of /usr/share/man/fr/man1/faked.1.gz because associated file /usr/share/man/fr/man1/faked-sysv.1.gz (of link group fakeroot) doesn't exist
2026-02-08T13:51:22.4268699Z update-alternatives: warning: skip creation of /usr/share/man/sv/man1/fakeroot.1.gz because associated file /usr/share/man/sv/man1/fakeroot-sysv.1.gz (of link group fakeroot) doesn't exist
2026-02-08T13:51:22.4269923Z update-alternatives: warning: skip creation of /usr/share/man/sv/man1/faked.1.gz because associated file /usr/share/man/sv/man1/faked-sysv.1.gz (of link group fakeroot) doesn't exist
2026-02-08T13:51:22.4304931Z Setting up python3-packaging (25.0-1) ...
2026-02-08T13:51:22.5393729Z Setting up rpcsvc-proto (1.4.3-1) ...
2026-02-08T13:51:22.5419958Z Setting up libmpfr6:amd64 (4.2.2-1) ...
2026-02-08T13:51:22.5455869Z Setting up xz-utils (5.8.1-1) ...
2026-02-08T13:51:22.5497902Z update-alternatives: using /usr/bin/xz to provide /usr/bin/lzma (lzma) in auto mode
2026-02-08T13:51:22.5500737Z update-alternatives: warning: skip creation of /usr/share/man/man1/lzma.1.gz because associated file /usr/share/man/man1/xz.1.gz (of link group lzma) doesn't exist
2026-02-08T13:51:22.5504580Z update-alternatives: warning: skip creation of /usr/share/man/man1/unlzma.1.gz because associated file /usr/share/man/man1/unxz.1.gz (of link group lzma) doesn't exist
2026-02-08T13:51:22.5507063Z update-alternatives: warning: skip creation of /usr/share/man/man1/lzcat.1.gz because associated file /usr/share/man/man1/xzcat.1.gz (of link group lzma) doesn't exist
2026-02-08T13:51:22.5509225Z update-alternatives: warning: skip creation of /usr/share/man/man1/lzmore.1.gz because associated file /usr/share/man/man1/xzmore.1.gz (of link group lzma) doesn't exist
2026-02-08T13:51:22.5511305Z update-alternatives: warning: skip creation of /usr/share/man/man1/lzless.1.gz because associated file /usr/share/man/man1/xzless.1.gz (of link group lzma) doesn't exist
2026-02-08T13:51:22.5513413Z update-alternatives: warning: skip creation of /usr/share/man/man1/lzdiff.1.gz because associated file /usr/share/man/man1/xzdiff.1.gz (of link group lzma) doesn't exist
2026-02-08T13:51:22.5515434Z update-alternatives: warning: skip creation of /usr/share/man/man1/lzcmp.1.gz because associated file /usr/share/man/man1/xzcmp.1.gz (of link group lzma) doesn't exist
2026-02-08T13:51:22.5517845Z update-alternatives: warning: skip creation of /usr/share/man/man1/lzgrep.1.gz because associated file /usr/share/man/man1/xzgrep.1.gz (of link group lzma) doesn't exist
2026-02-08T13:51:22.5519998Z update-alternatives: warning: skip creation of /usr/share/man/man1/lzegrep.1.gz because associated file /usr/share/man/man1/xzegrep.1.gz (of link group lzma) doesn't exist
2026-02-08T13:51:22.5521968Z update-alternatives: warning: skip creation of /usr/share/man/man1/lzfgrep.1.gz because associated file /usr/share/man/man1/xzfgrep.1.gz (of link group lzma) doesn't exist
2026-02-08T13:51:22.5552189Z Setting up libquadmath0:amd64 (14.2.0-19) ...
2026-02-08T13:51:22.5607250Z Setting up libmpc3:amd64 (1.3.1-1+b3) ...
2026-02-08T13:51:22.5633505Z Setting up patch (2.8-2) ...
2026-02-08T13:51:22.5662906Z Setting up libdpkg-perl (1.22.21) ...
2026-02-08T13:51:22.5700105Z Setting up libubsan1:amd64 (14.2.0-19) ...
2026-02-08T13:51:22.5733850Z Setting up libhwasan0:amd64 (14.2.0-19) ...
2026-02-08T13:51:22.5762238Z Setting up libcrypt-dev:amd64 (1:4.4.38-1) ...
2026-02-08T13:51:22.5833720Z Setting up libasan8:amd64 (14.2.0-19) ...
2026-02-08T13:51:22.5862577Z Setting up libtsan2:amd64 (14.2.0-19) ...
2026-02-08T13:51:22.5894187Z Setting up libjs-jquery (3.6.1+dfsg+~3.5.14-1) ...
2026-02-08T13:51:22.5962240Z Setting up libbinutils:amd64 (2.44-3) ...
2026-02-08T13:51:22.5987074Z Setting up libisl23:amd64 (0.27-1) ...
2026-02-08T13:51:22.6009700Z Setting up libc-dev-bin (2.41-12+deb13u1) ...
2026-02-08T13:51:22.6035919Z Setting up libalgorithm-diff-xs-perl (0.04-9) ...
2026-02-08T13:51:22.6064904Z Setting up libcc1-0:amd64 (14.2.0-19) ...
2026-02-08T13:51:22.6096820Z Setting up liblocale-gettext-perl (1.07-7+b1) ...
2026-02-08T13:51:22.6120498Z Setting up liblsan0:amd64 (14.2.0-19) ...
2026-02-08T13:51:22.6151613Z Setting up libitm1:amd64 (14.2.0-19) ...
2026-02-08T13:51:22.6174351Z Setting up libjs-underscore (1.13.4~dfsg+~1.11.4-3) ...
2026-02-08T13:51:22.6205438Z Setting up libalgorithm-merge-perl (0.08-5) ...
2026-02-08T13:51:22.6236595Z Setting up libctf0:amd64 (2.44-3) ...
2026-02-08T13:51:22.6262795Z Setting up manpages-dev (6.9.1-1) ...
2026-02-08T13:51:22.6290532Z Setting up python3-wheel (0.46.1-2) ...
2026-02-08T13:51:22.7212146Z Setting up libgprofng0:amd64 (2.44-3) ...
2026-02-08T13:51:22.7240114Z Setting up cpp-14-x86-64-linux-gnu (14.2.0-19) ...
2026-02-08T13:51:22.7270895Z Setting up python3-pip (25.1.1+dfsg-1) ...
2026-02-08T13:51:23.4918376Z Setting up libjs-sphinxdoc (8.1.3-5) ...
2026-02-08T13:51:23.4942880Z Setting up cpp-14 (14.2.0-19) ...
2026-02-08T13:51:23.4972665Z Setting up libc6-dev:amd64 (2.41-12+deb13u1) ...
2026-02-08T13:51:23.5004352Z Setting up libgcc-14-dev:amd64 (14.2.0-19) ...
2026-02-08T13:51:23.5030254Z Setting up libstdc++-14-dev:amd64 (14.2.0-19) ...
2026-02-08T13:51:23.5064935Z Setting up binutils-x86-64-linux-gnu (2.44-3) ...
2026-02-08T13:51:23.5100164Z Setting up cpp-x86-64-linux-gnu (4:14.2.0-1) ...
2026-02-08T13:51:23.5125171Z Setting up binutils (2.44-3) ...
2026-02-08T13:51:23.5158704Z Setting up dpkg-dev (1.22.21) ...
2026-02-08T13:51:23.5215034Z Setting up libexpat1-dev:amd64 (2.7.1-2) ...
2026-02-08T13:51:23.5240207Z Setting up zlib1g-dev:amd64 (1:1.3.dfsg+really1.3.1-1+b1) ...
2026-02-08T13:51:23.5266520Z Setting up cpp (4:14.2.0-1) ...
2026-02-08T13:51:23.5351215Z Setting up gcc-14-x86-64-linux-gnu (14.2.0-19) ...
2026-02-08T13:51:23.5376019Z Setting up gcc-x86-64-linux-gnu (4:14.2.0-1) ...
2026-02-08T13:51:23.5406030Z Setting up gcc-14 (14.2.0-19) ...
2026-02-08T13:51:23.5439316Z Setting up libpython3.13-dev:amd64 (3.13.5-2) ...
2026-02-08T13:51:23.5464233Z Setting up g++-14-x86-64-linux-gnu (14.2.0-19) ...
2026-02-08T13:51:23.5498116Z Setting up g++-x86-64-linux-gnu (4:14.2.0-1) ...
2026-02-08T13:51:23.5523386Z Setting up g++-14 (14.2.0-19) ...
2026-02-08T13:51:23.5550926Z Setting up libpython3-dev:amd64 (3.13.5-1) ...
2026-02-08T13:51:23.5579302Z Setting up python3.13-dev (3.13.5-2) ...
2026-02-08T13:51:23.5609982Z Setting up gcc (4:14.2.0-1) ...
2026-02-08T13:51:23.5719461Z Setting up python3-dev (3.13.5-1) ...
2026-02-08T13:51:23.5744860Z Setting up g++ (4:14.2.0-1) ...
2026-02-08T13:51:23.5810035Z update-alternatives: using /usr/bin/g++ to provide /usr/bin/c++ (c++) in auto mode
2026-02-08T13:51:23.5831318Z Setting up build-essential (12.12) ...
2026-02-08T13:51:23.5862743Z Processing triggers for libc-bin (2.41-12+deb13u1) ...
2026-02-08T13:51:23.6355159Z [1;34mRun pre compile commands[0m
2026-02-08T13:51:23.8595324Z WARNING: The directory '/home/runner/.cache/pip' or its parent directory is not owned or is not writable by the current user. The cache has been disabled. Check the permissions and owner of that directory. If executing pip with sudo, you should use sudo's -H flag.
2026-02-08T13:51:23.9368628Z Collecting latexminted
2026-02-08T13:51:23.9568372Z   Downloading latexminted-0.6.0-py3-none-any.whl.metadata (9.4 kB)
2026-02-08T13:51:23.9657996Z Collecting latex2pydata>=0.5.0 (from latexminted)
2026-02-08T13:51:23.9704937Z   Downloading latex2pydata-0.5.0-py3-none-any.whl.metadata (6.5 kB)
2026-02-08T13:51:23.9774455Z Collecting latexrestricted>=0.6.2 (from latexminted)
2026-02-08T13:51:23.9820783Z   Downloading latexrestricted-0.6.2-py3-none-any.whl.metadata (21 kB)
2026-02-08T13:51:23.9856644Z Requirement already satisfied: pygments>=2.17.0 in /usr/lib/python3/dist-packages (from latexminted) (2.18.0)
2026-02-08T13:51:23.9916094Z Downloading latexminted-0.6.0-py3-none-any.whl (36 kB)
2026-02-08T13:51:23.9959182Z Downloading latex2pydata-0.5.0-py3-none-any.whl (13 kB)
2026-02-08T13:51:24.0003076Z Downloading latexrestricted-0.6.2-py3-none-any.whl (27 kB)
2026-02-08T13:51:24.0148790Z Installing collected packages: latexrestricted, latex2pydata, latexminted
2026-02-08T13:51:24.0664044Z 
2026-02-08T13:51:24.0674895Z Successfully installed latex2pydata-0.5.0 latexminted-0.6.0 latexrestricted-0.6.2
2026-02-08T13:51:24.0678966Z WARNING: Running pip as the 'root' user can result in broken permissions and conflicting behaviour with the system package manager, possibly rendering your system unusable. It is recommended to use a virtual environment instead: https://pip.pypa.io/warnings/venv. Use the --root-user-action option if you know what you are doing and want to suppress this warning.
2026-02-08T13:51:24.1074700Z [1;34mCompile main.tex[0m
2026-02-08T13:51:24.1943888Z Rc files read:
2026-02-08T13:51:24.1944260Z   .latexmkrc
2026-02-08T13:51:24.1944756Z Latexmk: This is Latexmk, John Collins, 15 June 2025. Version 4.87.
2026-02-08T13:51:24.1952411Z No existing .aux file, so I'll make a simple one, and require run of *latex.
2026-02-08T13:51:24.1959862Z Latexmk: applying rule 'lualatex'...
2026-02-08T13:51:24.1960387Z Rule 'lualatex':  Reasons for rerun
2026-02-08T13:51:24.1960800Z Category 'other':
2026-02-08T13:51:24.1961199Z   Rerun of 'lualatex' forced or previously required:
2026-02-08T13:51:24.1961995Z     Reason or flag: 'Initial setup'
2026-02-08T13:51:24.1962253Z 
2026-02-08T13:51:24.1962355Z ------------
2026-02-08T13:51:24.1962618Z Run number 1 of rule 'lualatex'
2026-02-08T13:51:24.1962928Z ------------
2026-02-08T13:51:24.1963153Z ------------
2026-02-08T13:51:24.1964227Z Running 'lualatex -shell-escape -interaction=nonstopmode -file-line-error -synctex=1  --file-line-error --halt-on-error --interaction=nonstopmode --shell-escape -recorder  "main.tex"'
2026-02-08T13:51:24.1965446Z ------------
2026-02-08T13:51:24.3799066Z This is LuaHBTeX, Version 1.22.0 (TeX Live 2025) 
2026-02-08T13:51:24.3799499Z  system commands enabled.
2026-02-08T13:51:24.3985123Z (./main.tex
2026-02-08T13:51:24.3985338Z LaTeX2e <2025-11-01>
2026-02-08T13:51:24.3985610Z L3 programming layer <2025-12-29>
2026-02-08T13:51:24.4054441Z tput: No value for $TERM and no -T specified
2026-02-08T13:51:24.5889365Z  (./cls/eps-metadata.tex
2026-02-08T13:51:24.5889855Z (/opt/texlive/texdir/texmf-dist/tex/latex/latex-lab/documentmetadata-support.lt
2026-02-08T13:51:24.5908719Z x
2026-02-08T13:51:24.5909304Z (/opt/texlive/texdir/texmf-dist/tex/latex/pdfmanagement-testphase/pdfmanagement
2026-02-08T13:51:24.5925206Z -testphase.sty (/opt/texlive/texdir/texmf-dist/tex/latex/tagpdf/tagpdf-base.sty
2026-02-08T13:51:24.5954923Z )
2026-02-08T13:51:24.5955498Z (/opt/texlive/texdir/texmf-dist/tex/latex/pdfmanagement-testphase/pdfmanagement
2026-02-08T13:51:24.6211943Z .ltx)))
2026-02-08T13:51:24.6233607Z (/opt/texlive/texdir/texmf-dist/tex/latex/l3backend/l3backend-luatex.def)
2026-02-08T13:51:24.6234552Z (/opt/texlive/texdir/texmf-dist/tex/latex/pdfmanagement-testphase/l3backend-tes
2026-02-08T13:51:24.6276048Z tphase-luatex.def)
2026-02-08T13:51:24.6277040Z (/opt/texlive/texdir/texmf-dist/tex/latex/latex-lab/latex-lab-testphase-latest.
2026-02-08T13:51:24.6323826Z sty (/opt/texlive/texdir/texmf-dist/tex/latex/tagpdf/tagpdf.sty
2026-02-08T13:51:24.7135317Z (/opt/texlive/texdir/texmf-dist/tex/latex/tagpdf/tagpdf-luatex.def)
2026-02-08T13:51:25.1595074Z (/opt/texlive/texdir/texmf-dist/tex/latex/tagpdf/tagpdf-mc-code-lua.sty))
2026-02-08T13:51:25.1595693Z (/opt/texlive/texdir/texmf-dist/tex/latex/latex-lab/latex-lab-testphase-names.s
2026-02-08T13:51:25.1624018Z ty)
2026-02-08T13:51:25.1624776Z (/opt/texlive/texdir/texmf-dist/tex/latex/latex-lab/latex-lab-testphase-new-or-
2026-02-08T13:51:25.1640125Z 2.sty
2026-02-08T13:51:25.1732921Z (/opt/texlive/texdir/texmf-dist/tex/latex/latex-lab/latex-lab-footnotes.ltx))
2026-02-08T13:51:25.1733812Z (/opt/texlive/texdir/texmf-dist/tex/latex/latex-lab/latex-lab-testphase-block.s
2026-02-08T13:51:25.1752567Z ty
2026-02-08T13:51:25.1753081Z (/opt/texlive/texdir/texmf-dist/tex/latex/latex-lab/latex-lab-kernel-changes.st
2026-02-08T13:51:25.1892158Z y (/opt/texlive/texdir/texmf-dist/tex/generic/pdftex/glyphtounicode.tex)
2026-02-08T13:51:25.1922557Z (/opt/texlive/texdir/texmf-dist/tex/latex/latex-lab/glyphtounicode-cmex.tex))
2026-02-08T13:51:25.1923416Z (/opt/texlive/texdir/texmf-dist/tex/latex/latex-lab/latex-lab-testphase-context
2026-02-08T13:51:25.2656410Z .sty))
2026-02-08T13:51:25.2657211Z (/opt/texlive/texdir/texmf-dist/tex/latex/latex-lab/latex-lab-testphase-sec.sty
2026-02-08T13:51:25.2754249Z )
2026-02-08T13:51:25.2754867Z (/opt/texlive/texdir/texmf-dist/tex/latex/latex-lab/latex-lab-testphase-toc.sty
2026-02-08T13:51:25.2998723Z )
2026-02-08T13:51:25.2999300Z (/opt/texlive/texdir/texmf-dist/tex/latex/latex-lab/latex-lab-testphase-minipag
2026-02-08T13:51:25.3020567Z e.sty
2026-02-08T13:51:25.3021593Z (/opt/texlive/texdir/texmf-dist/tex/latex/latex-lab/latex-lab-testphase-new-or-
2026-02-08T13:51:25.3063265Z 1.sty))
2026-02-08T13:51:25.3063910Z (/opt/texlive/texdir/texmf-dist/tex/latex/latex-lab/latex-lab-testphase-graphic
2026-02-08T13:51:25.3186024Z .sty)
2026-02-08T13:51:25.3186738Z (/opt/texlive/texdir/texmf-dist/tex/latex/latex-lab/latex-lab-testphase-float.s
2026-02-08T13:51:25.3247464Z ty)
2026-02-08T13:51:25.3248026Z (/opt/texlive/texdir/texmf-dist/tex/latex/latex-lab/latex-lab-testphase-bib.sty
2026-02-08T13:51:25.3333475Z )
2026-02-08T13:51:25.3334555Z (/opt/texlive/texdir/texmf-dist/tex/latex/latex-lab/latex-lab-testphase-text.st
2026-02-08T13:51:25.3378708Z y)
2026-02-08T13:51:25.3379392Z (/opt/texlive/texdir/texmf-dist/tex/latex/latex-lab/latex-lab-testphase-marginp
2026-02-08T13:51:25.3407621Z ar.sty)
2026-02-08T13:51:25.3408403Z (/opt/texlive/texdir/texmf-dist/tex/latex/latex-lab/latex-lab-testphase-title.s
2026-02-08T13:51:25.3455100Z ty)
2026-02-08T13:51:25.3455765Z (/opt/texlive/texdir/texmf-dist/tex/latex/latex-lab/latex-lab-testphase-table.s
2026-02-08T13:51:25.3535337Z ty (/opt/texlive/texdir/texmf-dist/tex/latex/tools/array.sty))
2026-02-08T13:51:25.3536566Z (/opt/texlive/texdir/texmf-dist/tex/latex/latex-lab/latex-lab-testphase-math.st
2026-02-08T13:51:25.3619546Z y (/opt/texlive/texdir/texmf-dist/tex/latex/latex-lab/latex-lab-math.ltx)
2026-02-08T13:51:25.3661304Z (/opt/texlive/texdir/texmf-dist/tex/latex/latex-lab/latex-lab-mathpkg.ltx)
2026-02-08T13:51:25.3692932Z (/opt/texlive/texdir/texmf-dist/tex/latex/latex-lab/latex-lab-mathintent.ltx))
2026-02-08T13:51:25.3693957Z (/opt/texlive/texdir/texmf-dist/tex/latex/latex-lab/latex-lab-testphase-firstai
2026-02-08T13:51:25.3796522Z d.sty)
2026-02-08T13:51:25.3797205Z (/opt/texlive/texdir/texmf-dist/tex/latex/latex-lab/latex-lab-testphase-tikz.st
2026-02-08T13:51:25.3925465Z y)))
2026-02-08T13:51:25.3926134Z (/opt/texlive/texdir/texmf-dist/tex/latex/pdfmanagement-testphase/pdfmanagement
2026-02-08T13:51:25.3995002Z -firstaid.sty) (./cls/eps-tfg.cls
2026-02-08T13:51:25.3995441Z 
2026-02-08T13:51:25.3995861Z LaTeX Warning: You have requested document class `cls/eps-tfg',
2026-02-08T13:51:25.3996860Z                but the document class provides `eps-tfg'.
2026-02-08T13:51:25.3997319Z 
2026-02-08T13:51:25.3997772Z Document Class: eps-tfg 2026/02/05 v2.1.0 Clase TFG/TFM EPS Universidad de Alic
2026-02-08T13:51:25.3998534Z ante
2026-02-08T13:51:25.4037369Z (/opt/texlive/texdir/texmf-dist/tex/latex/l3kernel/expl3.sty)
2026-02-08T13:51:25.4062598Z (/opt/texlive/texdir/texmf-dist/tex/latex/l3packages/xparse/xparse.sty)
2026-02-08T13:51:25.4231515Z (/opt/texlive/texdir/texmf-dist/tex/latex/l3packages/l3keys2e/l3keys2e.sty)
2026-02-08T13:51:25.4236795Z (/opt/texlive/texdir/texmf-dist/tex/latex/koma-script/scrbook.cls
2026-02-08T13:51:25.4238157Z Document Class: scrbook 2025/12/01 v3.49 KOMA-Script document class (book)
2026-02-08T13:51:25.4268569Z (/opt/texlive/texdir/texmf-dist/tex/latex/koma-script/scrkbase.sty
2026-02-08T13:51:25.4285552Z (/opt/texlive/texdir/texmf-dist/tex/latex/koma-script/scrbase.sty
2026-02-08T13:51:25.4301513Z (/opt/texlive/texdir/texmf-dist/tex/latex/koma-script/scrlfile.sty
2026-02-08T13:51:25.4365091Z (/opt/texlive/texdir/texmf-dist/tex/latex/koma-script/scrlfile-hook.sty
2026-02-08T13:51:25.4399328Z (/opt/texlive/texdir/texmf-dist/tex/latex/koma-script/scrlogo.sty)))
2026-02-08T13:51:25.4496711Z (/opt/texlive/texdir/texmf-dist/tex/latex/graphics/keyval.sty)))
2026-02-08T13:51:25.4890695Z (/opt/texlive/texdir/texmf-dist/tex/latex/koma-script/tocbasic.sty)
2026-02-08T13:51:25.4891372Z 
2026-02-08T13:51:25.4891633Z LaTeX Warning: Command \@footnotemark  has changed.
2026-02-08T13:51:25.4892262Z                Check if current package is valid.
2026-02-08T13:51:25.4892592Z 
2026-02-08T13:51:25.5349364Z (/opt/texlive/texdir/texmf-dist/tex/latex/koma-script/scrsize11pt.clo)
2026-02-08T13:51:25.8747855Z (/opt/texlive/texdir/texmf-dist/tex/latex/koma-script/typearea.sty))
2026-02-08T13:51:25.8825152Z (/opt/texlive/texdir/texmf-dist/tex/latex/scrhack/scrhack.sty)
2026-02-08T13:51:25.8842046Z (/opt/texlive/texdir/texmf-dist/tex/latex/koma-script/scrlayer-scrpage.sty
2026-02-08T13:51:25.9163346Z (/opt/texlive/texdir/texmf-dist/tex/latex/koma-script/scrlayer.sty))
2026-02-08T13:51:25.9180681Z (/opt/texlive/texdir/texmf-dist/tex/latex/geometry/geometry.sty
2026-02-08T13:51:25.9198462Z (/opt/texlive/texdir/texmf-dist/tex/generic/iftex/ifvtex.sty
2026-02-08T13:51:25.9278465Z (/opt/texlive/texdir/texmf-dist/tex/generic/iftex/iftex.sty)))
2026-02-08T13:51:25.9294595Z (/opt/texlive/texdir/texmf-dist/tex/latex/pdflscape/pdflscape.sty
2026-02-08T13:51:25.9310260Z (/opt/texlive/texdir/texmf-dist/tex/latex/graphics/lscape.sty
2026-02-08T13:51:25.9325399Z (/opt/texlive/texdir/texmf-dist/tex/latex/graphics/graphics.sty
2026-02-08T13:51:25.9344022Z (/opt/texlive/texdir/texmf-dist/tex/latex/graphics/trig.sty)
2026-02-08T13:51:25.9358746Z (/opt/texlive/texdir/texmf-dist/tex/latex/graphics-cfg/graphics.cfg)
2026-02-08T13:51:25.9415890Z (/opt/texlive/texdir/texmf-dist/tex/latex/graphics-def/luatex.def))
2026-02-08T13:51:25.9458947Z (/opt/texlive/texdir/texmf-dist/tex/latex/graphics/graphicx.sty))
2026-02-08T13:51:25.9484866Z (/opt/texlive/texdir/texmf-dist/tex/latex/lscapeenhanced/lscapeenhanced.sty
2026-02-08T13:51:25.9505660Z (/opt/texlive/texdir/texmf-dist/tex/latex/xpatch/xpatch.sty
2026-02-08T13:51:25.9672821Z (/opt/texlive/texdir/texmf-dist/tex/latex/etoolbox/etoolbox.sty))))
2026-02-08T13:51:25.9692526Z (/opt/texlive/texdir/texmf-dist/tex/latex/polyglossia/polyglossia.sty
2026-02-08T13:51:25.9736805Z (/opt/texlive/texdir/texmf-dist/tex/latex/fontspec/fontspec.sty
2026-02-08T13:51:25.9769210Z (/opt/texlive/texdir/texmf-dist/tex/latex/fontspec/fontspec-luatex.sty
2026-02-08T13:51:26.0933747Z (/opt/texlive/texdir/texmf-dist/tex/latex/base/fontenc.sty)
2026-02-08T13:51:26.1789154Z (/opt/texlive/texdir/texmf-dist/tex/latex/fontspec/fontspec.cfg)))
2026-02-08T13:51:26.1833696Z (/opt/texlive/texdir/texmf-dist/tex/latex/polyglossia/gloss-latex.ldf))
2026-02-08T13:51:26.1961421Z (/opt/texlive/texdir/texmf-dist/tex/latex/polyglossia/gloss-spanish.ldf)
2026-02-08T13:51:26.2069596Z (/opt/texlive/texdir/texmf-dist/tex/latex/polyglossia/gloss-english.ldf)
2026-02-08T13:51:26.2102782Z (/opt/texlive/texdir/texmf-dist/tex/latex/polyglossia/gloss-catalan.ldf
2026-02-08T13:51:26.5589990Z (/opt/texlive/texdir/texmf-dist/tex/latex/polyglossia/babelsh.def))
2026-02-08T13:51:26.5717548Z (/opt/texlive/texdir/texmf-dist/tex/latex/xcolor/xcolor.sty
2026-02-08T13:51:26.5758579Z (/opt/texlive/texdir/texmf-dist/tex/latex/graphics-cfg/color.cfg)
2026-02-08T13:51:26.5828344Z (/opt/texlive/texdir/texmf-dist/tex/latex/graphics/mathcolor.ltx))
2026-02-08T13:51:26.5829481Z (/opt/texlive/texdir/texmf-dist/tex/latex/pdfmanagement-testphase/xcolor-patche
2026-02-08T13:51:26.5913735Z s-tmp-ltx.sty) (/opt/texlive/texdir/texmf-dist/tex/latex/graphics/dvipsnam.def)
2026-02-08T13:51:26.6049705Z  (/opt/texlive/texdir/texmf-dist/tex/latex/xcolor/svgnam.def)
2026-02-08T13:51:26.6339824Z (/opt/texlive/texdir/texmf-dist/tex/latex/xcolor/x11nam.def)
2026-02-08T13:51:26.6356463Z (/opt/texlive/texdir/texmf-dist/tex/latex/biblatex/biblatex.sty
2026-02-08T13:51:26.6374093Z (/opt/texlive/texdir/texmf-dist/tex/generic/pdftexcmds/pdftexcmds.sty
2026-02-08T13:51:26.6397902Z (/opt/texlive/texdir/texmf-dist/tex/generic/infwarerr/infwarerr.sty)
2026-02-08T13:51:26.6443263Z (/opt/texlive/texdir/texmf-dist/tex/generic/ltxcmds/ltxcmds.sty))
2026-02-08T13:51:26.6462419Z (/opt/texlive/texdir/texmf-dist/tex/latex/kvoptions/kvoptions.sty
2026-02-08T13:51:26.6497048Z (/opt/texlive/texdir/texmf-dist/tex/latex/kvsetkeys/kvsetkeys.sty))
2026-02-08T13:51:26.6517371Z (/opt/texlive/texdir/texmf-dist/tex/latex/logreq/logreq.sty
2026-02-08T13:51:26.6543994Z (/opt/texlive/texdir/texmf-dist/tex/latex/logreq/logreq.def))
2026-02-08T13:51:26.6563795Z (/opt/texlive/texdir/texmf-dist/tex/latex/base/ifthen.sty)
2026-02-08T13:51:26.6969109Z (/opt/texlive/texdir/texmf-dist/tex/latex/url/url.sty)
2026-02-08T13:51:26.8453948Z (/opt/texlive/texdir/texmf-dist/tex/latex/biblatex/blx-dm.def)
2026-02-08T13:51:26.9168508Z (/opt/texlive/texdir/texmf-dist/tex/latex/biblatex-apa/apa.dbx)
2026-02-08T13:51:27.1622473Z (/opt/texlive/texdir/texmf-dist/tex/latex/biblatex/blx-unicode.def)
2026-02-08T13:51:27.1658761Z (/opt/texlive/texdir/texmf-dist/tex/latex/biblatex/blx-compat.def)
2026-02-08T13:51:27.1860918Z (/opt/texlive/texdir/texmf-dist/tex/latex/biblatex/biblatex.def)
2026-02-08T13:51:27.1878810Z (/opt/texlive/texdir/texmf-dist/tex/latex/biblatex/blx-natbib.def)
2026-02-08T13:51:27.1886490Z (/opt/texlive/texdir/texmf-dist/tex/latex/biblatex-apa/apa.bbx
2026-02-08T13:51:27.2005054Z (/opt/texlive/texdir/texmf-dist/tex/latex/biblatex/bbx/standard.bbx))
2026-02-08T13:51:27.2072195Z (/opt/texlive/texdir/texmf-dist/tex/latex/biblatex-apa/apa.cbx)
2026-02-08T13:51:27.2099967Z (/opt/texlive/texdir/texmf-dist/tex/latex/biblatex/biblatex.cfg)
2026-02-08T13:51:27.2283477Z (/opt/texlive/texdir/texmf-dist/tex/latex/biblatex/blx-case-expl3.sty))
2026-02-08T13:51:27.2297196Z (/opt/texlive/texdir/texmf-dist/tex/latex/pgf/frontendlayer/tikz.sty
2026-02-08T13:51:27.2312299Z (/opt/texlive/texdir/texmf-dist/tex/latex/pgf/basiclayer/pgf.sty
2026-02-08T13:51:27.2315393Z (/opt/texlive/texdir/texmf-dist/tex/latex/pgf/utilities/pgfrcs.sty
2026-02-08T13:51:27.2332021Z (/opt/texlive/texdir/texmf-dist/tex/generic/pgf/utilities/pgfutil-common.tex)
2026-02-08T13:51:27.2353028Z (/opt/texlive/texdir/texmf-dist/tex/generic/pgf/utilities/pgfutil-latex.def)
2026-02-08T13:51:27.2357395Z (/opt/texlive/texdir/texmf-dist/tex/generic/pgf/utilities/pgfrcs.code.tex
2026-02-08T13:51:27.2387253Z (/opt/texlive/texdir/texmf-dist/tex/generic/pgf/pgf.revision.tex)))
2026-02-08T13:51:27.2404325Z (/opt/texlive/texdir/texmf-dist/tex/latex/pgf/basiclayer/pgfcore.sty
2026-02-08T13:51:27.2416897Z (/opt/texlive/texdir/texmf-dist/tex/latex/pgf/systemlayer/pgfsys.sty
2026-02-08T13:51:27.2420631Z (/opt/texlive/texdir/texmf-dist/tex/generic/pgf/systemlayer/pgfsys.code.tex
2026-02-08T13:51:27.2455944Z (/opt/texlive/texdir/texmf-dist/tex/generic/pgf/utilities/pgfkeys.code.tex
2026-02-08T13:51:27.2457043Z (/opt/texlive/texdir/texmf-dist/tex/generic/pgf/utilities/pgfkeyslibraryfiltere
2026-02-08T13:51:27.2507886Z d.code.tex))
2026-02-08T13:51:27.2520425Z (/opt/texlive/texdir/texmf-dist/tex/generic/pgf/systemlayer/pgf.cfg)
2026-02-08T13:51:27.2524105Z (/opt/texlive/texdir/texmf-dist/tex/generic/pgf/systemlayer/pgfsys-luatex.def
2026-02-08T13:51:27.2547325Z (/opt/texlive/texdir/texmf-dist/tex/generic/pgf/systemlayer/pgfsys-common-pdf.d
2026-02-08T13:51:27.2566025Z ef)))
2026-02-08T13:51:27.2566759Z (/opt/texlive/texdir/texmf-dist/tex/generic/pgf/systemlayer/pgfsyssoftpath.code
2026-02-08T13:51:27.2582422Z .tex)
2026-02-08T13:51:27.2582971Z (/opt/texlive/texdir/texmf-dist/tex/generic/pgf/systemlayer/pgfsysprotocol.code
2026-02-08T13:51:27.2618976Z .tex))
2026-02-08T13:51:27.2623198Z (/opt/texlive/texdir/texmf-dist/tex/generic/pgf/basiclayer/pgfcore.code.tex
2026-02-08T13:51:27.2626759Z (/opt/texlive/texdir/texmf-dist/tex/generic/pgf/math/pgfmath.code.tex
2026-02-08T13:51:27.2636389Z (/opt/texlive/texdir/texmf-dist/tex/generic/pgf/math/pgfmathutil.code.tex)
2026-02-08T13:51:27.2657888Z (/opt/texlive/texdir/texmf-dist/tex/generic/pgf/math/pgfmathparser.code.tex)
2026-02-08T13:51:27.2667396Z (/opt/texlive/texdir/texmf-dist/tex/generic/pgf/math/pgfmathfunctions.code.tex)
2026-02-08T13:51:27.2669558Z 
2026-02-08T13:51:27.2670218Z (/opt/texlive/texdir/texmf-dist/tex/generic/pgf/math/pgfmathfunctions.basic.cod
2026-02-08T13:51:27.2686621Z e.tex)
2026-02-08T13:51:27.2687215Z (/opt/texlive/texdir/texmf-dist/tex/generic/pgf/math/pgfmathfunctions.trigonome
2026-02-08T13:51:27.2727913Z tric.code.tex)
2026-02-08T13:51:27.2728746Z (/opt/texlive/texdir/texmf-dist/tex/generic/pgf/math/pgfmathfunctions.random.co
2026-02-08T13:51:27.2734618Z de.tex)
2026-02-08T13:51:27.2735297Z (/opt/texlive/texdir/texmf-dist/tex/generic/pgf/math/pgfmathfunctions.compariso
2026-02-08T13:51:27.2745385Z n.code.tex)
2026-02-08T13:51:27.2745944Z (/opt/texlive/texdir/texmf-dist/tex/generic/pgf/math/pgfmathfunctions.base.code
2026-02-08T13:51:27.2754495Z .tex)
2026-02-08T13:51:27.2755067Z (/opt/texlive/texdir/texmf-dist/tex/generic/pgf/math/pgfmathfunctions.round.cod
2026-02-08T13:51:27.2760795Z e.tex)
2026-02-08T13:51:27.2761518Z (/opt/texlive/texdir/texmf-dist/tex/generic/pgf/math/pgfmathfunctions.misc.code
2026-02-08T13:51:27.2773234Z .tex)
2026-02-08T13:51:27.2773787Z (/opt/texlive/texdir/texmf-dist/tex/generic/pgf/math/pgfmathfunctions.integerar
2026-02-08T13:51:27.2779334Z ithmetics.code.tex)
2026-02-08T13:51:27.2787478Z (/opt/texlive/texdir/texmf-dist/tex/generic/pgf/math/pgfmathcalc.code.tex)
2026-02-08T13:51:27.2852531Z (/opt/texlive/texdir/texmf-dist/tex/generic/pgf/math/pgfmathfloat.code.tex))
2026-02-08T13:51:27.2858197Z (/opt/texlive/texdir/texmf-dist/tex/generic/pgf/math/pgfint.code.tex)
2026-02-08T13:51:27.2860069Z (/opt/texlive/texdir/texmf-dist/tex/generic/pgf/basiclayer/pgfcorepoints.code.t
2026-02-08T13:51:27.2893070Z ex)
2026-02-08T13:51:27.2893653Z (/opt/texlive/texdir/texmf-dist/tex/generic/pgf/basiclayer/pgfcorepathconstruct
2026-02-08T13:51:27.2913253Z .code.tex)
2026-02-08T13:51:27.2913845Z (/opt/texlive/texdir/texmf-dist/tex/generic/pgf/basiclayer/pgfcorepathusage.cod
2026-02-08T13:51:27.2930620Z e.tex)
2026-02-08T13:51:27.2931369Z (/opt/texlive/texdir/texmf-dist/tex/generic/pgf/basiclayer/pgfcorescopes.code.t
2026-02-08T13:51:27.2949854Z ex)
2026-02-08T13:51:27.2950506Z (/opt/texlive/texdir/texmf-dist/tex/generic/pgf/basiclayer/pgfcoregraphicstate.
2026-02-08T13:51:27.2959344Z code.tex)
2026-02-08T13:51:27.2959857Z (/opt/texlive/texdir/texmf-dist/tex/generic/pgf/basiclayer/pgfcoretransformatio
2026-02-08T13:51:27.2973807Z ns.code.tex)
2026-02-08T13:51:27.2974465Z (/opt/texlive/texdir/texmf-dist/tex/generic/pgf/basiclayer/pgfcorequick.code.te
2026-02-08T13:51:27.2980031Z x)
2026-02-08T13:51:27.2980648Z (/opt/texlive/texdir/texmf-dist/tex/generic/pgf/basiclayer/pgfcoreobjects.code.
2026-02-08T13:51:27.2985070Z tex)
2026-02-08T13:51:27.2985613Z (/opt/texlive/texdir/texmf-dist/tex/generic/pgf/basiclayer/pgfcorepathprocessin
2026-02-08T13:51:27.2994781Z g.code.tex)
2026-02-08T13:51:27.2995317Z (/opt/texlive/texdir/texmf-dist/tex/generic/pgf/basiclayer/pgfcorearrows.code.t
2026-02-08T13:51:27.3056457Z ex)
2026-02-08T13:51:27.3056945Z (/opt/texlive/texdir/texmf-dist/tex/generic/pgf/basiclayer/pgfcoreshade.code.te
2026-02-08T13:51:27.3070019Z x)
2026-02-08T13:51:27.3070532Z (/opt/texlive/texdir/texmf-dist/tex/generic/pgf/basiclayer/pgfcoreimage.code.te
2026-02-08T13:51:27.3081240Z x)
2026-02-08T13:51:27.3081841Z (/opt/texlive/texdir/texmf-dist/tex/generic/pgf/basiclayer/pgfcoreexternal.code
2026-02-08T13:51:27.3108507Z .tex)
2026-02-08T13:51:27.3109104Z (/opt/texlive/texdir/texmf-dist/tex/generic/pgf/basiclayer/pgfcorelayers.code.t
2026-02-08T13:51:27.3114798Z ex)
2026-02-08T13:51:27.3115371Z (/opt/texlive/texdir/texmf-dist/tex/generic/pgf/basiclayer/pgfcoretransparency.
2026-02-08T13:51:27.3127348Z code.tex)
2026-02-08T13:51:27.3127930Z (/opt/texlive/texdir/texmf-dist/tex/generic/pgf/basiclayer/pgfcorepatterns.code
2026-02-08T13:51:27.3135338Z .tex)
2026-02-08T13:51:27.3142489Z (/opt/texlive/texdir/texmf-dist/tex/generic/pgf/basiclayer/pgfcorerdf.code.tex)
2026-02-08T13:51:27.3153563Z ))
2026-02-08T13:51:27.3154126Z (/opt/texlive/texdir/texmf-dist/tex/generic/pgf/modules/pgfmoduleshapes.code.te
2026-02-08T13:51:27.3179280Z x)
2026-02-08T13:51:27.3197035Z (/opt/texlive/texdir/texmf-dist/tex/generic/pgf/modules/pgfmoduleplot.code.tex)
2026-02-08T13:51:27.3218997Z 
2026-02-08T13:51:27.3219472Z (/opt/texlive/texdir/texmf-dist/tex/latex/pgf/compatibility/pgfcomp-version-0-6
2026-02-08T13:51:27.3279549Z 5.sty)
2026-02-08T13:51:27.3280752Z (/opt/texlive/texdir/texmf-dist/tex/latex/pgf/compatibility/pgfcomp-version-1-1
2026-02-08T13:51:27.3326708Z 8.sty)) (/opt/texlive/texdir/texmf-dist/tex/latex/pgf/utilities/pgffor.sty
2026-02-08T13:51:27.3335859Z (/opt/texlive/texdir/texmf-dist/tex/latex/pgf/utilities/pgfkeys.sty
2026-02-08T13:51:27.3359276Z (/opt/texlive/texdir/texmf-dist/tex/generic/pgf/utilities/pgfkeys.code.tex))
2026-02-08T13:51:27.3373061Z (/opt/texlive/texdir/texmf-dist/tex/latex/pgf/math/pgfmath.sty
2026-02-08T13:51:27.3390078Z (/opt/texlive/texdir/texmf-dist/tex/generic/pgf/math/pgfmath.code.tex))
2026-02-08T13:51:27.3423631Z (/opt/texlive/texdir/texmf-dist/tex/generic/pgf/utilities/pgffor.code.tex))
2026-02-08T13:51:27.3424287Z (/opt/texlive/texdir/texmf-dist/tex/generic/pgf/frontendlayer/tikz/tikz.code.te
2026-02-08T13:51:27.3435977Z x
2026-02-08T13:51:27.3436926Z (/opt/texlive/texdir/texmf-dist/tex/generic/pgf/libraries/pgflibraryplothandler
2026-02-08T13:51:27.3549807Z s.code.tex)
2026-02-08T13:51:27.3550503Z (/opt/texlive/texdir/texmf-dist/tex/generic/pgf/modules/pgfmodulematrix.code.te
2026-02-08T13:51:27.3670280Z x)
2026-02-08T13:51:27.3670945Z (/opt/texlive/texdir/texmf-dist/tex/generic/pgf/frontendlayer/tikz/libraries/ti
2026-02-08T13:51:27.3727038Z kzlibrarytopaths.code.tex)))
2026-02-08T13:51:27.3745485Z (/opt/texlive/texdir/texmf-dist/tex/latex/tikzpagenodes/tikzpagenodes.sty
2026-02-08T13:51:27.3770741Z (/opt/texlive/texdir/texmf-dist/tex/latex/ifoddpage/ifoddpage.sty))
2026-02-08T13:51:27.3771563Z (/opt/texlive/texdir/texmf-dist/tex/latex/tikzmark/tikzlibrarytikzmark.code.tex
2026-02-08T13:51:27.3827508Z )
2026-02-08T13:51:27.3828105Z (/opt/texlive/texdir/texmf-dist/tex/generic/pgf/frontendlayer/tikz/libraries/ti
2026-02-08T13:51:27.3851291Z kzlibrarycalc.code.tex)
2026-02-08T13:51:27.3851818Z (/opt/texlive/texdir/texmf-dist/tex/generic/pgf/frontendlayer/tikz/libraries/ti
2026-02-08T13:51:27.3863975Z kzlibraryshapes.geometric.code.tex
2026-02-08T13:51:27.3864632Z (/opt/texlive/texdir/texmf-dist/tex/generic/pgf/libraries/shapes/pgflibraryshap
2026-02-08T13:51:27.3934330Z es.geometric.code.tex))
2026-02-08T13:51:27.3935050Z (/opt/texlive/texdir/texmf-dist/tex/generic/pgf/frontendlayer/tikz/libraries/ti
2026-02-08T13:51:27.3945780Z kzlibraryarrows.code.tex
2026-02-08T13:51:27.3946668Z (/opt/texlive/texdir/texmf-dist/tex/generic/pgf/libraries/pgflibraryarrows.code
2026-02-08T13:51:27.4065104Z .tex))
2026-02-08T13:51:27.4065786Z (/opt/texlive/texdir/texmf-dist/tex/generic/pgf/frontendlayer/tikz/libraries/ti
2026-02-08T13:51:27.4090923Z kzlibrarybackgrounds.code.tex)
2026-02-08T13:51:27.4091590Z (/opt/texlive/texdir/texmf-dist/tex/generic/pgf/frontendlayer/tikz/libraries/ti
2026-02-08T13:51:27.4102878Z kzlibraryshadings.code.tex
2026-02-08T13:51:27.4103554Z (/opt/texlive/texdir/texmf-dist/tex/generic/pgf/libraries/pgflibraryshadings.co
2026-02-08T13:51:27.4129868Z de.tex))
2026-02-08T13:51:27.4130704Z (/opt/texlive/texdir/texmf-dist/tex/generic/pgf/frontendlayer/tikz/libraries/ti
2026-02-08T13:51:27.4142559Z kzlibraryshapes.arrows.code.tex
2026-02-08T13:51:27.4143387Z (/opt/texlive/texdir/texmf-dist/tex/generic/pgf/libraries/shapes/pgflibraryshap
2026-02-08T13:51:27.4189453Z es.arrows.code.tex))
2026-02-08T13:51:27.4190187Z (/opt/texlive/texdir/texmf-dist/tex/generic/pgf/frontendlayer/tikz/libraries/ti
2026-02-08T13:51:27.4204211Z kzlibraryshapes.symbols.code.tex
2026-02-08T13:51:27.4205001Z (/opt/texlive/texdir/texmf-dist/tex/generic/pgf/libraries/shapes/pgflibraryshap
2026-02-08T13:51:27.4261261Z es.symbols.code.tex))
2026-02-08T13:51:27.4261916Z (/opt/texlive/texdir/texmf-dist/tex/generic/pgf/frontendlayer/tikz/libraries/ti
2026-02-08T13:51:27.4274947Z kzlibraryshadows.code.tex
2026-02-08T13:51:27.4275622Z (/opt/texlive/texdir/texmf-dist/tex/generic/pgf/frontendlayer/tikz/libraries/ti
2026-02-08T13:51:27.4287831Z kzlibraryfadings.code.tex
2026-02-08T13:51:27.4288504Z (/opt/texlive/texdir/texmf-dist/tex/generic/pgf/libraries/pgflibraryfadings.cod
2026-02-08T13:51:27.4575165Z e.tex)))
2026-02-08T13:51:27.4575762Z (/opt/texlive/texdir/texmf-dist/tex/generic/pgf/frontendlayer/tikz/libraries/ti
2026-02-08T13:51:27.4597489Z kzlibrarypositioning.code.tex)
2026-02-08T13:51:27.4598204Z (/opt/texlive/texdir/texmf-dist/tex/generic/pgf/frontendlayer/tikz/libraries/ti
2026-02-08T13:51:27.4616541Z kzlibraryfit.code.tex)
2026-02-08T13:51:27.4617238Z (/opt/texlive/texdir/texmf-dist/tex/generic/pgf/frontendlayer/tikz/libraries/ti
2026-02-08T13:51:27.4630512Z kzlibraryautomata.code.tex
2026-02-08T13:51:27.4631070Z (/opt/texlive/texdir/texmf-dist/tex/generic/pgf/frontendlayer/tikz/libraries/ti
2026-02-08T13:51:27.4643585Z kzlibraryshapes.multipart.code.tex
2026-02-08T13:51:27.4644179Z (/opt/texlive/texdir/texmf-dist/tex/generic/pgf/libraries/shapes/pgflibraryshap
2026-02-08T13:51:27.4729193Z es.multipart.code.tex)))
2026-02-08T13:51:27.4730005Z (/opt/texlive/texdir/texmf-dist/tex/generic/pgf/frontendlayer/tikz/libraries/ti
2026-02-08T13:51:27.4741942Z kzlibrarypatterns.code.tex
2026-02-08T13:51:27.4742414Z (/opt/texlive/texdir/texmf-dist/tex/generic/pgf/libraries/pgflibrarypatterns.co
2026-02-08T13:51:27.5088231Z de.tex))
2026-02-08T13:51:27.5088744Z (/opt/texlive/texdir/texmf-dist/tex/generic/pgf/frontendlayer/tikz/libraries/ti
2026-02-08T13:51:27.5100920Z kzlibraryintersections.code.tex
2026-02-08T13:51:27.5101654Z (/opt/texlive/texdir/texmf-dist/tex/generic/pgf/libraries/pgflibraryintersectio
2026-02-08T13:51:27.5112748Z ns.code.tex
2026-02-08T13:51:27.5113222Z (/opt/texlive/texdir/texmf-dist/tex/generic/pgf/libraries/pgflibraryfpu.code.te
2026-02-08T13:51:27.5193577Z x))) (/opt/texlive/texdir/texmf-dist/tex/latex/pgfplots/pgfplots.sty
2026-02-08T13:51:27.5204660Z (/opt/texlive/texdir/texmf-dist/tex/generic/pgfplots/pgfplots.revision.tex)
2026-02-08T13:51:27.5207672Z (/opt/texlive/texdir/texmf-dist/tex/generic/pgfplots/pgfplots.code.tex
2026-02-08T13:51:27.5275512Z (/opt/texlive/texdir/texmf-dist/tex/generic/pgfplots/pgfplotscore.code.tex
2026-02-08T13:51:27.5277105Z (/opt/texlive/texdir/texmf-dist/tex/generic/pgfplots/sys/pgfplotssysgeneric.cod
2026-02-08T13:51:27.5286528Z e.tex))
2026-02-08T13:51:27.5288405Z (/opt/texlive/texdir/texmf-dist/tex/generic/pgfplots/libs/pgfplotslibrary.code.
2026-02-08T13:51:27.5292487Z tex)
2026-02-08T13:51:27.5293308Z (/opt/texlive/texdir/texmf-dist/tex/generic/pgfplots/oldpgfcompatib/pgfplotsold
2026-02-08T13:51:27.5299935Z pgfsupp_loader.code.tex
2026-02-08T13:51:27.5300689Z (/opt/texlive/texdir/texmf-dist/tex/generic/pgfplots/oldpgfcompatib/pgfplotsold
2026-02-08T13:51:27.5316562Z pgfsupp_pgfutil-common-lists.tex)
2026-02-08T13:51:27.5317008Z (/opt/texlive/texdir/texmf-dist/tex/generic/pgf/libraries/luamath/pgflibrarylua
2026-02-08T13:51:27.5338817Z math.code.tex))
2026-02-08T13:51:27.5339555Z (/opt/texlive/texdir/texmf-dist/tex/generic/pgfplots/util/pgfplotsutil.code.tex
2026-02-08T13:51:27.5369399Z 
2026-02-08T13:51:27.5369858Z (/opt/texlive/texdir/texmf-dist/tex/generic/pgfplots/liststructure/pgfplotslist
2026-02-08T13:51:27.5377968Z structure.code.tex)
2026-02-08T13:51:27.5378718Z (/opt/texlive/texdir/texmf-dist/tex/generic/pgfplots/liststructure/pgfplotslist
2026-02-08T13:51:27.5389194Z structureext.code.tex)
2026-02-08T13:51:27.5389814Z (/opt/texlive/texdir/texmf-dist/tex/generic/pgfplots/liststructure/pgfplotsarra
2026-02-08T13:51:27.5399606Z y.code.tex)
2026-02-08T13:51:27.5400194Z (/opt/texlive/texdir/texmf-dist/tex/generic/pgfplots/liststructure/pgfplotsmatr
2026-02-08T13:51:27.5408105Z ix.code.tex)
2026-02-08T13:51:27.5408691Z (/opt/texlive/texdir/texmf-dist/tex/generic/pgfplots/numtable/pgfplotstableshar
2026-02-08T13:51:27.5461359Z ed.code.tex)
2026-02-08T13:51:27.5461953Z (/opt/texlive/texdir/texmf-dist/tex/generic/pgfplots/liststructure/pgfplotsdequ
2026-02-08T13:51:27.5467095Z e.code.tex)
2026-02-08T13:51:27.5467789Z (/opt/texlive/texdir/texmf-dist/tex/generic/pgfplots/util/pgfplotsbinary.code.t
2026-02-08T13:51:27.5471580Z ex
2026-02-08T13:51:27.5472279Z (/opt/texlive/texdir/texmf-dist/tex/generic/pgfplots/util/pgfplotsbinary.data.c
2026-02-08T13:51:27.5489083Z ode.tex))
2026-02-08T13:51:27.5489644Z (/opt/texlive/texdir/texmf-dist/tex/generic/pgfplots/util/pgfplotsutil.verb.cod
2026-02-08T13:51:27.5497970Z e.tex)
2026-02-08T13:51:27.5498561Z (/opt/texlive/texdir/texmf-dist/tex/generic/pgfplots/libs/pgflibrarypgfplots.su
2026-02-08T13:51:27.5516808Z rfshading.code.tex
2026-02-08T13:51:27.5517417Z (/opt/texlive/texdir/texmf-dist/tex/generic/pgfplots/sys/pgflibrarypgfplots.sur
2026-02-08T13:51:27.5522204Z fshading.pgfsys-luatex.def)))
2026-02-08T13:51:27.5522979Z (/opt/texlive/texdir/texmf-dist/tex/generic/pgfplots/util/pgfplotscolormap.code
2026-02-08T13:51:27.5525499Z .tex
2026-02-08T13:51:27.5526157Z (/opt/texlive/texdir/texmf-dist/tex/generic/pgfplots/util/pgfplotscolor.code.te
2026-02-08T13:51:27.5626325Z x))
2026-02-08T13:51:27.5626806Z (/opt/texlive/texdir/texmf-dist/tex/generic/pgfplots/pgfplotsstackedplots.code.
2026-02-08T13:51:27.5635939Z tex)
2026-02-08T13:51:27.5637043Z (/opt/texlive/texdir/texmf-dist/tex/generic/pgfplots/pgfplotsplothandlers.code.
2026-02-08T13:51:27.5703445Z tex
2026-02-08T13:51:27.5704110Z (/opt/texlive/texdir/texmf-dist/tex/generic/pgfplots/pgfplotsmeshplothandler.co
2026-02-08T13:51:27.5707851Z de.tex
2026-02-08T13:51:27.5708439Z (/opt/texlive/texdir/texmf-dist/tex/generic/pgfplots/pgfplotsmeshplotimage.code
2026-02-08T13:51:27.5788128Z .tex)))
2026-02-08T13:51:27.5810038Z (/opt/texlive/texdir/texmf-dist/tex/generic/pgfplots/pgfplots.scaling.code.tex)
2026-02-08T13:51:27.5812287Z 
2026-02-08T13:51:27.5812839Z (/opt/texlive/texdir/texmf-dist/tex/generic/pgfplots/pgfplotscoordprocessing.co
2026-02-08T13:51:27.5935161Z de.tex)
2026-02-08T13:51:27.5935850Z (/opt/texlive/texdir/texmf-dist/tex/generic/pgfplots/pgfplots.errorbars.code.te
2026-02-08T13:51:27.5943378Z x)
2026-02-08T13:51:27.5948158Z (/opt/texlive/texdir/texmf-dist/tex/generic/pgfplots/pgfplots.markers.code.tex)
2026-02-08T13:51:27.5970137Z  (/opt/texlive/texdir/texmf-dist/tex/generic/pgfplots/pgfplotsticks.code.tex)
2026-02-08T13:51:27.5986912Z (/opt/texlive/texdir/texmf-dist/tex/generic/pgfplots/pgfplots.paths.code.tex)
2026-02-08T13:51:27.5987803Z (/opt/texlive/texdir/texmf-dist/tex/generic/pgf/frontendlayer/tikz/libraries/ti
2026-02-08T13:51:27.5989824Z kzlibrarydecorations.code.tex
2026-02-08T13:51:27.5990631Z (/opt/texlive/texdir/texmf-dist/tex/generic/pgf/modules/pgfmoduledecorations.co
2026-02-08T13:51:27.6052732Z de.tex))
2026-02-08T13:51:27.6053459Z (/opt/texlive/texdir/texmf-dist/tex/generic/pgf/frontendlayer/tikz/libraries/ti
2026-02-08T13:51:27.6067061Z kzlibrarydecorations.pathmorphing.code.tex
2026-02-08T13:51:27.6067829Z (/opt/texlive/texdir/texmf-dist/tex/generic/pgf/libraries/decorations/pgflibrar
2026-02-08T13:51:27.6093050Z ydecorations.pathmorphing.code.tex))
2026-02-08T13:51:27.6094008Z (/opt/texlive/texdir/texmf-dist/tex/generic/pgf/frontendlayer/tikz/libraries/ti
2026-02-08T13:51:27.6108596Z kzlibrarydecorations.pathreplacing.code.tex
2026-02-08T13:51:27.6109421Z (/opt/texlive/texdir/texmf-dist/tex/generic/pgf/libraries/decorations/pgflibrar
2026-02-08T13:51:27.6128114Z ydecorations.pathreplacing.code.tex))
2026-02-08T13:51:27.6128876Z (/opt/texlive/texdir/texmf-dist/tex/generic/pgfplots/libs/tikzlibrarypgfplots.c
2026-02-08T13:51:27.7060120Z ontourlua.code.tex))
2026-02-08T13:51:27.7060800Z (/opt/texlive/texdir/texmf-dist/tex/generic/pgf/frontendlayer/tikz/libraries/ti
2026-02-08T13:51:27.7072545Z kzlibraryplotmarks.code.tex
2026-02-08T13:51:27.7073254Z (/opt/texlive/texdir/texmf-dist/tex/generic/pgf/libraries/pgflibraryplotmarks.c
2026-02-08T13:51:27.7236454Z ode.tex)))
2026-02-08T13:51:27.7237193Z (/opt/texlive/texdir/texmf-dist/tex/generic/pgfplots/libs/tikzlibrarypgfplots.p
2026-02-08T13:51:27.7316802Z atchplots.code.tex)
2026-02-08T13:51:27.7317976Z (/opt/texlive/texdir/texmf-dist/tex/generic/pgfplots/libs/tikzlibrarypgfplots.g
2026-02-08T13:51:27.7350186Z roupplots.code.tex)
2026-02-08T13:51:27.7350946Z (/opt/texlive/texdir/texmf-dist/tex/generic/pgfplots/libs/tikzlibrarypgfplots.f
2026-02-08T13:51:27.7363123Z illbetween.code.tex
2026-02-08T13:51:27.7363691Z (/opt/texlive/texdir/texmf-dist/tex/generic/pgfplots/pgfcontrib/tikzlibraryfill
2026-02-08T13:51:27.7377226Z between.code.tex
2026-02-08T13:51:27.7377850Z (/opt/texlive/texdir/texmf-dist/tex/generic/pgfplots/pgfcontrib/tikzlibrarydeco
2026-02-08T13:51:27.7391017Z rations.softclip.code.tex
2026-02-08T13:51:27.7391661Z (/opt/texlive/texdir/texmf-dist/tex/generic/pgfplots/pgfcontrib/pgflibraryfillb
2026-02-08T13:51:27.7442535Z etween.code.tex)))
2026-02-08T13:51:27.7443142Z (/opt/texlive/texdir/texmf-dist/tex/generic/pgfplots/libs/tikzlibrarypgfplots.d
2026-02-08T13:51:27.7453435Z ecorations.softclip.code.tex))
2026-02-08T13:51:27.7454129Z (/opt/texlive/texdir/texmf-dist/tex/generic/pgfplots/libs/tikzlibrarypgfplots.p
2026-02-08T13:51:27.7482195Z olar.code.tex)
2026-02-08T13:51:27.7486993Z (/opt/texlive/texdir/texmf-dist/tex/latex/pgfplots/pgfplotstable.sty
2026-02-08T13:51:27.7494620Z (/opt/texlive/texdir/texmf-dist/tex/generic/pgfplots/pgfplots.revision.tex)
2026-02-08T13:51:27.7495290Z (/opt/texlive/texdir/texmf-dist/tex/generic/pgfplots/numtable/pgfplotstable.cod
2026-02-08T13:51:27.7498113Z e.tex
2026-02-08T13:51:27.7498602Z (/opt/texlive/texdir/texmf-dist/tex/generic/pgfplots/numtable/pgfplotstable.col
2026-02-08T13:51:27.7619675Z type.code.tex))) (/opt/texlive/texdir/texmf-dist/tex/latex/pgf-pie/pgf-pie.sty
2026-02-08T13:51:27.7635268Z (/opt/texlive/texdir/texmf-dist/tex/latex/pgf-pie/tikzlibrarypie.code.tex
2026-02-08T13:51:27.7678996Z (/opt/texlive/texdir/texmf-dist/tex/latex/carlisle/scalefnt.sty)))
2026-02-08T13:51:27.7712133Z (/opt/texlive/texdir/texmf-dist/tex/latex/tools/longtable.sty)
2026-02-08T13:51:27.7745898Z (/opt/texlive/texdir/texmf-dist/tex/latex/booktabs/booktabs.sty)
2026-02-08T13:51:27.7768884Z (/opt/texlive/texdir/texmf-dist/tex/latex/multirow/multirow.sty)
2026-02-08T13:51:27.7803544Z (/opt/texlive/texdir/texmf-dist/tex/latex/tools/multicol.sty)
2026-02-08T13:51:27.7829632Z (/opt/texlive/texdir/texmf-dist/tex/latex/tools/tabularx.sty)
2026-02-08T13:51:27.7939136Z (/opt/texlive/texdir/texmf-dist/tex/latex/colortbl/colortbl.sty)
2026-02-08T13:51:27.7969458Z (/opt/texlive/texdir/texmf-dist/tex/latex/ragged2e/ragged2e.sty)
2026-02-08T13:51:27.7996714Z (/opt/texlive/texdir/texmf-dist/tex/latex/threeparttable/threeparttable.sty)
2026-02-08T13:51:27.8013699Z (/opt/texlive/texdir/texmf-dist/tex/latex/diagbox/diagbox.sty
2026-02-08T13:51:27.8026376Z (/opt/texlive/texdir/texmf-dist/tex/latex/pict2e/pict2e.sty
2026-02-08T13:51:27.8039596Z (/opt/texlive/texdir/texmf-dist/tex/latex/pict2e/pict2e.cfg)
2026-02-08T13:51:27.8109197Z (/opt/texlive/texdir/texmf-dist/tex/latex/pict2e/p2e-luatex.def))
2026-02-08T13:51:27.8158615Z (/opt/texlive/texdir/texmf-dist/tex/latex/tools/calc.sty))
2026-02-08T13:51:27.8178361Z (/opt/texlive/texdir/texmf-dist/tex/latex/tabularray/tabularray.sty
2026-02-08T13:51:27.9963897Z (/opt/texlive/texdir/texmf-dist/tex/latex/ninecolors/ninecolors.sty))
2026-02-08T13:51:27.9978730Z (/opt/texlive/texdir/texmf-dist/tex/latex/caption/subcaption.sty
2026-02-08T13:51:28.0002279Z (/opt/texlive/texdir/texmf-dist/tex/latex/caption/caption.sty
2026-02-08T13:51:28.0145709Z (/opt/texlive/texdir/texmf-dist/tex/latex/caption/caption3.sty)
2026-02-08T13:51:28.0218813Z (/opt/texlive/texdir/texmf-dist/tex/latex/caption/ltcaption.sty)))
2026-02-08T13:51:28.0253472Z (/opt/texlive/texdir/texmf-dist/tex/latex/setspace/setspace.sty)
2026-02-08T13:51:28.0254339Z (/opt/texlive/texdir/texmf-dist/tex/latex/setspaceenhanced/setspaceenhanced.sty
2026-02-08T13:51:28.0336560Z ) (/opt/texlive/texdir/texmf-dist/tex/latex/anyfontsize/anyfontsize.sty)
2026-02-08T13:51:28.0342987Z (/opt/texlive/texdir/texmf-dist/tex/latex/textpos/textpos.sty
2026-02-08T13:51:28.0343873Z Grid set 16 x 16 = 37.34424pt x 52.81543pt
2026-02-08T13:51:28.0398253Z ) (/opt/texlive/texdir/texmf-dist/tex/latex/mdframed/mdframed.sty
2026-02-08T13:51:28.0415077Z (/opt/texlive/texdir/texmf-dist/tex/latex/zref/zref-abspage.sty
2026-02-08T13:51:28.0441277Z (/opt/texlive/texdir/texmf-dist/tex/latex/zref/zref-base.sty
2026-02-08T13:51:28.0468025Z (/opt/texlive/texdir/texmf-dist/tex/generic/kvdefinekeys/kvdefinekeys.sty)
2026-02-08T13:51:28.0496080Z (/opt/texlive/texdir/texmf-dist/tex/generic/etexcmds/etexcmds.sty)
2026-02-08T13:51:28.0536658Z (/opt/texlive/texdir/texmf-dist/tex/latex/auxhook/auxhook.sty)))
2026-02-08T13:51:28.0597282Z (/opt/texlive/texdir/texmf-dist/tex/latex/needspace/needspace.sty)
2026-02-08T13:51:28.0673583Z (/opt/texlive/texdir/texmf-dist/tex/latex/mdframed/md-frame-0.mdf))
2026-02-08T13:51:28.0691929Z (/opt/texlive/texdir/texmf-dist/tex/generic/soul/soul.sty
2026-02-08T13:51:28.0767861Z (/opt/texlive/texdir/texmf-dist/tex/generic/soul/soul-ori.sty))
2026-02-08T13:51:28.0804231Z (/opt/texlive/texdir/texmf-dist/tex/latex/pdfpages/pdfpages.sty
2026-02-08T13:51:28.0855509Z (/opt/texlive/texdir/texmf-dist/tex/latex/eso-pic/eso-pic.sty)
2026-02-08T13:51:28.0947135Z (/opt/texlive/texdir/texmf-dist/tex/latex/pdfpages/ppluatex.def))
2026-02-08T13:51:28.0974542Z (/opt/texlive/texdir/texmf-dist/tex/latex/hyperref/hyperref.sty
2026-02-08T13:51:28.1004711Z (/opt/texlive/texdir/texmf-dist/tex/generic/pdfescape/pdfescape.sty)
2026-02-08T13:51:28.1058791Z (/opt/texlive/texdir/texmf-dist/tex/latex/hycolor/hycolor.sty)
2026-02-08T13:51:28.1075374Z (/opt/texlive/texdir/texmf-dist/tex/latex/hyperref/nameref.sty
2026-02-08T13:51:28.1107191Z (/opt/texlive/texdir/texmf-dist/tex/latex/refcount/refcount.sty)
2026-02-08T13:51:28.1207463Z (/opt/texlive/texdir/texmf-dist/tex/generic/gettitlestring/gettitlestring.sty))
2026-02-08T13:51:28.1266636Z  (/opt/texlive/texdir/texmf-dist/tex/generic/stringenc/stringenc.sty)
2026-02-08T13:51:28.1301030Z (/opt/texlive/texdir/texmf-dist/tex/latex/hyperref/pd1enc.def)
2026-02-08T13:51:28.1333271Z (/opt/texlive/texdir/texmf-dist/tex/generic/intcalc/intcalc.sty)
2026-02-08T13:51:28.1527239Z (/opt/texlive/texdir/texmf-dist/tex/latex/hyperref/puenc.def)
2026-02-08T13:51:28.1550730Z (/opt/texlive/texdir/texmf-dist/tex/generic/bitset/bitset.sty
2026-02-08T13:51:28.1687097Z (/opt/texlive/texdir/texmf-dist/tex/generic/bigintcalc/bigintcalc.sty)))
2026-02-08T13:51:28.1687682Z (/opt/texlive/texdir/texmf-dist/tex/latex/pdfmanagement-testphase/hgeneric-test
2026-02-08T13:51:28.1695766Z phase.def
2026-02-08T13:51:28.1696172Z (/opt/texlive/texdir/texmf-dist/tex/latex/pdfmanagement-testphase/hyperref-colo
2026-02-08T13:51:28.2202621Z rschemes.def)) (/opt/texlive/texdir/texmf-dist/tex/latex/float/float.sty)
2026-02-08T13:51:28.2250275Z (/opt/texlive/texdir/texmf-dist/tex/latex/floatbytocbasic/floatbytocbasic.sty)
2026-02-08T13:51:28.2274287Z (/opt/texlive/texdir/texmf-dist/tex/latex/placeins/placeins.sty)
2026-02-08T13:51:28.2297269Z (/opt/texlive/texdir/texmf-dist/tex/latex/tools/afterpage.sty)
2026-02-08T13:51:28.2346701Z (/opt/texlive/texdir/texmf-dist/tex/latex/graphics/rotating.sty)
2026-02-08T13:51:28.2365082Z (/opt/texlive/texdir/texmf-dist/tex/latex/todonotes/todonotes.sty
2026-02-08T13:51:28.2369225Z (/opt/texlive/texdir/texmf-dist/tex/latex/xkeyval/xkeyval.sty
2026-02-08T13:51:28.2372726Z (/opt/texlive/texdir/texmf-dist/tex/generic/xkeyval/xkeyval.tex
2026-02-08T13:51:28.2476633Z (/opt/texlive/texdir/texmf-dist/tex/generic/xkeyval/xkvutils.tex))))
2026-02-08T13:51:28.2497920Z (/opt/texlive/texdir/texmf-dist/tex/latex/glossaries/base/glossaries.sty
2026-02-08T13:51:28.2531538Z (/opt/texlive/texdir/texmf-dist/tex/latex/mfirstuc/mfirstuc.sty)
2026-02-08T13:51:28.2551790Z (/opt/texlive/texdir/texmf-dist/tex/latex/xfor/xfor.sty)
2026-02-08T13:51:28.2621123Z (/opt/texlive/texdir/texmf-dist/tex/latex/amsmath/amsgen.sty)
2026-02-08T13:51:28.3152173Z ("|kpsewhich --var-value=TEXMF_OUTPUT_DIRECTORY")
2026-02-08T13:51:28.3165760Z (/opt/texlive/texdir/texmf-dist/tex/latex/tracklang/tracklang.sty
2026-02-08T13:51:28.3429711Z (/opt/texlive/texdir/texmf-dist/tex/generic/tracklang/tracklang.tex))
2026-02-08T13:51:28.3430719Z (/opt/texlive/texdir/texmf-dist/tex/latex/glossaries-spanish/glossaries-spanish
2026-02-08T13:51:28.3440323Z .ldf
2026-02-08T13:51:28.3440944Z (/opt/texlive/texdir/texmf-dist/tex/latex/glossaries-spanish/glossaries-spanish
2026-02-08T13:51:28.3465667Z -noenc.ldf))
2026-02-08T13:51:28.3484740Z (/opt/texlive/texdir/texmf-dist/tex/latex/datatool/datatool-base.sty
2026-02-08T13:51:28.3491713Z (/opt/texlive/texdir/texmf-dist/tex/latex/amsmath/amsmath.sty
2026-02-08T13:51:28.3492525Z For additional information on amsmath, use the `?' option.
2026-02-08T13:51:28.3531474Z (/opt/texlive/texdir/texmf-dist/tex/latex/amsmath/amstext.sty)
2026-02-08T13:51:28.3553917Z (/opt/texlive/texdir/texmf-dist/tex/latex/amsmath/amsbsy.sty)
2026-02-08T13:51:28.3663475Z (/opt/texlive/texdir/texmf-dist/tex/latex/amsmath/amsopn.sty))
2026-02-08T13:51:28.3778568Z (/opt/texlive/texdir/texmf-dist/tex/latex/latex-lab/latex-lab-amsmath.ltx)
2026-02-08T13:51:28.3864561Z (/opt/texlive/texdir/texmf-dist/tex/latex/datatool/datatool-lua.def)
2026-02-08T13:51:28.4751766Z (/opt/texlive/texdir/texmf-dist/tex/latex/datatool/datatool-utf8.ldf)
2026-02-08T13:51:28.4752227Z 
2026-02-08T13:51:28.4752884Z Package tracklang Warning: No `datatool' support for dialect `spanish'  on inpu
2026-02-08T13:51:28.4753432Z t line 9924.
2026-02-08T13:51:28.4753576Z 
2026-02-08T13:51:28.4964012Z )
2026-02-08T13:51:28.4964547Z (/opt/texlive/texdir/texmf-dist/tex/latex/glossaries/styles/glossary-hypernav.s
2026-02-08T13:51:28.4991519Z ty)
2026-02-08T13:51:28.5017594Z (/opt/texlive/texdir/texmf-dist/tex/latex/glossaries/styles/glossary-list.sty)
2026-02-08T13:51:28.5047085Z (/opt/texlive/texdir/texmf-dist/tex/latex/glossaries/styles/glossary-long.sty)
2026-02-08T13:51:28.5063923Z (/opt/texlive/texdir/texmf-dist/tex/latex/glossaries/styles/glossary-super.sty
2026-02-08T13:51:28.5100407Z (/opt/texlive/texdir/texmf-dist/tex/latex/supertabular/supertabular.sty))
2026-02-08T13:51:28.5222311Z (/opt/texlive/texdir/texmf-dist/tex/latex/glossaries/styles/glossary-tree.sty))
2026-02-08T13:51:28.5265022Z  (/opt/texlive/texdir/texmf-dist/tex/latex/mathtools/mathtools.sty
2026-02-08T13:51:28.5373826Z (/opt/texlive/texdir/texmf-dist/tex/latex/mathtools/mhsetup.sty))
2026-02-08T13:51:28.5398229Z (/opt/texlive/texdir/texmf-dist/tex/latex/latex-lab/latex-lab-mathtools.ltx)
2026-02-08T13:51:28.5438715Z (/opt/texlive/texdir/texmf-dist/tex/latex/amscls/amsthm.sty)
2026-02-08T13:51:28.5468020Z (/opt/texlive/texdir/texmf-dist/tex/latex/amsfonts/amsfonts.sty)
2026-02-08T13:51:28.5514858Z (/opt/texlive/texdir/texmf-dist/tex/latex/amsfonts/amssymb.sty)
2026-02-08T13:51:28.5543568Z (/opt/texlive/texdir/texmf-dist/tex/latex/tools/bm.sty)
2026-02-08T13:51:28.5565452Z (/opt/texlive/texdir/texmf-dist/tex/latex/jknapltx/mathrsfs.sty)
2026-02-08T13:51:28.5592602Z (/opt/texlive/texdir/texmf-dist/tex/latex/units/nicefrac.sty)
2026-02-08T13:51:28.5615715Z (/opt/texlive/texdir/texmf-dist/tex/latex/unicode-math/unicode-math.sty
2026-02-08T13:51:28.5643808Z (/opt/texlive/texdir/texmf-dist/tex/latex/unicode-math/unicode-math-luatex.sty
2026-02-08T13:51:28.5651126Z (/opt/texlive/texdir/texmf-dist/tex/latex/base/fix-cm.sty
2026-02-08T13:51:28.5707034Z (/opt/texlive/texdir/texmf-dist/tex/latex/base/ts1enc.def))
2026-02-08T13:51:28.5821845Z (/opt/texlive/texdir/texmf-dist/tex/lualatex/lualatex-math/lualatex-math.sty)
2026-02-08T13:51:28.6118004Z (/opt/texlive/texdir/texmf-dist/tex/latex/unicode-math/unicode-math-table.tex))
2026-02-08T13:51:28.6147648Z )
2026-02-08T13:51:28.6158332Z (/opt/texlive/texdir/texmf-dist/tex/latex/latex-lab/latex-lab-unicode-math.ltx)
2026-02-08T13:51:28.6198557Z (./sty/eps-portadas.sty
2026-02-08T13:51:28.6198864Z 
2026-02-08T13:51:28.6199192Z LaTeX Warning: You have requested package `sty/eps-portadas',
2026-02-08T13:51:28.6199942Z                but the package provides `eps-portadas'.
2026-02-08T13:51:28.6200227Z 
2026-02-08T13:51:28.6230595Z (/opt/texlive/texdir/texmf-dist/tex/generic/xstring/xstring.sty
2026-02-08T13:51:28.6679704Z (/opt/texlive/texdir/texmf-dist/tex/generic/xstring/xstring.tex)))
2026-02-08T13:51:28.6680495Z (./sty/eps-codigo.sty
2026-02-08T13:51:28.6680724Z 
2026-02-08T13:51:28.6680978Z LaTeX Warning: You have requested package `sty/eps-codigo',
2026-02-08T13:51:28.6681375Z                but the package provides `eps-codigo'.
2026-02-08T13:51:28.6681611Z 
2026-02-08T13:51:28.6715633Z (/opt/texlive/texdir/texmf-dist/tex/latex/tcolorbox/tcolorbox.sty
2026-02-08T13:51:28.6739250Z (/opt/texlive/texdir/texmf-dist/tex/latex/tools/verbatim.sty)
2026-02-08T13:51:28.6756586Z (/opt/texlive/texdir/texmf-dist/tex/latex/environ/environ.sty
2026-02-08T13:51:28.7155671Z (/opt/texlive/texdir/texmf-dist/tex/latex/trimspaces/trimspaces.sty)))
2026-02-08T13:51:28.7156556Z (/opt/texlive/texdir/texmf-dist/tex/latex/tcolorbox/tcbminted.code.tex
2026-02-08T13:51:28.7157079Z Library (tcolorbox): 'tcbminted.code.tex' version '6.9.0'
2026-02-08T13:51:28.7190998Z (/opt/texlive/texdir/texmf-dist/tex/latex/minted/minted.sty
2026-02-08T13:51:28.7226884Z (/opt/texlive/texdir/texmf-dist/tex/generic/catchfile/catchfile.sty)
2026-02-08T13:51:28.7247395Z (/opt/texlive/texdir/texmf-dist/tex/latex/fvextra/fvextra.sty
2026-02-08T13:51:28.7345451Z (/opt/texlive/texdir/texmf-dist/tex/latex/fancyvrb/fancyvrb.sty)
2026-02-08T13:51:28.7361653Z (/opt/texlive/texdir/texmf-dist/tex/latex/upquote/upquote.sty
2026-02-08T13:51:28.7411167Z (/opt/texlive/texdir/texmf-dist/tex/latex/base/textcomp.sty))
2026-02-08T13:51:28.7765179Z (/opt/texlive/texdir/texmf-dist/tex/latex/lineno/lineno.sty))
2026-02-08T13:51:28.7813467Z (/opt/texlive/texdir/texmf-dist/tex/latex/latex2pydata/latex2pydata.sty)
2026-02-08T13:51:28.7841590Z (/opt/texlive/texdir/texmf-dist/tex/latex/pgfopts/pgfopts.sty)
2026-02-08T13:51:28.8439489Z (/opt/texlive/texdir/texmf-dist/tex/latex/tools/shellesc.sty))
2026-02-08T13:51:28.8440442Z (/opt/texlive/texdir/texmf-dist/tex/latex/tcolorbox/tcblistingscore.code.tex
2026-02-08T13:51:28.8441312Z Library (tcolorbox): 'tcblistingscore.code.tex' version '6.9.0'
2026-02-08T13:51:28.8446573Z (/opt/texlive/texdir/texmf-dist/tex/latex/tcolorbox/tcbprocessing.code.tex
2026-02-08T13:51:28.8447444Z Library (tcolorbox): 'tcbprocessing.code.tex' version '6.9.0'
2026-02-08T13:51:28.8529944Z ))) (/opt/texlive/texdir/texmf-dist/tex/latex/tcolorbox/tcbskins.code.tex
2026-02-08T13:51:28.8530713Z Library (tcolorbox): 'tcbskins.code.tex' version '6.9.0'
2026-02-08T13:51:28.8569243Z (/opt/texlive/texdir/texmf-dist/tex/latex/tikzfill/tikzfill.image.sty
2026-02-08T13:51:28.8590837Z (/opt/texlive/texdir/texmf-dist/tex/latex/tikzfill/tikzfill-common.sty)
2026-02-08T13:51:28.8591705Z (/opt/texlive/texdir/texmf-dist/tex/latex/tikzfill/tikzlibraryfill.image.code.t
2026-02-08T13:51:28.8828749Z ex))
2026-02-08T13:51:28.8829488Z (/opt/texlive/texdir/texmf-dist/tex/latex/tcolorbox/tcbskinsjigsaw.code.tex
2026-02-08T13:51:28.8830110Z Library (tcolorbox): 'tcbskinsjigsaw.code.tex' version '6.9.0'
2026-02-08T13:51:28.8850088Z )) (/opt/texlive/texdir/texmf-dist/tex/latex/tcolorbox/tcbbreakable.code.tex
2026-02-08T13:51:28.8850835Z Library (tcolorbox): 'tcbbreakable.code.tex' version '6.9.0'
2026-02-08T13:51:28.8907888Z (/opt/texlive/texdir/texmf-dist/tex/latex/pdfcol/pdfcol.sty)
2026-02-08T13:51:28.8954204Z (/opt/texlive/texdir/texmf-dist/tex/generic/iftex/ifluatex.sty))
2026-02-08T13:51:28.8955167Z (/opt/texlive/texdir/texmf-dist/tex/latex/tcolorbox/tcbtheorems.code.tex
2026-02-08T13:51:28.8955690Z Library (tcolorbox): 'tcbtheorems.code.tex' version '6.9.0'
2026-02-08T13:51:28.9068921Z ) (/opt/texlive/texdir/texmf-dist/tex/latex/fontawesome5/fontawesome5.sty
2026-02-08T13:51:28.9069920Z (/opt/texlive/texdir/texmf-dist/tex/latex/fontawesome5/fontawesome5-utex-helper
2026-02-08T13:51:28.9105088Z .sty (/opt/texlive/texdir/texmf-dist/tex/luatex/luatexbase/luatexbase.sty
2026-02-08T13:51:28.9137128Z (/opt/texlive/texdir/texmf-dist/tex/luatex/ctablestack/ctablestack.sty))
2026-02-08T13:51:29.0649293Z (/opt/texlive/texdir/texmf-dist/tex/latex/fontawesome5/tufontawesomefree.fd)
2026-02-08T13:51:29.1410850Z (/opt/texlive/texdir/texmf-dist/tex/latex/fontawesome5/tufontawesomebrands.fd))
2026-02-08T13:51:29.2676438Z ))) (./configuracion.tex) (./sty/eps-componentes.sty
2026-02-08T13:51:29.2677018Z 
2026-02-08T13:51:29.2677417Z LaTeX Warning: You have requested package `sty/eps-componentes',
2026-02-08T13:51:29.2678109Z                but the package provides `eps-componentes'.
2026-02-08T13:51:29.2678404Z 
2026-02-08T13:51:29.2825278Z (/opt/texlive/texdir/texmf-dist/tex/latex/enumitem/enumitem.sty)
2026-02-08T13:51:29.2921200Z (./sty/componentes/eps-comunes.sty) (./sty/componentes/eps-software.sty
2026-02-08T13:51:29.2937112Z (/opt/texlive/texdir/texmf-dist/tex/latex/forest/forest.sty
2026-02-08T13:51:29.2937771Z (/opt/texlive/texdir/texmf-dist/tex/generic/pgf/frontendlayer/tikz/libraries/ti
2026-02-08T13:51:29.2951834Z kzlibraryshapes.code.tex
2026-02-08T13:51:29.2952728Z (/opt/texlive/texdir/texmf-dist/tex/generic/pgf/frontendlayer/tikz/libraries/ti
2026-02-08T13:51:29.2967018Z kzlibraryshapes.misc.code.tex
2026-02-08T13:51:29.2967680Z (/opt/texlive/texdir/texmf-dist/tex/generic/pgf/libraries/shapes/pgflibraryshap
2026-02-08T13:51:29.3007302Z es.misc.code.tex))
2026-02-08T13:51:29.3008321Z (/opt/texlive/texdir/texmf-dist/tex/generic/pgf/frontendlayer/tikz/libraries/ti
2026-02-08T13:51:29.3021819Z kzlibraryshapes.callouts.code.tex
2026-02-08T13:51:29.3022517Z (/opt/texlive/texdir/texmf-dist/tex/generic/pgf/libraries/shapes/pgflibraryshap
2026-02-08T13:51:29.3071551Z es.callouts.code.tex)))
2026-02-08T13:51:29.3100758Z (/opt/texlive/texdir/texmf-dist/tex/latex/elocalloc/elocalloc.sty)
2026-02-08T13:51:29.3986666Z (/opt/texlive/texdir/texmf-dist/tex/latex/inlinedef/inlinedef.sty))
2026-02-08T13:51:29.3995827Z (/opt/texlive/texdir/texmf-dist/tex/latex/varwidth/varwidth.sty)
2026-02-08T13:51:29.3996637Z ==> First Aid for varwidth.sty applied!
2026-02-08T13:51:29.4102896Z ) (./sty/componentes/eps-telecom.sty
2026-02-08T13:51:29.4103619Z (/opt/texlive/texdir/texmf-dist/tex/generic/pgfplots/libs/tikzlibrarypgfplots.s
2026-02-08T13:51:29.4153176Z mithchart.code.tex)
2026-02-08T13:51:29.4173483Z (/opt/texlive/texdir/texmf-dist/tex/latex/circuitikz/circuitikz.sty
2026-02-08T13:51:29.4174188Z (/opt/texlive/texdir/texmf-dist/tex/generic/pgf/libraries/pgflibraryarrows.meta
2026-02-08T13:51:29.4642210Z .code.tex)
2026-02-08T13:51:29.4642816Z (/opt/texlive/texdir/texmf-dist/tex/generic/pgf/frontendlayer/tikz/libraries/ti
2026-02-08T13:51:29.4646413Z kzlibrarybending.code.tex
2026-02-08T13:51:29.4647056Z (/opt/texlive/texdir/texmf-dist/tex/generic/pgf/modules/pgfmodulebending.code.t
2026-02-08T13:51:29.4650819Z ex
2026-02-08T13:51:29.4651464Z (/opt/texlive/texdir/texmf-dist/tex/generic/pgf/modules/pgfmodulenonlineartrans
2026-02-08T13:51:29.4670447Z formations.code.tex)
2026-02-08T13:51:29.4702593Z (/opt/texlive/texdir/texmf-dist/tex/generic/pgf/libraries/pgflibrarycurvilinear
2026-02-08T13:51:29.4703269Z .code.tex)))
2026-02-08T13:51:29.4703846Z (/opt/texlive/texdir/texmf-dist/tex/generic/pgf/frontendlayer/tikz/libraries/ti
2026-02-08T13:51:29.4716181Z kzlibraryfpu.code.tex)
2026-02-08T13:51:29.4856985Z (/opt/texlive/texdir/texmf-dist/tex/generic/circuitikz/pgfcirc.defines.tex)
2026-02-08T13:51:29.4865284Z (/opt/texlive/texdir/texmf-dist/tex/generic/circuitikz/pgfcircutils.tex)
2026-02-08T13:51:29.4897851Z (/opt/texlive/texdir/texmf-dist/tex/generic/circuitikz/pgfcircpath.tex)
2026-02-08T13:51:29.4931521Z (/opt/texlive/texdir/texmf-dist/tex/generic/circuitikz/pgfcircshapes.tex)
2026-02-08T13:51:29.4981720Z (/opt/texlive/texdir/texmf-dist/tex/generic/circuitikz/pgfcircmonopoles.tex)
2026-02-08T13:51:29.5688384Z (/opt/texlive/texdir/texmf-dist/tex/generic/circuitikz/pgfcircbipoles.tex)
2026-02-08T13:51:29.6240509Z (/opt/texlive/texdir/texmf-dist/tex/generic/circuitikz/pgfcirctripoles.tex)
2026-02-08T13:51:29.6420279Z (/opt/texlive/texdir/texmf-dist/tex/generic/circuitikz/pgfcircquadpoles.tex)
2026-02-08T13:51:29.6518471Z (/opt/texlive/texdir/texmf-dist/tex/generic/circuitikz/pgfcircmultipoles.tex)
2026-02-08T13:51:29.6543498Z (/opt/texlive/texdir/texmf-dist/tex/generic/circuitikz/pgfcirclabel.tex)
2026-02-08T13:51:29.6575125Z (/opt/texlive/texdir/texmf-dist/tex/generic/circuitikz/pgfcircvoltage.tex)
2026-02-08T13:51:29.6591895Z (/opt/texlive/texdir/texmf-dist/tex/generic/circuitikz/pgfcirccurrent.tex)
2026-02-08T13:51:29.6642018Z (/opt/texlive/texdir/texmf-dist/tex/generic/circuitikz/pgfcircflow.tex))
2026-02-08T13:51:29.6845613Z (/opt/texlive/texdir/texmf-dist/tex/latex/siunitx/siunitx.sty
2026-02-08T13:51:29.7566144Z (/opt/texlive/texdir/texmf-dist/tex/latex/translations/translations.sty)))
2026-02-08T13:51:29.7583086Z (./sty/componentes/eps-arquitectura.sty
2026-02-08T13:51:29.7606000Z (/opt/texlive/texdir/texmf-dist/tex/latex/pgfgantt/pgfgantt.sty
2026-02-08T13:51:29.7621912Z (/opt/texlive/texdir/texmf-dist/tex/latex/pgf/utilities/pgfcalendar.sty
2026-02-08T13:51:29.7639961Z (/opt/texlive/texdir/texmf-dist/tex/generic/pgf/utilities/pgfcalendar.code.tex)
2026-02-08T13:51:29.7782051Z )) (/opt/texlive/texdir/texmf-dist/tex/latex/eurosym/eurosym.sty))
2026-02-08T13:51:29.7803878Z (./sty/componentes/eps-quimica.sty
2026-02-08T13:51:29.7810024Z (/opt/texlive/texdir/texmf-dist/tex/generic/chemfig/chemfig.sty
2026-02-08T13:51:29.7815031Z (/opt/texlive/texdir/texmf-dist/tex/generic/chemfig/chemfig.tex
2026-02-08T13:51:29.7931624Z (/opt/texlive/texdir/texmf-dist/tex/generic/simplekv/simplekv.tex)))
2026-02-08T13:51:29.7970178Z (/opt/texlive/texdir/texmf-dist/tex/latex/chemmacros/chemmacros.sty
2026-02-08T13:51:29.7970669Z Loading the chemmacros module `base' ...
2026-02-08T13:51:29.8004277Z Loading the chemmacros module `errorcheck' ...
2026-02-08T13:51:29.8023490Z Loading the chemmacros module `lang' ...
2026-02-08T13:51:29.8056882Z Loading the chemmacros module `greek' ...
2026-02-08T13:51:29.8492526Z (/opt/texlive/texdir/texmf-dist/tex/latex/chemgreek/chemgreek.sty)
2026-02-08T13:51:29.8493838Z Loading the chemmacros module `formula' ...
2026-02-08T13:51:29.8507854Z Loading the chemmacros module `charges' ...
2026-02-08T13:51:29.8540783Z Loading the chemmacros module `acid-base' ...
2026-02-08T13:51:29.8565563Z Loading the chemmacros module `symbols' ...
2026-02-08T13:51:29.8573332Z Loading the chemmacros module `particles' ...
2026-02-08T13:51:29.8602381Z Loading the chemmacros module `phases' ...
2026-02-08T13:51:29.8624987Z Loading the chemmacros module `nomenclature' ...
2026-02-08T13:51:29.8727436Z Loading the chemmacros module `tikz' ...
2026-02-08T13:51:29.8742060Z Loading the chemmacros module `isotopes' ...
2026-02-08T13:51:29.8820079Z (/opt/texlive/texdir/texmf-dist/tex/latex/elements/elements.sty)
2026-02-08T13:51:29.8820544Z Loading the chemmacros module `mechanisms' ...
2026-02-08T13:51:29.8831763Z Loading the chemmacros module `newman' ...
2026-02-08T13:51:29.8842606Z Loading the chemmacros module `orbital' ...
2026-02-08T13:51:29.8861790Z Loading the chemmacros module `polymers' ...
2026-02-08T13:51:29.8932173Z Loading the chemmacros module `reactions' ...
2026-02-08T13:51:29.8988203Z Loading the chemmacros module `redox' ...
2026-02-08T13:51:29.9047104Z (/opt/texlive/texdir/texmf-dist/tex/latex/relsize/relsize.sty)
2026-02-08T13:51:29.9048351Z Loading the chemmacros module `xfrac' ...
2026-02-08T13:51:29.9564742Z (/opt/texlive/texdir/texmf-dist/tex/latex/xfrac/xfrac.sty)
2026-02-08T13:51:29.9565482Z Loading the chemmacros module `scheme' ...
2026-02-08T13:51:29.9614002Z (/opt/texlive/texdir/texmf-dist/tex/latex/chemnum/chemnum.sty
2026-02-08T13:51:29.9757282Z (/opt/texlive/texdir/texmf-dist/tex/latex/psfrag/psfrag.sty))
2026-02-08T13:51:29.9757892Z ==> First Aid for chemnum.sty applied!
2026-02-08T13:51:29.9793949Z Loading the chemmacros module `spectroscopy' ...
2026-02-08T13:51:29.9867060Z Loading the chemmacros module `thermodynamics' ...
2026-02-08T13:51:29.9914602Z Loading the chemmacros module `units' ...
2026-02-08T13:51:29.9934003Z Loading the chemmacros module `reactants' ...
2026-02-08T13:51:29.9999551Z Loading the chemmacros module `translations' ...
2026-02-08T13:51:30.0427871Z ) (/opt/texlive/texdir/texmf-dist/tex/latex/chemformula/chemformula.sty))
2026-02-08T13:51:30.0625391Z (./sty/componentes/eps-geologia.sty) (./sty/componentes/eps-prevencion.sty))
2026-02-08T13:51:30.0625968Z 
2026-02-08T13:51:30.0626450Z Package glossaries Warning: can't automake `main': main.glo doesn't exist. Reru
2026-02-08T13:51:30.0626957Z n may be required on input line 60.
2026-02-08T13:51:30.0627160Z 
2026-02-08T13:51:30.0640685Z 
2026-02-08T13:51:30.0641018Z Package glossaries Warning: can't automake `acronym': main.acn doesn't exist. R
2026-02-08T13:51:30.0641725Z erun may be required on input line 60.
2026-02-08T13:51:30.0641936Z 
2026-02-08T13:51:30.2397203Z (./contenido/anexos/acronimos.tex)
2026-02-08T13:51:30.2484545Z (/opt/texlive/texdir/texmf-dist/tex/lualatex/luamml/luamml.sty
2026-02-08T13:51:30.2508656Z (/opt/texlive/texdir/texmf-dist/tex/lualatex/luamml/luamml-patches-kernel.sty)
2026-02-08T13:51:30.2515453Z (/opt/texlive/texdir/texmf-dist/tex/lualatex/luamml/luamml-patches-amsmath.sty)
2026-02-08T13:51:30.2627093Z ) (/opt/texlive/texdir/texmf-dist/tex/latex/bookmark/bookmark.sty
2026-02-08T13:51:30.3835080Z (/opt/texlive/texdir/texmf-dist/tex/latex/bookmark/bkm-pdftex.def)) (./main.aux
2026-02-08T13:51:30.3903591Z )
2026-02-08T13:51:30.3904389Z Info: mathml file main-mathml does not exist
2026-02-08T13:51:30.3912418Z Info: mathml file main-luamml-mathml does not exist
2026-02-08T13:51:30.3929798Z 
2026-02-08T13:51:30.3939394Z Package scrbook Warning: Activated tagging detected but not supported!
2026-02-08T13:51:30.3940206Z (scrbook)                Note: This class currently does not actively support
2026-02-08T13:51:30.3940913Z (scrbook)                tagging. This means: Several elements will not be
2026-02-08T13:51:30.3941367Z (scrbook)                tagged correctly. We therefore currently suggest to
2026-02-08T13:51:30.3941753Z (scrbook)                not use tagging and i.e. use
2026-02-08T13:51:30.3942104Z (scrbook)                  \RequirePackage{pdfmetadata}
2026-02-08T13:51:30.3942487Z (scrbook)                  \SetKeys[document/metadata]{...}
2026-02-08T13:51:30.3942794Z (scrbook)                instead of
2026-02-08T13:51:30.3943067Z (scrbook)                  \DocumentMetadata{...}
2026-02-08T13:51:30.3943432Z (scrbook)                to avoid automatic activation of tagging.
2026-02-08T13:51:30.3943682Z 
2026-02-08T13:51:30.3967009Z *geometry* driver: auto-detecting
2026-02-08T13:51:30.3967389Z *geometry* detected driver: luatex
2026-02-08T13:51:30.3989250Z (/opt/texlive/texdir/texmf-dist/tex/context/base/mkii/supp-pdf.mkii
2026-02-08T13:51:30.3989946Z [Loading MPS to PDF converter (version 2006.09.02).]
2026-02-08T13:51:30.4062449Z ) (/opt/texlive/texdir/texmf-dist/tex/latex/epstopdf-pkg/epstopdf-base.sty
2026-02-08T13:51:30.4440106Z (/opt/texlive/texdir/texmf-dist/tex/latex/latexconfig/epstopdf-sys.cfg))
2026-02-08T13:51:30.4449012Z (/opt/texlive/texdir/texmf-dist/tex/latex/biblatex-apa/american-apa.lbx
2026-02-08T13:51:30.4459211Z (/opt/texlive/texdir/texmf-dist/tex/latex/biblatex/lbx/american.lbx
2026-02-08T13:51:30.4467781Z (/opt/texlive/texdir/texmf-dist/tex/latex/biblatex-apa/english-apa.lbx
2026-02-08T13:51:30.4660576Z (/opt/texlive/texdir/texmf-dist/tex/latex/biblatex/lbx/english.lbx)))
2026-02-08T13:51:30.4669359Z (/opt/texlive/texdir/texmf-dist/tex/latex/biblatex/lbx/american.lbx
2026-02-08T13:51:30.4712471Z (/opt/texlive/texdir/texmf-dist/tex/latex/biblatex-apa/english-apa.lbx
2026-02-08T13:51:30.4719975Z (/opt/texlive/texdir/texmf-dist/tex/latex/biblatex/lbx/american.lbx
2026-02-08T13:51:30.5391631Z (/opt/texlive/texdir/texmf-dist/tex/latex/biblatex/lbx/english.lbx)))))
2026-02-08T13:51:30.5400530Z (/opt/texlive/texdir/texmf-dist/tex/latex/biblatex-apa/catalan-apa.lbx
2026-02-08T13:51:30.5458645Z (/opt/texlive/texdir/texmf-dist/tex/latex/biblatex/lbx/catalan.lbx)
2026-02-08T13:51:30.6022115Z (/opt/texlive/texdir/texmf-dist/tex/latex/biblatex/lbx/catalan.lbx))
2026-02-08T13:51:30.6028215Z (/opt/texlive/texdir/texmf-dist/tex/latex/biblatex-apa/spanish-apa.lbx
2026-02-08T13:51:30.6085280Z (/opt/texlive/texdir/texmf-dist/tex/latex/biblatex/lbx/spanish.lbx)
2026-02-08T13:51:30.7053858Z (/opt/texlive/texdir/texmf-dist/tex/latex/biblatex/lbx/spanish.lbx))
2026-02-08T13:51:30.7054519Z No file main.bbl.
2026-02-08T13:51:30.7070220Z Package pgfplots notification 'compat/show suggested version=true': document ha
2026-02-08T13:51:30.7071150Z s been generated with the most recent feature set (\pgfplotsset{compat=1.18}).
2026-02-08T13:51:30.7071497Z 
2026-02-08T13:51:31.4059912Z (/opt/texlive/texdir/texmf-dist/tex/latex/amsfonts/umsa.fd)
2026-02-08T13:51:31.4130750Z (/opt/texlive/texdir/texmf-dist/tex/latex/amsfonts/umsb.fd)
2026-02-08T13:51:31.4162760Z (/opt/texlive/texdir/texmf-dist/tex/latex/jknapltx/ursfs.fd)
2026-02-08T13:51:31.4163114Z 
2026-02-08T13:51:31.4166662Z Package unicode-math Warning: Using \overbracket and \underbracket from
2026-02-08T13:51:31.4167623Z (unicode-math)                `mathtools' package.
2026-02-08T13:51:31.4168262Z (unicode-math)                 
2026-02-08T13:51:31.4168923Z (unicode-math)                 Use \Uoverbracket and \Uunderbracket for
2026-02-08T13:51:31.4169439Z (unicode-math)                original `unicode-math' definition.
2026-02-08T13:51:31.4169762Z 
2026-02-08T13:51:31.4172694Z 
2026-02-08T13:51:31.4177183Z Package unicode-math Warning: I'm going to overwrite the following commands
2026-02-08T13:51:31.4177982Z (unicode-math)                from the `mathtools' package: 
2026-02-08T13:51:31.4180791Z (unicode-math)                 
2026-02-08T13:51:31.4181333Z (unicode-math)                     \dblcolon, \coloneqq, \Coloneqq, \eqqcolon.
2026-02-08T13:51:31.4181720Z (unicode-math)                
2026-02-08T13:51:31.4181969Z (unicode-math)                 
2026-02-08T13:51:31.4182308Z (unicode-math)                 Note that since I won't overwrite the other
2026-02-08T13:51:31.4182786Z (unicode-math)                colon-like commands, using them will lead to
2026-02-08T13:51:31.4183191Z (unicode-math)                inconsistencies.
2026-02-08T13:51:31.4183413Z 
2026-02-08T13:51:31.4229478Z 
2026-02-08T13:51:31.4230042Z (/opt/texlive/texdir/texmf-dist/tex/latex/translations/translations-basic-dicti
2026-02-08T13:51:31.4299083Z onary-spanish.trsl)
2026-02-08T13:51:31.4299847Z (/opt/texlive/texdir/texmf-dist/tex/latex/translations/translations-basic-dicti
2026-02-08T13:51:31.4368026Z onary-english.trsl)
2026-02-08T13:51:31.4368644Z (/opt/texlive/texdir/texmf-dist/tex/latex/translations/translations-basic-dicti
2026-02-08T13:51:31.4398173Z onary-catalan.trsl)
2026-02-08T13:51:31.4398392Z 
2026-02-08T13:51:31.4398802Z Package translations Warning: file `translations-basic-dictionary-catalan.trsl'
2026-02-08T13:51:31.4399573Z  does not appear to be a dictionary on input line 66.
2026-02-08T13:51:31.4399934Z 
2026-02-08T13:51:31.4948336Z (/opt/texlive/texdir/texmf-dist/tex/latex/elements/elements_names_spanish.def)
2026-02-08T13:51:31.4948858Z 
2026-02-08T13:51:31.4950690Z Package tagpdf Info: luamml has been enabled and will create an MathML file.
2026-02-08T13:51:31.4951224Z 
2026-02-08T13:51:31.4981668Z 
2026-02-08T13:51:31.4984624Z Package tagpdf Warning: Alternative text for graphic is missing.
2026-02-08T13:51:31.4985383Z (tagpdf)                Using 'recursos/logos/universidad/LogoEPSBlanco.pdf'
2026-02-08T13:51:31.4985988Z (tagpdf)                instead.
2026-02-08T13:51:31.4986384Z 
2026-02-08T13:51:31.5040356Z 
2026-02-08T13:51:31.5043922Z Package tagpdf Warning: Parent-Child 'pdf:StructTreeRoot' --> 'pdf2:Div'.
2026-02-08T13:51:31.5044743Z (tagpdf)                Relation is not allowed! on line 74
2026-02-08T13:51:31.5045297Z (tagpdf)                struct 1, StructTreeRoot --> struct 6, Div
2026-02-08T13:51:31.5045647Z 
2026-02-08T13:51:31.5077410Z 
2026-02-08T13:51:31.5081899Z Package tagpdf Warning: Parent-Child 'pdf:StructTreeRoot' --> 'pdf2:Part'.
2026-02-08T13:51:31.5082465Z (tagpdf)                Relation is not allowed! on line 74
2026-02-08T13:51:31.5082894Z (tagpdf)                struct 6, Div --> struct 7, text-unit
2026-02-08T13:51:31.5083438Z 
2026-02-08T13:51:31.5096925Z 
2026-02-08T13:51:31.5101261Z Package tagpdf Warning: Parent-Child 'pdf:StructTreeRoot' --> 'pdf2:P'.
2026-02-08T13:51:31.5102018Z (tagpdf)                Relation is not allowed! on line 74
2026-02-08T13:51:31.5102632Z (tagpdf)                struct 7, text-unit --> struct 8, text
2026-02-08T13:51:31.5103036Z 
2026-02-08T13:51:31.5126499Z 
2026-02-08T13:51:31.5130165Z Package tagpdf Warning: Parent-Child 'pdf:StructTreeRoot' --> 'pdf2:P'.
2026-02-08T13:51:31.5130918Z (tagpdf)                Relation is not allowed! on line 74
2026-02-08T13:51:31.5131805Z (tagpdf)                struct 1, StructTreeRoot --> struct 9, text
2026-02-08T13:51:31.5132980Z 
2026-02-08T13:51:31.5148525Z 
2026-02-08T13:51:31.5152130Z Package tagpdf Warning: Parent-Child 'pdf2:P' --> 'pdf2:Part'.
2026-02-08T13:51:31.5152858Z (tagpdf)                Relation is not allowed! on line 74
2026-02-08T13:51:31.5153473Z (tagpdf)                struct 9, text --> struct 10, text-unit
2026-02-08T13:51:31.5153819Z 
2026-02-08T13:51:31.5167901Z 
2026-02-08T13:51:31.5171436Z Package tagpdf Warning: Parent-Child 'pdf2:P' --> 'pdf2:P'.
2026-02-08T13:51:31.5172289Z (tagpdf)                Relation is not allowed! on line 74
2026-02-08T13:51:31.5173171Z (tagpdf)                struct 10, text-unit --> struct 11, text
2026-02-08T13:51:31.5173525Z 
2026-02-08T13:51:31.5219010Z 
2026-02-08T13:51:31.5222408Z Package tagpdf Warning: Alternative text for graphic is missing.
2026-02-08T13:51:31.5223185Z (tagpdf)                Using 'recursos/logos/universidad/LogoEPSBlanco.pdf'
2026-02-08T13:51:31.5223654Z (tagpdf)                instead.
2026-02-08T13:51:31.5223888Z 
2026-02-08T13:51:31.5314846Z 
2026-02-08T13:51:31.5318095Z Package tagpdf Warning: Alternative text for graphic is missing.
2026-02-08T13:51:31.5319077Z (tagpdf)                Using 'recursos/logos/universidad/LogoUABlanco.pdf'
2026-02-08T13:51:31.5319830Z (tagpdf)                instead.
2026-02-08T13:51:31.5320141Z 
2026-02-08T13:51:31.5406900Z 
2026-02-08T13:51:31.5410896Z Package tagpdf Warning: Parent-Child 'pdf2:P' --> 'pdf2:Div'.
2026-02-08T13:51:31.5411728Z (tagpdf)                Relation is not allowed! on line 74
2026-02-08T13:51:31.5412383Z (tagpdf)                struct 10, text-unit --> struct 14, Div
2026-02-08T13:51:31.5412719Z 
2026-02-08T13:51:31.5425644Z 
2026-02-08T13:51:31.5429206Z Package tagpdf Warning: Parent-Child 'pdf2:P' --> 'pdf2:Part'.
2026-02-08T13:51:31.5430007Z (tagpdf)                Relation is not allowed! on line 74
2026-02-08T13:51:31.5430611Z (tagpdf)                struct 14, Div --> struct 15, text-unit
2026-02-08T13:51:31.5431013Z 
2026-02-08T13:51:31.5445265Z 
2026-02-08T13:51:31.5449466Z Package tagpdf Warning: Parent-Child 'pdf2:P' --> 'pdf2:P'.
2026-02-08T13:51:31.5450118Z (tagpdf)                Relation is not allowed! on line 74
2026-02-08T13:51:31.5451405Z (tagpdf)                struct 15, text-unit --> struct 16, text
2026-02-08T13:51:31.5451821Z 
2026-02-08T13:51:31.5477434Z 
2026-02-08T13:51:31.5481513Z Package tagpdf Warning: Parent-Child 'pdf2:P' --> 'pdf2:P'.
2026-02-08T13:51:31.5482571Z (tagpdf)                Relation is not allowed! on line 74
2026-02-08T13:51:31.5483017Z (tagpdf)                struct 10, text-unit --> struct 17, text
2026-02-08T13:51:31.5483313Z 
2026-02-08T13:51:31.5535940Z 
2026-02-08T13:51:31.5539947Z Package tagpdf Warning: Alternative text for graphic is missing.
2026-02-08T13:51:31.5540742Z (tagpdf)                Using
2026-02-08T13:51:31.5541440Z (tagpdf)                'recursos/logos/titulaciones/LogoTelecoBlanco.pdf'
2026-02-08T13:51:31.5542199Z (tagpdf)                instead.
2026-02-08T13:51:31.5542422Z 
2026-02-08T13:51:31.5630397Z 
2026-02-08T13:51:31.5634105Z Package tagpdf Warning: Parent-Child 'pdf2:P' --> 'pdf2:Div'.
2026-02-08T13:51:31.5634973Z (tagpdf)                Relation is not allowed! on line 74
2026-02-08T13:51:31.5635435Z (tagpdf)                struct 10, text-unit --> struct 19, Div
2026-02-08T13:51:31.5635783Z 
2026-02-08T13:51:31.5649457Z 
2026-02-08T13:51:31.5653879Z Package tagpdf Warning: Parent-Child 'pdf2:P' --> 'pdf2:Part'.
2026-02-08T13:51:31.5654463Z (tagpdf)                Relation is not allowed! on line 74
2026-02-08T13:51:31.5654873Z (tagpdf)                struct 19, Div --> struct 20, text-unit
2026-02-08T13:51:31.5655156Z 
2026-02-08T13:51:31.5668755Z 
2026-02-08T13:51:31.5671631Z Package tagpdf Warning: Parent-Child 'pdf2:P' --> 'pdf2:P'.
2026-02-08T13:51:31.5672491Z (tagpdf)                Relation is not allowed! on line 74
2026-02-08T13:51:31.5673327Z (tagpdf)                struct 20, text-unit --> struct 21, text
2026-02-08T13:51:31.5673715Z 
2026-02-08T13:51:31.5723798Z 
2026-02-08T13:51:31.5728608Z Package tagpdf Warning: Parent-Child 'pdf2:P' --> 'pdf2:P'.
2026-02-08T13:51:31.5729403Z (tagpdf)                Relation is not allowed! on line 74
2026-02-08T13:51:31.5729861Z (tagpdf)                struct 10, text-unit --> struct 22, text
2026-02-08T13:51:31.5730157Z 
2026-02-08T13:51:31.8422294Z [1
2026-02-08T13:51:31.8441161Z Non-PDF special ignored!{/opt/texlive/texdir/texmf-var/fonts/map/pdftex/updmap/
2026-02-08T13:51:31.9044743Z pdftex.map}<./recursos/logos/universidad/LogoEPSBlanco.pdf><./recursos/logos/un
2026-02-08T13:51:31.9049538Z iversidad/LogoUABlanco.pdf><./recursos/logos/titulaciones/LogoTelecoBlanco.pdf>
2026-02-08T13:51:31.9178595Z ] [2]
2026-02-08T13:51:31.9178809Z 
2026-02-08T13:51:31.9181821Z Package tagpdf Warning: Parent-Child 'pdf2:P' --> 'pdf2:Part'.
2026-02-08T13:51:31.9182568Z (tagpdf)                Relation is not allowed! on line 74
2026-02-08T13:51:31.9183195Z (tagpdf)                struct 9, text --> struct 23, text-unit
2026-02-08T13:51:31.9183618Z 
2026-02-08T13:51:31.9199326Z 
2026-02-08T13:51:31.9202767Z Package tagpdf Warning: Parent-Child 'pdf2:P' --> 'pdf2:P'.
2026-02-08T13:51:31.9204131Z (tagpdf)                Relation is not allowed! on line 74
2026-02-08T13:51:31.9204938Z (tagpdf)                struct 23, text-unit --> struct 24, text
2026-02-08T13:51:31.9205228Z 
2026-02-08T13:51:31.9221614Z 
2026-02-08T13:51:31.9224846Z Package tagpdf Warning: Parent-Child 'pdf2:P' --> 'pdf2:Div'.
2026-02-08T13:51:31.9225729Z (tagpdf)                Relation is not allowed! on line 74
2026-02-08T13:51:31.9226535Z (tagpdf)                struct 23, text-unit --> struct 25, Div
2026-02-08T13:51:31.9226939Z 
2026-02-08T13:51:32.0828945Z 
2026-02-08T13:51:32.0831817Z Package tagpdf Warning: Parent-Child 'pdf2:P' --> 'pdf2:Part'.
2026-02-08T13:51:32.0832440Z (tagpdf)                Relation is not allowed! on line 74
2026-02-08T13:51:32.0833015Z (tagpdf)                struct 25, Div --> struct 26, text-unit
2026-02-08T13:51:32.0833400Z 
2026-02-08T13:51:32.0850489Z 
2026-02-08T13:51:32.0853131Z Package tagpdf Warning: Parent-Child 'pdf2:P' --> 'pdf2:P'.
2026-02-08T13:51:32.0854296Z (tagpdf)                Relation is not allowed! on line 74
2026-02-08T13:51:32.0855024Z (tagpdf)                struct 26, text-unit --> struct 27, text
2026-02-08T13:51:32.0855297Z 
2026-02-08T13:51:32.0880649Z 
2026-02-08T13:51:32.0884597Z Package tagpdf Warning: Parent-Child 'pdf2:P' --> 'pdf2:Part'.
2026-02-08T13:51:32.0885276Z (tagpdf)                Relation is not allowed! on line 74
2026-02-08T13:51:32.0885884Z (tagpdf)                struct 25, Div --> struct 28, text-unit
2026-02-08T13:51:32.0886437Z 
2026-02-08T13:51:32.0901339Z 
2026-02-08T13:51:32.0904932Z Package tagpdf Warning: Parent-Child 'pdf2:P' --> 'pdf2:P'.
2026-02-08T13:51:32.0905634Z (tagpdf)                Relation is not allowed! on line 74
2026-02-08T13:51:32.0906441Z (tagpdf)                struct 28, text-unit --> struct 29, text
2026-02-08T13:51:32.0906864Z 
2026-02-08T13:51:32.1599679Z 
2026-02-08T13:51:32.1602006Z Package tagpdf Warning: Parent-Child 'pdf2:P' --> 'pdf2:Part'.
2026-02-08T13:51:32.1603716Z (tagpdf)                Relation is not allowed! on line 74
2026-02-08T13:51:32.1604327Z (tagpdf)                struct 25, Div --> struct 30, text-unit
2026-02-08T13:51:32.1604705Z 
2026-02-08T13:51:32.1618994Z 
2026-02-08T13:51:32.1621827Z Package tagpdf Warning: Parent-Child 'pdf2:P' --> 'pdf2:P'.
2026-02-08T13:51:32.1623278Z (tagpdf)                Relation is not allowed! on line 74
2026-02-08T13:51:32.1623896Z (tagpdf)                struct 30, text-unit --> struct 31, text
2026-02-08T13:51:32.1624309Z 
2026-02-08T13:51:32.1646931Z 
2026-02-08T13:51:32.1650539Z Package tagpdf Warning: Parent-Child 'pdf2:P' --> 'pdf2:P'.
2026-02-08T13:51:32.1651195Z (tagpdf)                Relation is not allowed! on line 74
2026-02-08T13:51:32.1653775Z (tagpdf)                struct 23, text-unit --> struct 32, text
2026-02-08T13:51:32.1654196Z 
2026-02-08T13:51:32.1671083Z 
2026-02-08T13:51:32.1674410Z Package tagpdf Warning: Parent-Child 'pdf2:P' --> 'pdf2:Part'.
2026-02-08T13:51:32.1675071Z (tagpdf)                Relation is not allowed! on line 74
2026-02-08T13:51:32.1675664Z (tagpdf)                struct 9, text --> struct 33, text-unit
2026-02-08T13:51:32.1677964Z 
2026-02-08T13:51:32.1691435Z 
2026-02-08T13:51:32.1695168Z Package tagpdf Warning: Parent-Child 'pdf2:P' --> 'pdf2:P'.
2026-02-08T13:51:32.1695825Z (tagpdf)                Relation is not allowed! on line 74
2026-02-08T13:51:32.1696611Z (tagpdf)                struct 33, text-unit --> struct 34, text
2026-02-08T13:51:32.1697021Z 
2026-02-08T13:51:32.1712323Z 
2026-02-08T13:51:32.1716519Z Package tagpdf Warning: Parent-Child 'pdf2:P' --> 'pdf2:Div'.
2026-02-08T13:51:32.1717165Z (tagpdf)                Relation is not allowed! on line 74
2026-02-08T13:51:32.1717731Z (tagpdf)                struct 33, text-unit --> struct 35, Div
2026-02-08T13:51:32.1718113Z 
2026-02-08T13:51:32.1732566Z 
2026-02-08T13:51:32.1735979Z Package tagpdf Warning: Parent-Child 'pdf2:P' --> 'pdf2:Part'.
2026-02-08T13:51:32.1737211Z (tagpdf)                Relation is not allowed! on line 74
2026-02-08T13:51:32.1738183Z (tagpdf)                struct 35, Div --> struct 36, text-unit
2026-02-08T13:51:32.1738707Z 
2026-02-08T13:51:32.1751917Z 
2026-02-08T13:51:32.1756613Z Package tagpdf Warning: Parent-Child 'pdf2:P' --> 'pdf2:P'.
2026-02-08T13:51:32.1757298Z (tagpdf)                Relation is not allowed! on line 74
2026-02-08T13:51:32.1757898Z (tagpdf)                struct 36, text-unit --> struct 37, text
2026-02-08T13:51:32.1758290Z 
2026-02-08T13:51:32.1777675Z 
2026-02-08T13:51:32.1780938Z Package tagpdf Warning: Parent-Child 'pdf2:P' --> 'pdf2:Part'.
2026-02-08T13:51:32.1782756Z (tagpdf)                Relation is not allowed! on line 74
2026-02-08T13:51:32.1783375Z (tagpdf)                struct 35, Div --> struct 38, text-unit
2026-02-08T13:51:32.1783760Z 
2026-02-08T13:51:32.1797276Z 
2026-02-08T13:51:32.1801514Z Package tagpdf Warning: Parent-Child 'pdf2:P' --> 'pdf2:P'.
2026-02-08T13:51:32.1802309Z (tagpdf)                Relation is not allowed! on line 74
2026-02-08T13:51:32.1802897Z (tagpdf)                struct 38, text-unit --> struct 39, text
2026-02-08T13:51:32.1803293Z 
2026-02-08T13:51:32.1822828Z 
2026-02-08T13:51:32.1826380Z Package tagpdf Warning: Parent-Child 'pdf2:P' --> 'pdf2:Part'.
2026-02-08T13:51:32.1827124Z (tagpdf)                Relation is not allowed! on line 74
2026-02-08T13:51:32.1827704Z (tagpdf)                struct 35, Div --> struct 40, text-unit
2026-02-08T13:51:32.1828094Z 
2026-02-08T13:51:32.1842427Z 
2026-02-08T13:51:32.1846106Z Package tagpdf Warning: Parent-Child 'pdf2:P' --> 'pdf2:P'.
2026-02-08T13:51:32.1848197Z (tagpdf)                Relation is not allowed! on line 74
2026-02-08T13:51:32.1848820Z (tagpdf)                struct 40, text-unit --> struct 41, text
2026-02-08T13:51:32.1849226Z 
2026-02-08T13:51:32.1869242Z 
2026-02-08T13:51:32.1872510Z Package tagpdf Warning: Parent-Child 'pdf2:P' --> 'pdf2:Part'.
2026-02-08T13:51:32.1873737Z (tagpdf)                Relation is not allowed! on line 74
2026-02-08T13:51:32.1874641Z (tagpdf)                struct 35, Div --> struct 42, text-unit
2026-02-08T13:51:32.1875106Z 
2026-02-08T13:51:32.1889025Z 
2026-02-08T13:51:32.1893336Z Package tagpdf Warning: Parent-Child 'pdf2:P' --> 'pdf2:P'.
2026-02-08T13:51:32.1894117Z (tagpdf)                Relation is not allowed! on line 74
2026-02-08T13:51:32.1894980Z (tagpdf)                struct 42, text-unit --> struct 43, text
2026-02-08T13:51:32.1895378Z 
2026-02-08T13:51:32.1915768Z 
2026-02-08T13:51:32.1919501Z Package tagpdf Warning: Parent-Child 'pdf2:P' --> 'pdf2:Part'.
2026-02-08T13:51:32.1920172Z (tagpdf)                Relation is not allowed! on line 74
2026-02-08T13:51:32.1920778Z (tagpdf)                struct 35, Div --> struct 44, text-unit
2026-02-08T13:51:32.1922486Z 
2026-02-08T13:51:32.1935663Z 
2026-02-08T13:51:32.1939299Z Package tagpdf Warning: Parent-Child 'pdf2:P' --> 'pdf2:P'.
2026-02-08T13:51:32.1939944Z (tagpdf)                Relation is not allowed! on line 74
2026-02-08T13:51:32.1940550Z (tagpdf)                struct 44, text-unit --> struct 45, text
2026-02-08T13:51:32.1941990Z 
2026-02-08T13:51:32.2674715Z 
2026-02-08T13:51:32.2677947Z Package tagpdf Warning: Parent-Child 'pdf2:P' --> 'pdf2:P'.
2026-02-08T13:51:32.2678678Z (tagpdf)                Relation is not allowed! on line 74
2026-02-08T13:51:32.2679302Z (tagpdf)                struct 33, text-unit --> struct 46, text
2026-02-08T13:51:32.2679569Z 
2026-02-08T13:51:32.2697530Z 
2026-02-08T13:51:32.2701062Z Package tagpdf Warning: Parent-Child 'pdf2:P' --> 'pdf2:Part'.
2026-02-08T13:51:32.2702427Z (tagpdf)                Relation is not allowed! on line 74
2026-02-08T13:51:32.2702861Z (tagpdf)                struct 9, text --> struct 47, text-unit
2026-02-08T13:51:32.2703127Z 
2026-02-08T13:51:32.2717700Z 
2026-02-08T13:51:32.2720916Z Package tagpdf Warning: Parent-Child 'pdf2:P' --> 'pdf2:P'.
2026-02-08T13:51:32.2722247Z (tagpdf)                Relation is not allowed! on line 74
2026-02-08T13:51:32.2722865Z (tagpdf)                struct 47, text-unit --> struct 48, text
2026-02-08T13:51:32.2723258Z 
2026-02-08T13:51:32.2738647Z 
2026-02-08T13:51:32.2742630Z Package tagpdf Warning: Parent-Child 'pdf2:P' --> 'pdf2:Div'.
2026-02-08T13:51:32.2743281Z (tagpdf)                Relation is not allowed! on line 74
2026-02-08T13:51:32.2743833Z (tagpdf)                struct 47, text-unit --> struct 49, Div
2026-02-08T13:51:32.2744203Z 
2026-02-08T13:51:32.2761099Z 
2026-02-08T13:51:32.2764817Z Package tagpdf Warning: Parent-Child 'pdf2:P' --> 'pdf2:Part'.
2026-02-08T13:51:32.2765661Z (tagpdf)                Relation is not allowed! on line 74
2026-02-08T13:51:32.2766094Z (tagpdf)                struct 49, Div --> struct 50, text-unit
2026-02-08T13:51:32.2766627Z 
2026-02-08T13:51:32.2780282Z 
2026-02-08T13:51:32.2783145Z Package tagpdf Warning: Parent-Child 'pdf2:P' --> 'pdf2:P'.
2026-02-08T13:51:32.2783799Z (tagpdf)                Relation is not allowed! on line 74
2026-02-08T13:51:32.2784408Z (tagpdf)                struct 50, text-unit --> struct 51, text
2026-02-08T13:51:32.2784843Z 
2026-02-08T13:51:32.2806742Z 
2026-02-08T13:51:32.2810777Z Package tagpdf Warning: Alternative text for graphic is missing.
2026-02-08T13:51:32.2811361Z (tagpdf)                Using
2026-02-08T13:51:32.2811879Z (tagpdf)                'recursos/logos/titulaciones/LogoTelecoNegro.pdf'
2026-02-08T13:51:32.2812461Z (tagpdf)                instead.
2026-02-08T13:51:32.2812710Z 
2026-02-08T13:51:32.2872828Z 
2026-02-08T13:51:32.2877083Z Package tagpdf Warning: Parent-Child 'pdf2:P' --> 'pdf2:P'.
2026-02-08T13:51:32.2877763Z (tagpdf)                Relation is not allowed! on line 74
2026-02-08T13:51:32.2878366Z (tagpdf)                struct 50, text-unit --> struct 53, text
2026-02-08T13:51:32.2878760Z 
2026-02-08T13:51:32.2900367Z 
2026-02-08T13:51:32.2903846Z Package tagpdf Warning: Parent-Child 'pdf2:P' --> 'pdf2:P'.
2026-02-08T13:51:32.2904861Z (tagpdf)                Relation is not allowed! on line 74
2026-02-08T13:51:32.2905470Z (tagpdf)                struct 50, text-unit --> struct 54, text
2026-02-08T13:51:32.2905862Z 
2026-02-08T13:51:32.2920638Z 
2026-02-08T13:51:32.2923954Z Package tagpdf Warning: Parent-Child 'pdf2:P' --> 'pdf2:Div'.
2026-02-08T13:51:32.2924681Z (tagpdf)                Relation is not allowed! on line 74
2026-02-08T13:51:32.2925558Z (tagpdf)                struct 50, text-unit --> struct 55, Div
2026-02-08T13:51:32.2925835Z 
2026-02-08T13:51:32.2939706Z 
2026-02-08T13:51:32.2942766Z Package tagpdf Warning: Parent-Child 'pdf2:P' --> 'pdf2:Part'.
2026-02-08T13:51:32.2944443Z (tagpdf)                Relation is not allowed! on line 74
2026-02-08T13:51:32.2945067Z (tagpdf)                struct 55, Div --> struct 56, text-unit
2026-02-08T13:51:32.2945455Z 
2026-02-08T13:51:32.2959122Z 
2026-02-08T13:51:32.2962760Z Package tagpdf Warning: Parent-Child 'pdf2:P' --> 'pdf2:P'.
2026-02-08T13:51:32.2963519Z (tagpdf)                Relation is not allowed! on line 74
2026-02-08T13:51:32.2964232Z (tagpdf)                struct 56, text-unit --> struct 57, text
2026-02-08T13:51:32.2964621Z 
2026-02-08T13:51:32.2983915Z 
2026-02-08T13:51:32.2987239Z Package tagpdf Warning: Alternative text for graphic is missing.
2026-02-08T13:51:32.2987995Z (tagpdf)                Using 'recursos/logos/universidad/LogoEPSNegro.pdf'
2026-02-08T13:51:32.2988710Z (tagpdf)                instead.
2026-02-08T13:51:32.2989017Z 
2026-02-08T13:51:32.3045022Z 
2026-02-08T13:51:32.3049494Z Package tagpdf Warning: Parent-Child 'pdf2:P' --> 'pdf2:P'.
2026-02-08T13:51:32.3050074Z (tagpdf)                Relation is not allowed! on line 74
2026-02-08T13:51:32.3057886Z (tagpdf)                struct 50, text-unit --> struct 59, text
2026-02-08T13:51:32.3058157Z 
2026-02-08T13:51:32.3065575Z 
2026-02-08T13:51:32.3069459Z Package tagpdf Warning: Parent-Child 'pdf2:P' --> 'pdf2:Div'.
2026-02-08T13:51:32.3070115Z (tagpdf)                Relation is not allowed! on line 74
2026-02-08T13:51:32.3070726Z (tagpdf)                struct 50, text-unit --> struct 60, Div
2026-02-08T13:51:32.3070959Z 
2026-02-08T13:51:32.3084528Z 
2026-02-08T13:51:32.3087943Z Package tagpdf Warning: Parent-Child 'pdf2:P' --> 'pdf2:Part'.
2026-02-08T13:51:32.3088650Z (tagpdf)                Relation is not allowed! on line 74
2026-02-08T13:51:32.3089352Z (tagpdf)                struct 60, Div --> struct 61, text-unit
2026-02-08T13:51:32.3089685Z 
2026-02-08T13:51:32.3103762Z 
2026-02-08T13:51:32.3107605Z Package tagpdf Warning: Parent-Child 'pdf2:P' --> 'pdf2:P'.
2026-02-08T13:51:32.3108400Z (tagpdf)                Relation is not allowed! on line 74
2026-02-08T13:51:32.3109031Z (tagpdf)                struct 61, text-unit --> struct 62, text
2026-02-08T13:51:32.3109436Z 
2026-02-08T13:51:32.3128224Z 
2026-02-08T13:51:32.3132181Z Package tagpdf Warning: Alternative text for graphic is missing.
2026-02-08T13:51:32.3133125Z (tagpdf)                Using 'recursos/logos/universidad/LogoUANegro.pdf'
2026-02-08T13:51:32.3133725Z (tagpdf)                instead.
2026-02-08T13:51:32.3133994Z 
2026-02-08T13:51:32.3189753Z 
2026-02-08T13:51:32.3192695Z Package tagpdf Warning: Parent-Child 'pdf2:P' --> 'pdf2:P'.
2026-02-08T13:51:32.3194027Z (tagpdf)                Relation is not allowed! on line 74
2026-02-08T13:51:32.3194860Z (tagpdf)                struct 50, text-unit --> struct 64, text
2026-02-08T13:51:32.3195286Z 
2026-02-08T13:51:32.3246700Z 
2026-02-08T13:51:32.3249782Z Package tagpdf Warning: Parent-Child 'pdf2:P' --> 'pdf2:Part'.
2026-02-08T13:51:32.3250478Z (tagpdf)                Relation is not allowed! on line 74
2026-02-08T13:51:32.3251101Z (tagpdf)                struct 49, Div --> struct 65, text-unit
2026-02-08T13:51:32.3251503Z 
2026-02-08T13:51:32.3267295Z 
2026-02-08T13:51:32.3270674Z Package tagpdf Warning: Parent-Child 'pdf2:P' --> 'pdf2:P'.
2026-02-08T13:51:32.3271315Z (tagpdf)                Relation is not allowed! on line 74
2026-02-08T13:51:32.3271914Z (tagpdf)                struct 65, text-unit --> struct 66, text
2026-02-08T13:51:32.3272693Z 
2026-02-08T13:51:32.3292895Z 
2026-02-08T13:51:32.3295647Z Package tagpdf Warning: Parent-Child 'pdf2:P' --> 'pdf2:P'.
2026-02-08T13:51:32.3297537Z (tagpdf)                Relation is not allowed! on line 74
2026-02-08T13:51:32.3298139Z (tagpdf)                struct 47, text-unit --> struct 67, text
2026-02-08T13:51:32.3298529Z 
2026-02-08T13:51:32.3411655Z [3<./recursos/logos/titulaciones/LogoTelecoNegro.pdf><./recursos/logos/universi
2026-02-08T13:51:32.3427964Z dad/LogoEPSNegro.pdf><./recursos/logos/universidad/LogoUANegro.pdf>]
2026-02-08T13:51:32.3445200Z (./contenido/frontmatter/preliminares.tex
2026-02-08T13:51:32.3445492Z 
2026-02-08T13:51:32.3449476Z Package tagpdf Warning: Parent-Child 'pdf2:P' --> 'pdf2:Part'.
2026-02-08T13:51:32.3450338Z (tagpdf)                Relation is not allowed! on line 11
2026-02-08T13:51:32.3451132Z (tagpdf)                struct 9, text --> struct 68, text-unit
2026-02-08T13:51:32.3451571Z 
2026-02-08T13:51:32.3466881Z 
2026-02-08T13:51:32.3470666Z Package tagpdf Warning: Parent-Child 'pdf2:P' --> 'pdf2:P'.
2026-02-08T13:51:32.3471323Z (tagpdf)                Relation is not allowed! on line 12
2026-02-08T13:51:32.3472885Z (tagpdf)                struct 68, text-unit --> struct 69, text
2026-02-08T13:51:32.3473301Z 
2026-02-08T13:51:32.3598390Z [4]
2026-02-08T13:51:32.3598823Z 
2026-02-08T13:51:32.3601445Z Package tagpdf Warning: Parent-Child 'pdf2:P' --> 'pdf2:Sect'.
2026-02-08T13:51:32.3602597Z (tagpdf)                Relation is not allowed! on line 20
2026-02-08T13:51:32.3603448Z (tagpdf)                struct 9, text --> struct 70, Sect
2026-02-08T13:51:32.3604450Z 
2026-02-08T13:51:32.5798527Z [5] [6]
2026-02-08T13:51:32.5798770Z 
2026-02-08T13:51:32.5801357Z Package tagpdf Warning: Parent-Child 'pdf2:P' --> 'pdf2:Sect'.
2026-02-08T13:51:32.5802771Z (tagpdf)                Relation is not allowed! on line 34
2026-02-08T13:51:32.5803498Z (tagpdf)                struct 9, text --> struct 79, Sect
2026-02-08T13:51:32.5803765Z 
2026-02-08T13:51:32.6676151Z [7] [8]
2026-02-08T13:51:32.6676648Z 
2026-02-08T13:51:32.6679688Z Package tagpdf Warning: Parent-Child 'pdf2:P' --> 'pdf2:Sect'.
2026-02-08T13:51:32.6680364Z (tagpdf)                Relation is not allowed! on line 58
2026-02-08T13:51:32.6680844Z (tagpdf)                struct 9, text --> struct 120, Sect
2026-02-08T13:51:32.6681143Z 
2026-02-08T13:51:32.7553199Z [9] [10])
2026-02-08T13:51:32.7553432Z 
2026-02-08T13:51:32.7556479Z Package tagpdf Warning: Parent-Child 'pdf2:P' --> 'pdf2:Sect'.
2026-02-08T13:51:32.7559033Z (tagpdf)                Relation is not allowed! on line 80
2026-02-08T13:51:32.7559664Z (tagpdf)                struct 9, text --> struct 161, Sect
2026-02-08T13:51:32.7560042Z 
2026-02-08T13:51:32.7632030Z No file main.toc.
2026-02-08T13:51:32.7915843Z [11] [12]
2026-02-08T13:51:32.7916053Z 
2026-02-08T13:51:32.7920236Z Package tagpdf Warning: Parent-Child 'pdf2:P' --> 'pdf2:Sect'.
2026-02-08T13:51:32.7920914Z (tagpdf)                Relation is not allowed! on line 81
2026-02-08T13:51:32.7921394Z (tagpdf)                struct 9, text --> struct 165, Sect
2026-02-08T13:51:32.7921636Z 
2026-02-08T13:51:32.7993297Z No file main.lof.
2026-02-08T13:51:32.8276168Z [13] [14]
2026-02-08T13:51:32.8276491Z 
2026-02-08T13:51:32.8279269Z Package tagpdf Warning: Parent-Child 'pdf2:P' --> 'pdf2:Sect'.
2026-02-08T13:51:32.8279944Z (tagpdf)                Relation is not allowed! on line 82
2026-02-08T13:51:32.8280588Z (tagpdf)                struct 9, text --> struct 169, Sect
2026-02-08T13:51:32.8280973Z 
2026-02-08T13:51:32.8351731Z No file main.lot.
2026-02-08T13:51:32.8630574Z [15] [16]
2026-02-08T13:51:32.8630782Z 
2026-02-08T13:51:32.8633666Z Package tagpdf Warning: Parent-Child 'pdf2:P' --> 'pdf2:Sect'.
2026-02-08T13:51:32.8634854Z (tagpdf)                Relation is not allowed! on line 83
2026-02-08T13:51:32.8635458Z (tagpdf)                struct 9, text --> struct 173, Sect
2026-02-08T13:51:32.8635834Z 
2026-02-08T13:51:32.8717678Z No file main.lol.
2026-02-08T13:51:32.9057762Z [17] [18] (./contenido/capitulos/introduccion.tex
2026-02-08T13:51:32.9058196Z 
2026-02-08T13:51:32.9061350Z Package tagpdf Warning: Parent-Child 'pdf2:P' --> 'pdf2:Sect'.
2026-02-08T13:51:32.9061810Z (tagpdf)                Relation is not allowed! on line 1
2026-02-08T13:51:32.9062191Z (tagpdf)                struct 9, text --> struct 177, Sect
2026-02-08T13:51:32.9062430Z 
2026-02-08T13:51:32.9093046Z chapter 1.
2026-02-08T13:51:33.5042767Z [1] [2]
2026-02-08T13:51:33.5043016Z 
2026-02-08T13:51:33.5043394Z LaTeX Warning: Citation 'latex2024' on page 3 undefined on input line 113.
2026-02-08T13:51:33.5043915Z 
2026-02-08T13:51:33.5068685Z 
2026-02-08T13:51:33.5069060Z LaTeX Warning: Citation '' on page 3 undefined on input line 113.
2026-02-08T13:51:33.5069533Z 
2026-02-08T13:51:33.5223792Z 
2026-02-08T13:51:33.5224434Z LaTeX Warning: Citation 'latex2024' on page 3 undefined on input line 114.
2026-02-08T13:51:33.5224968Z 
2026-02-08T13:51:33.5339266Z 
2026-02-08T13:51:33.5339794Z LaTeX Warning: Citation 'latex2024' on page 3 undefined on input line 115.
2026-02-08T13:51:33.5340335Z 
2026-02-08T13:51:33.5346166Z 
2026-02-08T13:51:33.5346813Z LaTeX Warning: Citation 'overleaf2024' on page 3 undefined on input line 115.
2026-02-08T13:51:33.5347392Z 
2026-02-08T13:51:33.9571675Z [3] [4]
2026-02-08T13:51:33.9572145Z 
2026-02-08T13:51:33.9572929Z ./contenido/capitulos/introduccion.tex:235: Package block Error: Some keys spec
2026-02-08T13:51:33.9574636Z ified on the itemize environment are
2026-02-08T13:51:33.9575208Z (block)                unknown.
2026-02-08T13:51:33.9575548Z 
2026-02-08T13:51:33.9575760Z For immediate help type H <return>.
2026-02-08T13:51:33.9577102Z  ...                                              
2026-02-08T13:51:33.9577701Z                                                   
2026-02-08T13:51:33.9578047Z l.235     \item U
2026-02-08T13:51:33.9579314Z                  sa claves descriptivas: \texttt{apellidoAñoPalabra} (ej: \...
2026-02-08T13:51:33.9579795Z 
2026-02-08T13:51:33.9579903Z  14863 words of node memory still in use:
2026-02-08T13:51:33.9580353Z    123 hlist, 20 vlist, 91 rule, 83 disc, 21 local_par, 2 dir, 4 math, 309 glue
2026-02-08T13:51:33.9581212Z , 45 kern, 65 penalty, 639 glyph, 1270 attribute, 180 glue_spec, 439 attribute_
2026-02-08T13:51:33.9582037Z list, 1 temp, 1 shape, 6 write, 2 save_pos, 16 pdf_literal, 4 pdf_dest, 29 pdf_
2026-02-08T13:51:33.9582791Z colorstack, 1 pdf_setmatrix, 1 pdf_save, 1 pdf_restore nodes
2026-02-08T13:51:33.9583499Z    avail lists: 1:3,2:1982,3:1060,4:66,5:219,6:111,7:4387,8:1,9:413,10:10,11:56
2026-02-08T13:51:33.9584050Z 0,12:1
2026-02-08T13:51:33.9584593Z ./contenido/capitulos/introduccion.tex:235:  ==> Fatal error occurred, no outpu
2026-02-08T13:51:33.9585861Z t PDF file produced!SyncTeX written on main.synctex.gz.
2026-02-08T13:51:33.9586418Z 
2026-02-08T13:51:33.9586575Z Transcript written on main.log.
2026-02-08T13:51:34.0781045Z Latexmk: Getting log file 'main.log'
2026-02-08T13:51:34.0854350Z Latexmk: Examining 'main.fls'
2026-02-08T13:51:34.0952281Z Latexmk: Examining 'main.log'
2026-02-08T13:51:34.3204175Z Latexmk: Missing bbl file 'main.bbl' in following:
2026-02-08T13:51:34.3204860Z  No file main.bbl.
2026-02-08T13:51:34.3621436Z Latexmk: Missing input file 'main.toc' message in .log file:
2026-02-08T13:51:34.3622195Z   No file main.toc.
2026-02-08T13:51:34.3629175Z Latexmk: Missing input file 'main.lof' message in .log file:
2026-02-08T13:51:34.3629626Z   No file main.lof.
2026-02-08T13:51:34.3635643Z Latexmk: Missing input file 'main.lot' message in .log file:
2026-02-08T13:51:34.3636046Z   No file main.lot.
2026-02-08T13:51:34.3643835Z Latexmk: Missing input file 'main.lol' message in .log file:
2026-02-08T13:51:34.3644299Z   No file main.lol.
2026-02-08T13:51:34.3836389Z Latexmk: Using biber to make bibliography file(s).
2026-02-08T13:51:34.3849949Z Latexmk: Incomplete (and hence corrupt) bcf file 'main.bcf'
2026-02-08T13:51:34.3851014Z Latexmk: Bibliography file(s) from .bcf file:
2026-02-08T13:51:34.3851483Z   referencias.bib
2026-02-08T13:51:34.3851793Z Sources for biber
2026-02-08T13:51:34.3852105Z   referencias.bib
2026-02-08T13:51:34.3852624Z   main.bcf
2026-02-08T13:51:34.3853642Z Latexmk: ========== Incomplete .bcf file 'main.bcf'.
2026-02-08T13:51:34.3854657Z   I'll rename the file to 'main.bcf-SAVE-ERROR'.
2026-02-08T13:51:34.3855260Z   I'll rename the bbl file to 'main.bbl-SAVE-ERROR',
2026-02-08T13:51:34.3856446Z   in case the incomplete bcf file was a result of error in
2026-02-08T13:51:34.3857050Z   'lualatex' caused by an error in the bbl file.
2026-02-08T13:51:34.5046754Z Latexmk: Summary of warnings from last run of *latex:
2026-02-08T13:51:34.5047405Z   Latex failed to resolve 5 citation(s)
2026-02-08T13:51:34.5047910Z Latexmk: Errors, so I did not complete making targets
2026-02-08T13:51:34.5048472Z Collected error summary (may duplicate other messages):
2026-02-08T13:51:34.5049033Z   lualatex: Command for 'lualatex' gave return code 1
2026-02-08T13:51:34.5049583Z       Refer to 'main.log' and/or above output for details
2026-02-08T13:51:34.5049941Z 
2026-02-08T13:51:34.5051513Z Latexmk: Sometimes, the -f option can be used to get latexmk
2026-02-08T13:51:34.5052075Z   to try to force complete processing.
2026-02-08T13:51:34.5052628Z   But normally, you will need to correct the file(s) that caused the
2026-02-08T13:51:34.5053161Z   error, and then rerun latexmk.
2026-02-08T13:51:34.5053679Z   In some cases, it is best to clean out generated files before rerunning
2026-02-08T13:51:34.5054272Z   latexmk after you've corrected the files.
2026-02-08T13:51:35.4005936Z ##[error]Process completed with exit code 12.
2026-02-08T13:51:35.4106940Z ##[group]Run actions/upload-artifact@v6
2026-02-08T13:51:35.4107247Z with:
2026-02-08T13:51:35.4107424Z   name: build-logs
2026-02-08T13:51:35.4107606Z   path: *.log
*.blg

2026-02-08T13:51:35.4107799Z   retention-days: 7
2026-02-08T13:51:35.4107983Z   if-no-files-found: warn
2026-02-08T13:51:35.4108191Z   compression-level: 6
2026-02-08T13:51:35.4108381Z   overwrite: false
2026-02-08T13:51:35.4108562Z   include-hidden-files: false
2026-02-08T13:51:35.4108768Z env:
2026-02-08T13:51:35.4108917Z   TEXLIVE_VERSION: 2025
2026-02-08T13:51:35.4109108Z ##[endgroup]
2026-02-08T13:51:35.5648624Z With the provided path, there will be 1 file uploaded
2026-02-08T13:51:35.5654177Z Artifact name is valid!
2026-02-08T13:51:35.5655147Z Root directory input is valid!
2026-02-08T13:51:35.6498444Z Beginning upload of artifact content to blob storage
2026-02-08T13:51:35.7445502Z Uploaded bytes 35958
2026-02-08T13:51:35.7649226Z Finished uploading artifact content to blob storage!
2026-02-08T13:51:35.7650321Z SHA256 digest of uploaded artifact zip is 73c082645948b4267a55b46b67ed8658c0efe3d89946ddee6f4efd457f791a63
2026-02-08T13:51:35.7652386Z Finalizing artifact upload
2026-02-08T13:51:35.8504947Z Artifact build-logs.zip successfully finalized. Artifact ID 5422741070
2026-02-08T13:51:35.8506164Z Artifact build-logs has been successfully uploaded! Final size is 35958 bytes. Artifact ID is 5422741070
2026-02-08T13:51:35.8509970Z Artifact download URL: https://github.com/jmrplens/TFG-TFM_EPS/actions/runs/21799238979/artifacts/5422741070
2026-02-08T13:51:35.8673215Z Post job cleanup.
2026-02-08T13:51:35.9463926Z [command]/usr/bin/git version
2026-02-08T13:51:35.9501868Z git version 2.52.0
2026-02-08T13:51:35.9542862Z Temporarily overriding HOME='/home/runner/work/_temp/f7ae7331-d173-47f5-87d9-71bac8abdd82' before making global git config changes
2026-02-08T13:51:35.9543914Z Adding repository directory to the temporary git global config as a safe directory
2026-02-08T13:51:35.9549199Z [command]/usr/bin/git config --global --add safe.directory /home/runner/work/TFG-TFM_EPS/TFG-TFM_EPS
2026-02-08T13:51:35.9585141Z Removing SSH command configuration
2026-02-08T13:51:35.9592806Z [command]/usr/bin/git config --local --name-only --get-regexp core\.sshCommand
2026-02-08T13:51:35.9633034Z [command]/usr/bin/git submodule foreach --recursive sh -c "git config --local --name-only --get-regexp 'core\.sshCommand' && git config --local --unset-all 'core.sshCommand' || :"
2026-02-08T13:51:35.9888536Z Removing HTTP extra header
2026-02-08T13:51:35.9896099Z [command]/usr/bin/git config --local --name-only --get-regexp http\.https\:\/\/github\.com\/\.extraheader
2026-02-08T13:51:35.9940124Z [command]/usr/bin/git submodule foreach --recursive sh -c "git config --local --name-only --get-regexp 'http\.https\:\/\/github\.com\/\.extraheader' && git config --local --unset-all 'http.https://github.com/.extraheader' || :"
2026-02-08T13:51:36.0189058Z Removing includeIf entries pointing to credentials config files
2026-02-08T13:51:36.0196755Z [command]/usr/bin/git config --local --name-only --get-regexp ^includeIf\.gitdir:
2026-02-08T13:51:36.0222475Z includeif.gitdir:/home/runner/work/TFG-TFM_EPS/TFG-TFM_EPS/.git.path
2026-02-08T13:51:36.0223735Z includeif.gitdir:/home/runner/work/TFG-TFM_EPS/TFG-TFM_EPS/.git/worktrees/*.path
2026-02-08T13:51:36.0225731Z includeif.gitdir:/github/workspace/.git.path
2026-02-08T13:51:36.0227733Z includeif.gitdir:/github/workspace/.git/worktrees/*.path
2026-02-08T13:51:36.0234834Z [command]/usr/bin/git config --local --get-all includeif.gitdir:/home/runner/work/TFG-TFM_EPS/TFG-TFM_EPS/.git.path
2026-02-08T13:51:36.0258131Z /home/runner/work/_temp/git-credentials-4133d704-c985-4198-bc92-814bf06e35c7.config
2026-02-08T13:51:36.0269155Z [command]/usr/bin/git config --local --unset includeif.gitdir:/home/runner/work/TFG-TFM_EPS/TFG-TFM_EPS/.git.path /home/runner/work/_temp/git-credentials-4133d704-c985-4198-bc92-814bf06e35c7.config
2026-02-08T13:51:36.0307335Z [command]/usr/bin/git config --local --get-all includeif.gitdir:/home/runner/work/TFG-TFM_EPS/TFG-TFM_EPS/.git/worktrees/*.path
2026-02-08T13:51:36.0331475Z /home/runner/work/_temp/git-credentials-4133d704-c985-4198-bc92-814bf06e35c7.config
2026-02-08T13:51:36.0342480Z [command]/usr/bin/git config --local --unset includeif.gitdir:/home/runner/work/TFG-TFM_EPS/TFG-TFM_EPS/.git/worktrees/*.path /home/runner/work/_temp/git-credentials-4133d704-c985-4198-bc92-814bf06e35c7.config
2026-02-08T13:51:36.0376916Z [command]/usr/bin/git config --local --get-all includeif.gitdir:/github/workspace/.git.path
2026-02-08T13:51:36.0400514Z /github/runner_temp/git-credentials-4133d704-c985-4198-bc92-814bf06e35c7.config
2026-02-08T13:51:36.0410299Z [command]/usr/bin/git config --local --unset includeif.gitdir:/github/workspace/.git.path /github/runner_temp/git-credentials-4133d704-c985-4198-bc92-814bf06e35c7.config
2026-02-08T13:51:36.0444157Z [command]/usr/bin/git config --local --get-all includeif.gitdir:/github/workspace/.git/worktrees/*.path
2026-02-08T13:51:36.0469313Z /github/runner_temp/git-credentials-4133d704-c985-4198-bc92-814bf06e35c7.config
2026-02-08T13:51:36.0476643Z [command]/usr/bin/git config --local --unset includeif.gitdir:/github/workspace/.git/worktrees/*.path /github/runner_temp/git-credentials-4133d704-c985-4198-bc92-814bf06e35c7.config
2026-02-08T13:51:36.0514636Z [command]/usr/bin/git submodule foreach --recursive git config --local --show-origin --name-only --get-regexp remote.origin.url
2026-02-08T13:51:36.0763715Z Removing credentials config '/home/runner/work/_temp/git-credentials-4133d704-c985-4198-bc92-814bf06e35c7.config'
2026-02-08T13:51:36.0897358Z Cleaning up orphan processes
